 --invoking executable--
/home/asmola/.local/bin/xjoda


   *************************************************************************
         <<<     CCCCCC     CCCCCC   |||     CCCCCC     CCCCCC   >>>
       <<<      CCC        CCC       |||    CCC        CCC         >>>
      <<<      CCC        CCC        |||   CCC        CCC            >>>
    <<<        CCC        CCC        |||   CCC        CCC              >>>
      <<<      CCC        CCC        |||   CCC        CCC            >>>
       <<<      CCC        CCC       |||    CCC        CCC         >>>
         <<<     CCCCCC     CCCCCC   |||     CCCCCC     CCCCCC   >>>
   *************************************************************************

     ****************************************************************
     * CFOUR Coupled-Cluster techniques for Computational Chemistry *
     ****************************************************************
 

   Department of Chemistry                Institut fuer Physikalische Chemie
   University of Florida                  Universitaet Mainz
   Gainesville, FL 32611, USA             D-55099 Mainz, Germany

   Department of Chemistry                Fakultaet fuer Chemie und Biowiss.
   Johns Hopkins University               Karlsruher Institut fuer Technologie
   Baltimore, MD 21218, USA               D-76131 Karlsruhe, Germany

   Department of Chemistry                Department of Physical Chemistry
   Southern Methodist University          Eotvos Lorand University
   Dallas, TX 75275, USA                  H-1053 Budapest, Hungary

 
                       Version 2.1
 
                     vincent.theory.phys.ucl.ac.uk                     
                     Wed 30 Jul 10:50:09 BST 2025                      
                     integer*8 version is running
 
********************************************************************************
*                          Input from ZMAT file                                *
********************************************************************************
Methanol CCSDT/aug-cc-pVTZ                                                      
C                                                                               
O 1 rco                                                                         
H 2 roh 1 acoh                                                                  
H 1 rch1 2 aoch1 3 ahh1                                                         
H 1 rch2 2 aoch2 3 ahh2                                                         
H 1 rch3 2 aoch3 3 ahh3                                                         
                                                                                
rco=1.4296                                                                      
roh=0.95887                                                                     
rch1=1.192294                                                                   
rch2=1.092294                                                                   
rch3=1.092294                                                                   
acoh=107.9812                                                                   
aoch1=110.6646                                                                  
aoch2=110.6646                                                                  
aoch3=110.6646                                                                  
ahh1=60.00                                                                      
ahh2=180.00                                                                     
ahh3=300.00                                                                     
                                                                                
                                                                                
*CFOUR(CALC=CCSDT,BASIS=AUG-PVTZ,SCF_CONV=10                                    
CC_CONV=10,FROZEN_CORE=ON,MEMORY=5000000000)                                    
********************************************************************************
    -------------------------------------------------------------------
                    CFOUR Control Parameters 
    -------------------------------------------------------------------
        External           Internal           Value            Units
          Name               Name
    -------------------------------------------------------------------
       ABCDTYPE             IABCDT         STANDARD    [  0]    ***   
       ANHARMONIC           IANHAR         OFF         [  0]    ***   
       ANH_ALGORIT          IANALG         STANDARD    [  0]    ***   
       ANH_DERIVAT          IANDER         SECOND      [  1]    ***   
       ANH_MODE             ANHMOD         VIBRATION   [  0]    ***   
       ANH_STEPSIZ          ICUBST             50000          x 10-6  
       ANH_SYMMETR          IANHSM         ABELIAN     [  0]    ***   
       AO_LADDERS           IAOLAD         SINGLEPASS  [  1]    ***   
       AV_SCF               IAVSCF         OFF         [  0]    ***   
       BASIS                IBASIS         AUG-PVTZ    [ 34]    ***   
       BOTHVECTORS          BOTHVC         OFF         [  0]    ***   
       BOX_POTENT           IPIAB          OFF         [  0]    ***   
       BREIT                IBREIT         OFF         [  0]    ***   
       BRUCK_CONV           IBRTOL          10D-  4             ***   
       BRUECKNER            IBRKNR         OFF         [  0]    ***   
       BUFFERSIZE           IBUFFS              4096            ***   
       CACHE_RECS           ICHREC             10               ***   
       CALCLEVEL            ICLLVL         CCSDT       [ 18]    ***   
       CCORBOPT             ICCORB         OFF         [  0]  x 0.01  
       CC_CONV              ICCCNV          10D- 10             ***   
       CC_EXPORDER          ICCEOR              5               ***   
       CC_EXTRAPOL          ICCEXT         DIIS        [  1]    ***   
       CC_GUESS             ICCGES         MP2         [  0]    ***   
       CC_MAXCYC            ICCCYC            100              cycles 
       CC_PROGRAM           ICCPRO         VCC         [  0]    ***   
       CHARGE               ICHRGE              0               ***   
       CHOLESKY             ICHOLE         OFF         [  0]    ***   
       CIS_CONV             ICISTL              5               ***   
       COMM_SIZE            IPSIZE            ***               ***   
       CONSTANT             ICONST         OLD         [  1]    ***   
       CONTINUUM            ICONTU         NONE        [  0]    ***   
       CONTRACTION          ICNTYP         GENERAL     [  1]    ***   
       COORDINATES          ICOORD         INTERNAL    [  0]    ***   
       CPHF_CONVER          ICPHFT          10D- 16             ***   
       CPHF_MAXCYC          ICPHFC             64              cycles 
       CUBIC                ICUBIC         OFF         [  0]    ***   
       CURVILINEAR          ICURVY         OFF         [  0]    ***   
       DBOC                 IDBOC          OFF         [  0]    ***   
       DCT                  IDCT           OFF         [  0]    ***   
       DERIV_LEV            IDRLVL         ZERO        [  0]    ***   
       DEVMEM_SIZE          IDVMEM          50000000           MByte  
       DIAG_MRCC            IEOMST          10D-  0             ***   
       DIFF_TYPE            IDIFTY         RELAXED     [  0]    ***   
       DIRECT               IDIRCT         OFF         [  0]    ***   
       DROPMO               IDRPMO      NONE         
       ECP                  IECP           OFF         [  0]    ***   
       EIGENVECTOR          IVEC                1               ***   
       EL_ANHARM            IELANH         OFF         [  0]    ***   
       EOMFOLLOW            IEOMSR         ENERGY      [  0]    ***   
       EOMIP                IEOMIP         OFF         [  0]    ***   
       EOMLEVEL             HBARFM         SAME        [  0]    ***   
       EOM_MRCC             IMRCCE         NEW         [  1]    ***   
       EOM_NONIT            EOMNON         OFF         [  0]    ***   
       EOM_NSING            IEOMSI          10D-  0             ***   
       EOM_NSTATES          IMRCCD         DAVIDSON    [  0]    ***   
       EOM_NTRIP            IEOMTR          10D-  0             ***   
       EOM_ORDER            IEXORD         ENERGY      [  0]    ***   
       EOM_PROPSTA          IEOMST              0               ***   
       ESTATE_CONV          IEXTOL          10D-  5             ***   
       ESTATE_DIAG          IEXDIG         ITERATIVE   [  0]    ***   
       ESTATE_LOCK          IESLOC         ON          [  1]    ***   
       ESTATE_MAXC          IEXMXC             40               ***   
       ESTATE_PROP          IEXPRP         OFF         [  0]    ***   
       EVAL_HESS            IRECAL              0            # of cyc.
       EXCITATION           IEXCIT              0               ***   
       EXCITE               IEXCIT         NONE        [  0]    ***   
       EXTERN_POT           IEXPOT         OFF         [  0]    ***   
       FCGRADNEW            IFCGNW         OFF         [  0]    ***   
       FC_FIELD             IFINFC              0             x 10-6  
       FD_CALTYPE           IFDCAL         GRADONLY    [  0]    ***   
       FD_PROJECT           IFDPRJ         OFF         [  1]    ***   
       FD_STEPSIZE          IDISFD              0            10-4 bohr
       FD_USEGROUP          IFDGRP         FULL        [  0]    ***   
       FILE_RECSIZ          IFLREC              4096           words  
       FINITE_PERT          IFIPER              0             x 10-6  
       FIXGEOM              IFIXGM         OFF         [  0]    ***   
       FOCK                 IFOCK          AO          [  1]    ***   
       FREQ_ALGORI          IVIALG         STANDARD    [  0]    ***   
       FROZEN_CORE          IFROCO         ON          [  1]    ***   
       GAMMA_ABCD           IGABCD         STORE       [  0]    ***   
       GAMMA_ABCI           IGABCI         STORE       [  0]    ***   
       GENBAS_1             IGNBS1              0               ***   
       GENBAS_2             IGNBS2              0               ***   
       GENBAS_3             IGNBS3              0               ***   
       GENBAS_4             IGNBS4              0               ***   
       GEO_CONV             ICONTL              5              H/bohr 
       GEO_MAXCYC           IOPTCY             50               ***   
       GEO_MAXSTEP          IMXSTP            300            millibohr
       GEO_METHOD           INR            SINGLE_POINT[  5]    ***   
       GIAO                 IGIAO          OFF         [  1]    ***   
       GIMIC                IGIMIC         OFF         [  0]    ***   
       GRID                 IGRID          OFF         [  0]    ***   
       GRID_ALGO            IGALGO         SERIAL      [  0]    ***   
       GUESS                IGUESS         MOREAD      [  0]    ***   
       HBAR                 IHBAR          OFF         [  0]    ***   
       HESS_TYPE            IHESTP         SCF         [  0]    ***   
       HF2_FILE             IHF2Fl         USE         [  1]    ***   
       HFSTABILITY          ISTABL         OFF         [  0]    ***   
       INCORE               INCORE         OFF         [  0]    ***   
       INPUT_MRCC           IMRCC          ON          [  1]    ***   
       INTEGRALS            INTTYP         VMOL        [  1]    ***   
       JODA_PRINT           IJPRNT              0               ***   
       KEYWORD_OUT          IDMPKW         NO          [  0]    ***   
       LINDEP_TOL           ILINDP              8               ***   
       LINEQ_CONV           IZTACN          10D-  7           cycles  
       LINEQ_EXPOR          ILMAXD              5               ***   
       LINEQ_MAXCY          ILMAXC            100               ***   
       LINEQ_TYPE           ILTYPE         DIIS        [  1]    ***   
       LOCK_ORBOCC          ILOCOC         OFF         [  0]    ***   
       MEMORY_SIZE          IMEMSZ         *********           words  
       MEM_UNIT             IMEMU          INTEGERWORDS[  0]    ***   
       MRCC                 IMRCCC         OFF         [  0]    ***   
       MULTIPLICTY          IMULTP              1               ***   
       NACOUPLING           IVCOUP         OFF         [  0]    ***   
       NEGEVAL              IDIE           ABORT       [  0]    ***   
       NEWNORM              INEWNO         OFF         [  0]    ***   
       NON-HF               INONHF         OFF         [  0]    ***   
       NTOP_TAMP            ITOPT2             15               ***   
       NUC_MODEL            INUCMO         POINT       [  0]    ***   
       OCCUPATION           IOCCU   ESTIMATED BY SCF 
       OPEN-SHELL           IOPEN          SPIN-ORBITAL[  0]    ***   
       OPTVIB               IOPTVB         OFF         [  0]    ***   
       ORBITALS             IORBTP         STANDARD    [  0]    ***   
       PARALLEL             IPARAL         ON          [  1]    ***   
       PARA_INT             IPINTS         ON          [  1]    ***   
       PARA_PRINT           IPPRIN              0               ***   
       PERT_ORB             IPTORB         STANDARD    [  0]    ***   
       POINTS               IGRDFD              0               ***   
       PRINT                IPRNT               0               ***   
       PROPS                IPROPS         OFF         [  0]    ***   
       PROP_INTEGR          IINTYP         INTERNAL    [  0]    ***   
       PSI                  IPSI           OFF         [  0]    ***   
       QC_ALG               IQCALG         FLM         [  0]    ***   
       QC_LINALG            IQCLIN         TRIDIAG     [  2]    ***   
       QC_MAXCYC            IQCMAX          10D-100           cycles  
       QC_MAXSCFCY          IQCMSC          10D- 15           cycles  
       QC_RTRUST            IQCRTR          10D-  0           x 10-3  
       QC_SKIPSCF           IQCSKI         OFF         [  0]    ***   
       QC_START             IQCSTA          10D-  1             ***   
       QRHFGUESS            IQGUES         OFF         [  0]    ***   
       QUARTIC              IQUART         OFF         [  0]    ***   
       RAMAN_INT            IRAMIN         OFF         [  0]    ***   
       RAMAN_ORB            IRAMRE         UNRELAXED   [  0]    ***   
       RDO                  IRDOFM         OFF         [  0]    ***   
       REDUCE_REPR          REDREP         Ir          [  0]    ***   
       REFERENCE            IREFNC         RHF         [  0]    ***   
       RELATIVIST           IRELAT         OFF         [  0]    ***   
       RELAX_DENS           IRDENS         OFF         [  0]    ***   
       RESET_FLAGS          IRESET         OFF         [  0]    ***   
       RESTART_CC           ICCRES         OFF         [  0]    ***   
       ROT_EVEC             ROTVEC              0               ***   
       SAVE_INTS            ISVINT         OFF         [  0]    ***   
       SCALE_ON             ISTCRT              0               ***   
       SCF_CONV             ISCFCV          10D- 10             ***   
       SCF_DAMPING          IDAMP               0             x 10-3  
       SCF_EXPORDE          IRPPOR              6               ***   
       SCF_EXPSTAR          IRPPLS              8               ***   
       SCF_EXTRAPO          IRPP           ON          [  1]    ***   
       SCF_MAXCYC           ISCFCY            150              cycles 
       SCF_NOSTOP           ISCFST         OFF         [  0]    ***   
       SCF_PRINT            ISCFPR              0               ***   
       SCF_PROG             ISCFPR         SCF         [  0]    ***   
       SD_FIELD             IFINSD              0             x 10-6  
       SOPERT               IPERSO         OFF         [  0]    ***   
       SPHERICAL            IDFGHI         ON          [  1]    ***   
       SPINORBIT            ISOCAL         OFF         [  0]    ***   
       SPINROTATIO          ISRCON         OFF         [  0]    ***   
       SPIN_FLIP            ISPFLP         OFF         [  0]    ***   
       SPIN_ORBIT           ISPORB         OFF         [  0]    ***   
       SPIN_SCAL            ISCSMP         OFF         [  0]    ***   
       STEEPSCALE           ISTPSC              1000          x 10-3  
       SUBGROUP             ISUBGP         DEFAULT     [  0]    ***   
       SUBGRPAXIS           ISBXYZ         X           [  0]    ***   
       SYMMETRY             ISYM           ON          [  0]    ***   
       SYM_CHECK            ISYMCK         OVERRIDE    [  1]    ***   
       T3_EXTRAPOL          IT3EXT         OFF         [  0]    ***   
       T4_EXTRAPOL          IT4EXP         OFF         [  0]    ***   
       TAMP_SUM             IEVERY              5               ***   
       TESTSUITE            ITESTS         OFF         [  0]    ***   
       THERMOCH             ITHERM         OFF         [  0]    ***   
       TOL_CHOLESK          ITOLCH          10D-  4             ***   
       TRANGRAD             IRESRM         OFF         [  0]    ***   
       TRANS_INV            ITRAIN         USE         [  0]    ***   
       TREAT_PERT           ITREAT         SIMULTANEOUS[  0]    ***   
       TRIP_ALGORI          ITRALG         NORMAL      [  0]    ***   
       UIJ_THRESHO          IUIJTH              1               ***   
       UNITS                IUNITS         ANGSTROM    [  0]    ***   
       UNOS                 IUNOS          OFF         [  0]    ***   
       UPDATE_HESS          IHUPDT         ON          [  1]    ***   
       VIBPHASE             ISETPH         STANDARD    [  0]    ***   
       VIBRATION            IVIB           NO          [  0]    ***   
       VIB_ALGORIT          IGEALG         STANDARD    [  0]    ***   
       VNATORB              IVNORB         OFF         [  0]    ***   
       VTRAN                IVTRAN         FULL/PARTIAL[  0]    ***   
       XFIELD               IXEFLD              0             x 10-6  
       XFORM_TOL            IXFTOL          10D- 11             ***   
       YFIELD               IYEFLD              0             x 10-6  
       ZFIELD               IZEFLD              0             x 10-6  
       ZSCALE_EXP           IZEXPS         OFF         [  0]    ***   
    -------------------------------------------------------------------
   6 entries found in Z-matrix 
   Job Title : Methanol CCSDT/aug-cc-pVTZ                                                      
   There are 12 unique internal coordinates.
   Of these,  0 will be optimized.
   User supplied Z-matrix: 
--------------------------------------------------------------------------------
       SYMBOL    BOND      LENGTH    ANGLE     ANGLE     DIHED     ANGLE
                  TO      (ANGST)    WRT      (DEG)      WRT      (DEG)
--------------------------------------------------------------------------------
        C    
        O          1         rco  
        H          2         roh        1        acoh 
        H          1         rch1       2        aoch1      3        ahh1 
        H          1         rch2       2        aoch2      3        ahh2 
        H          1         rch3       2        aoch3      3        ahh3 
                  *Initial values for internal coordinates* 
                      Name             Value
                        rco             1.4296000000
                        roh             0.9588700000
                        acoh          107.9812000000
                        rch1            1.1922940000
                        aoch1         110.6646000000
                        ahh1           60.0000000000
                        rch2            1.0922940000
                        aoch2         110.6646000000
                        ahh2          180.0000000000
                        rch3            1.0922940000
                        aoch3         110.6646000000
                        ahh3          300.0000000000
--------------------------------------------------------------------------------
   Rotational constants (in cm-1): 
          0.7834716268             0.8094796297             4.0864590964
   Rotational constants (in MHz): 
      23487.8917678308         24267.5921881334        122508.9788655851
********************************************************************************
   The full molecular point group is C1  .
   The largest Abelian subgroup of the full molecular point group is C1  .
   The computational point group is C1  .
********************************************************************************
--------------------------------------------------------------------------------
   Analysis of internal coordinates specified by Z-matrix 
--------------------------------------------------------------------------------
   *The nuclear repulsion energy is   39.815080105535820 a.u.
   *There are  12 degrees of freedom within the tot. symm. molecular subspace.
   *Z-matrix requests optimization of   0 coordinates.
   *The optimization is constrained.
   *The following  12 parameters can have non-zero 
    derivatives within the totally symmetric subspace:
             ahh2 [ 9]  ahh3 [12]  ahh1 [ 6]  aoch2[ 8]  aoch1[ 5]  aoch3[11]
             acoh [ 3]  rch1 [ 4]  rch3 [10]  rch2 [ 7]  roh  [ 2]  rco  [ 1]
   *The following   0 parameters are to be optimized:

   *The following coordinates must be varied in an  unconstrained optimization.
             ahh2 [ 9]  ahh3 [12]  ahh1 [ 6]  aoch2[ 8]  aoch1[ 5]  aoch3[11]
             acoh [ 3]  rch1 [ 4]  rch3 [10]  rch2 [ 7]  roh  [ 2]  rco  [ 1]
--------------------------------------------------------------------------------


 ----------------------------------------------------------------
         Coordinates used in calculation (QCOMP) 
 ----------------------------------------------------------------
 Z-matrix   Atomic            Coordinates (in bohr)
  Symbol    Number           X              Y              Z
 ----------------------------------------------------------------
     C         6        -1.38204392     0.01063450     0.01600322
     O         8         1.31600921    -0.12183908    -0.02072324
     H         1         1.96153391     1.55685855     0.19978442
     H         1        -2.13571742     1.33565174    -1.64315573
     H         1        -2.20687923    -1.86551343    -0.22971401
     H         1        -2.04919817     0.78005463     1.81143052
 ----------------------------------------------------------------
 
   Interatomic distance matrix (Angstroms) 
 
                 C             O             H             H             H    
                [ 1]        [ 2]        [ 3]        [ 4]        [ 5]
  C    [ 1]     0.00000
  O    [ 2]     1.42960     0.00000
  H    [ 3]     1.95180     0.95887     0.00000
  H    [ 4]     1.19229     2.16064     2.38029     0.00000
  H    [ 5]     1.09229     2.08302     2.86308     1.85215     0.00000
  H    [ 6]     1.09229     2.08302     2.32397     1.85215     1.77019
 
                 H    
                [ 6]
  H    [ 6]     0.00000
 rotcon2
   Rotational constants (in cm-1): 
          4.0864590964             0.8094796297             0.7834716268
   Rotational constants (in MHz): 
     122508.9788655851         24267.5921881334         23487.8917678307
  ECPDATA file not present.   Using default ECPDATA. 
  There are   2 frozen-core orbitals.
  There are  184 basis functions.
 @GEOPT-W, Archive file not created for single-point calculation.
 @CHECKOUT-I, Total execution time (CPU/WALL):        0.15/       0.19 seconds.
--executable xjoda finished with status     0 in        0.23 seconds (walltime).
 --invoking executable--
/home/asmola/.local/bin/xvmol
 SERIAL VERSION OF MOLECULE STARTED
********************************************************************************
                    INPUT FROM MOL FILE
********************************************************************************
INTGRL        1    0    1    0    0    0    0    0    0                         
         *** CFOUR Program System (Release V0.1) ***                            
Methanol CCSDT/aug-cc-pVTZ                                                      
    6    0            0.10E-08              0    0                              
   9999.00      3.00                                                            
          6.00000000    1    4    1    1    1    1                              
C #1  -1.382043924480103   0.010634501613278   0.016003223074670                
   11    5                                                                      
   8236.00000000000       5.310000000000000E-004 -1.130000000000000E-004        
  0.000000000000000E+000  0.000000000000000E+000  0.000000000000000E+000        
   1235.00000000000       4.108000000000000E-003 -8.780000000000000E-004        
  0.000000000000000E+000  0.000000000000000E+000  0.000000000000000E+000        
   280.800000000000       2.108700000000000E-002 -4.540000000000000E-003        
  0.000000000000000E+000  0.000000000000000E+000  0.000000000000000E+000        
   79.2700000000000       8.185300000000000E-002 -1.813300000000000E-002        
  0.000000000000000E+000  0.000000000000000E+000  0.000000000000000E+000        
   25.5900000000000       0.234817000000000      -5.576000000000000E-002        
  0.000000000000000E+000  0.000000000000000E+000  0.000000000000000E+000        
   8.99700000000000       0.434401000000000      -0.126895000000000             
  0.000000000000000E+000  0.000000000000000E+000  0.000000000000000E+000        
   3.31900000000000       0.346129000000000      -0.170352000000000             
  0.000000000000000E+000  0.000000000000000E+000  0.000000000000000E+000        
  0.905900000000000       3.937800000000000E-002  0.140382000000000             
   1.00000000000000       0.000000000000000E+000  0.000000000000000E+000        
  0.364300000000000      -8.983000000000000E-003  0.598684000000000             
  0.000000000000000E+000  0.000000000000000E+000  0.000000000000000E+000        
  0.128500000000000       2.385000000000000E-003  0.395389000000000             
  0.000000000000000E+000   1.00000000000000       0.000000000000000E+000        
  4.402000000000000E-002  0.000000000000000E+000  0.000000000000000E+000        
  0.000000000000000E+000  0.000000000000000E+000   1.00000000000000             
    6    4                                                                      
   18.7100000000000       1.403100000000000E-002  0.000000000000000E+000        
  0.000000000000000E+000  0.000000000000000E+000                                
   4.13300000000000       8.686600000000000E-002  0.000000000000000E+000        
  0.000000000000000E+000  0.000000000000000E+000                                
   1.20000000000000       0.290216000000000       0.000000000000000E+000        
  0.000000000000000E+000  0.000000000000000E+000                                
  0.382700000000000       0.501008000000000        1.00000000000000             
  0.000000000000000E+000  0.000000000000000E+000                                
  0.120900000000000       0.343406000000000       0.000000000000000E+000        
   1.00000000000000       0.000000000000000E+000                                
  3.569000000000000E-002  0.000000000000000E+000  0.000000000000000E+000        
  0.000000000000000E+000   1.00000000000000                                     
    3    3                                                                      
   1.09700000000000        1.00000000000000       0.000000000000000E+000        
  0.000000000000000E+000                                                        
  0.318000000000000       0.000000000000000E+000   1.00000000000000             
  0.000000000000000E+000                                                        
  0.100000000000000       0.000000000000000E+000  0.000000000000000E+000        
   1.00000000000000                                                             
    2    2                                                                      
  0.761000000000000        1.00000000000000       0.000000000000000E+000        
  0.268000000000000       0.000000000000000E+000   1.00000000000000             
          8.00000000    1    4    1    1    1    1                              
O #2   1.316009209061944  -0.121839083770769  -0.020723238569108                
   11    5                                                                      
   15330.0000000000       5.080000000000000E-004 -1.150000000000000E-004        
  0.000000000000000E+000  0.000000000000000E+000  0.000000000000000E+000        
   2299.00000000000       3.929000000000000E-003 -8.950000000000000E-004        
  0.000000000000000E+000  0.000000000000000E+000  0.000000000000000E+000        
   522.400000000000       2.024300000000000E-002 -4.636000000000000E-003        
  0.000000000000000E+000  0.000000000000000E+000  0.000000000000000E+000        
   147.300000000000       7.918100000000000E-002 -1.872400000000000E-002        
  0.000000000000000E+000  0.000000000000000E+000  0.000000000000000E+000        
   47.5500000000000       0.230687000000000      -5.846300000000000E-002        
  0.000000000000000E+000  0.000000000000000E+000  0.000000000000000E+000        
   16.7600000000000       0.433118000000000      -0.136463000000000             
  0.000000000000000E+000  0.000000000000000E+000  0.000000000000000E+000        
   6.20700000000000       0.350260000000000      -0.175740000000000             
  0.000000000000000E+000  0.000000000000000E+000  0.000000000000000E+000        
   1.75200000000000       4.272800000000000E-002  0.160934000000000             
   1.00000000000000       0.000000000000000E+000  0.000000000000000E+000        
  0.688200000000000      -8.154000000000000E-003  0.603418000000000             
  0.000000000000000E+000  0.000000000000000E+000  0.000000000000000E+000        
  0.238400000000000       2.381000000000000E-003  0.378765000000000             
  0.000000000000000E+000   1.00000000000000       0.000000000000000E+000        
  7.376000000000001E-002  0.000000000000000E+000  0.000000000000000E+000        
  0.000000000000000E+000  0.000000000000000E+000   1.00000000000000             
    6    4                                                                      
   34.4600000000000       1.592800000000000E-002  0.000000000000000E+000        
  0.000000000000000E+000  0.000000000000000E+000                                
   7.74900000000000       9.974000000000000E-002  0.000000000000000E+000        
  0.000000000000000E+000  0.000000000000000E+000                                
   2.28000000000000       0.310492000000000       0.000000000000000E+000        
  0.000000000000000E+000  0.000000000000000E+000                                
  0.715600000000000       0.491026000000000        1.00000000000000             
  0.000000000000000E+000  0.000000000000000E+000                                
  0.214000000000000       0.336337000000000       0.000000000000000E+000        
   1.00000000000000       0.000000000000000E+000                                
  5.974000000000000E-002  0.000000000000000E+000  0.000000000000000E+000        
  0.000000000000000E+000   1.00000000000000                                     
    3    3                                                                      
   2.31400000000000        1.00000000000000       0.000000000000000E+000        
  0.000000000000000E+000                                                        
  0.645000000000000       0.000000000000000E+000   1.00000000000000             
  0.000000000000000E+000                                                        
  0.214000000000000       0.000000000000000E+000  0.000000000000000E+000        
   1.00000000000000                                                             
    2    2                                                                      
   1.42800000000000        1.00000000000000       0.000000000000000E+000        
  0.500000000000000       0.000000000000000E+000   1.00000000000000             
          1.00000000    1    3    1    1    1                                   
H #3   1.961533908622408   1.556858546485556   0.199784416689699                
    6    4                                                                      
   33.8700000000000       6.068000000000000E-003  0.000000000000000E+000        
  0.000000000000000E+000  0.000000000000000E+000                                
   5.09500000000000       4.530800000000000E-002  0.000000000000000E+000        
  0.000000000000000E+000  0.000000000000000E+000                                
   1.15900000000000       0.202822000000000       0.000000000000000E+000        
  0.000000000000000E+000  0.000000000000000E+000                                
  0.325800000000000       0.503903000000000        1.00000000000000             
  0.000000000000000E+000  0.000000000000000E+000                                
  0.102700000000000       0.383421000000000       0.000000000000000E+000        
   1.00000000000000       0.000000000000000E+000                                
  2.526000000000000E-002  0.000000000000000E+000  0.000000000000000E+000        
  0.000000000000000E+000   1.00000000000000                                     
    3    3                                                                      
   1.40700000000000        1.00000000000000       0.000000000000000E+000        
  0.000000000000000E+000                                                        
  0.388000000000000       0.000000000000000E+000   1.00000000000000             
  0.000000000000000E+000                                                        
  0.102000000000000       0.000000000000000E+000  0.000000000000000E+000        
   1.00000000000000                                                             
    2    2                                                                      
   1.05700000000000        1.00000000000000       0.000000000000000E+000        
  0.247000000000000       0.000000000000000E+000   1.00000000000000             
          1.00000000    1    3    1    1    1                                   
H #4  -2.135717419430551   1.335651736554575  -1.643155727939277                
    6    4                                                                      
   33.8700000000000       6.068000000000000E-003  0.000000000000000E+000        
  0.000000000000000E+000  0.000000000000000E+000                                
   5.09500000000000       4.530800000000000E-002  0.000000000000000E+000        
  0.000000000000000E+000  0.000000000000000E+000                                
   1.15900000000000       0.202822000000000       0.000000000000000E+000        
  0.000000000000000E+000  0.000000000000000E+000                                
  0.325800000000000       0.503903000000000        1.00000000000000             
  0.000000000000000E+000  0.000000000000000E+000                                
  0.102700000000000       0.383421000000000       0.000000000000000E+000        
   1.00000000000000       0.000000000000000E+000                                
  2.526000000000000E-002  0.000000000000000E+000  0.000000000000000E+000        
  0.000000000000000E+000   1.00000000000000                                     
    3    3                                                                      
   1.40700000000000        1.00000000000000       0.000000000000000E+000        
  0.000000000000000E+000                                                        
  0.388000000000000       0.000000000000000E+000   1.00000000000000             
  0.000000000000000E+000                                                        
  0.102000000000000       0.000000000000000E+000  0.000000000000000E+000        
   1.00000000000000                                                             
    2    2                                                                      
   1.05700000000000        1.00000000000000       0.000000000000000E+000        
  0.247000000000000       0.000000000000000E+000   1.00000000000000             
          1.00000000    1    3    1    1    1                                   
H #5  -2.206879234558969  -1.865513429212074  -0.229714014141917                
    6    4                                                                      
   33.8700000000000       6.068000000000000E-003  0.000000000000000E+000        
  0.000000000000000E+000  0.000000000000000E+000                                
   5.09500000000000       4.530800000000000E-002  0.000000000000000E+000        
  0.000000000000000E+000  0.000000000000000E+000                                
   1.15900000000000       0.202822000000000       0.000000000000000E+000        
  0.000000000000000E+000  0.000000000000000E+000                                
  0.325800000000000       0.503903000000000        1.00000000000000             
  0.000000000000000E+000  0.000000000000000E+000                                
  0.102700000000000       0.383421000000000       0.000000000000000E+000        
   1.00000000000000       0.000000000000000E+000                                
  2.526000000000000E-002  0.000000000000000E+000  0.000000000000000E+000        
  0.000000000000000E+000   1.00000000000000                                     
    3    3                                                                      
   1.40700000000000        1.00000000000000       0.000000000000000E+000        
  0.000000000000000E+000                                                        
  0.388000000000000       0.000000000000000E+000   1.00000000000000             
  0.000000000000000E+000                                                        
  0.102000000000000       0.000000000000000E+000  0.000000000000000E+000        
   1.00000000000000                                                             
    2    2                                                                      
   1.05700000000000        1.00000000000000       0.000000000000000E+000        
  0.247000000000000       0.000000000000000E+000   1.00000000000000             
          1.00000000    1    3    1    1    1                                   
H #6  -2.049198165425200   0.780054629221818   1.811430524242370                
    6    4                                                                      
   33.8700000000000       6.068000000000000E-003  0.000000000000000E+000        
  0.000000000000000E+000  0.000000000000000E+000                                
   5.09500000000000       4.530800000000000E-002  0.000000000000000E+000        
  0.000000000000000E+000  0.000000000000000E+000                                
   1.15900000000000       0.202822000000000       0.000000000000000E+000        
  0.000000000000000E+000  0.000000000000000E+000                                
  0.325800000000000       0.503903000000000        1.00000000000000             
  0.000000000000000E+000  0.000000000000000E+000                                
  0.102700000000000       0.383421000000000       0.000000000000000E+000        
   1.00000000000000       0.000000000000000E+000                                
  2.526000000000000E-002  0.000000000000000E+000  0.000000000000000E+000        
  0.000000000000000E+000   1.00000000000000                                     
    3    3                                                                      
   1.40700000000000        1.00000000000000       0.000000000000000E+000        
  0.000000000000000E+000                                                        
  0.388000000000000       0.000000000000000E+000   1.00000000000000             
  0.000000000000000E+000                                                        
  0.102000000000000       0.000000000000000E+000  0.000000000000000E+000        
   1.00000000000000                                                             
    2    2                                                                      
   1.05700000000000        1.00000000000000       0.000000000000000E+000        
  0.247000000000000       0.000000000000000E+000   1.00000000000000             
FINISH                                                                          
 
********************************************************************************
 ONE- AND TWO-ELECTRON INTEGRALS OVER SYMMETRY-ADAPTED AOS ARE CALCULATED.

  SPHERICAL HARMONICS ARE USED.
  
  INTEGRALS LESS THAN  0.10E-13 ARE NEGLECTED.

  NUCLEAR REPULSION ENERGY :   39.8150801055 A.U.
  @MOLECU-I, ONE ELECTRON INTEGRALS (CPU/WALL):        0.07/       0.07 SECONDS.

Running with 12 threads/proc

--executable xvmol finished with status     1 in       13.92 seconds (walltime).
  This computation required                           14.19 seconds (walltime).
