
 Working directory              : /tmp/asmola/molpro.bKo4vj0qvh/
 Global scratch directory       : /tmp/asmola/molpro.bKo4vj0qvh/
 Wavefunction directory         : /home/asmola/wfu/
 Main file repository           : /tmp/asmola/molpro.bKo4vj0qvh/

 id        : uclcc

 Nodes                        nprocs
 vincent.theory.phys.ucl.ac.uk    1
 GA implementation: MPI file
 GA implementation (serial work in mppx): MPI file

 Using customized tuning parameters: mindgm=1; mindgv=20; mindgc=4; mindgr=1; noblas=0; minvec=7
 default implementation of scratch files=df  


 Variables initialized (1015), CPU time= 0.00 sec
 ***,Methanol Ground State Energy with CCSD(T)-F12 and cc-pVQZ-F12
 memory,500,m;
 gthresh,energy=1.d-10,zero=1.d-14,thrint=1.d-14,oneint=1.d-14,twoint=1.d-14,prefac=1.d-20
 
 geometry={angstrom
 c
 o , 1, rco
 h , 2, roh, 1, acoh
 h1, 1, rch1, 2, aoch1  3  ahh1
 h2, 1, rch2, 2, aoch2, 3, ahh2
 h3, 1, rch3, 2, aoch3, 3, ahh3
 }
 
                                                ! Specify the initial values of the internal coordinates (in Angstroms and degrees)
 
 rco= 1.0
 roh= 0.9
 rch1= 1.2
 rch2= 1.1
 rch3= 1.0
 acoh= 100.0
 aoch1= 110.0
 aoch2= 108.0
 aoch3= 112.0
 ahh1=-28.2842712474619
 ahh2=224.14213562373095
 ahh3=164.14213562373095
 
                                                                                 ! Use the cc-pVTZ-F12 basis set
 basis=cc-pVTZ-F12
 
 hf
 
                                                                                 ! Use explicitly correlated F12 methods
                                                                            ! First, MP2-F12 (useful for initial electronic energy)
 {mp2-f12}
 
                                                                                 ! Output the energy
 xxx = "mmm"
 point = 5
 text ### CH3OH
 table,xxx,rco,roh,rch1,rch2,rch3,acoh,aoch1,aoch2,aoch3,ahh1,ahh2,ahh3,energy,point
 DIGITS, 0, 8, 8, 8, 8, 8, 8, 8, 8, 8,  8,  8,  8, 8, 4
 save,CH3OH_MEP_MP2_5.dat,new
 
 Commands initialized (818), CPU time= 0.01 sec, 672 directives.
 Default parameters read. Elapsed time= 0.08 sec

 Checking input...
 Passed
1


                                         ***  PROGRAM SYSTEM MOLPRO  ***
                                       Copyright, TTI GmbH Stuttgart, 2015
                                    Version 2022.1 linked Mar  3 2022 23:20:00


 **********************************************************************************************************************************
 LABEL *   Methanol Ground State Energy with CCSD(T)-F12 and cc-pVQZ-F12                 
  (8 PROC) 64 bit serial version                                                         DATE: 04-Aug-25          TIME: 14:26:27  
 **********************************************************************************************************************************

 SHA1:             31073afc4d8441e10870424e0d77336a33bc4286
 **********************************************************************************************************************************

 Memory per process:       500 MW
 Total memory per node:    500 MW

 GA preallocation disabled
 GA check disabled

 Variable memory set to 500.0 MW


 THRESHOLDS:

 ZERO    =  1.00D-14  ONEINT  =  1.00D-14  TWOINT  =  1.00D-14  PREFAC  =  1.00D-20  XXXXXX  =  1.00D-09  EORDER  =  1.00D-04
 ENERGY  =  1.00D-10  ETEST   =  0.00D+00  EDENS   =  0.00D+00  THRDEDEF=  1.00D-06  GRADIENT=  1.00D-05  STEP    =  1.00D-03
 ORBITAL =  1.00D-05  CIVEC   =  1.00D-05  COEFF   =  1.00D-04  PRINTCI =  5.00D-02  PUNCHCI =  9.90D+01  OPTGRAD =  3.00D-04
 OPTENERG=  1.00D-06  OPTSTEP =  3.00D-04  THRGRAD =  1.00D-10  COMPRESS=  1.00D-11  VARMIN  =  1.00D-07  VARMAX  =  1.00D-03
 THRDOUB =  0.00D+00  THRDIV  =  1.00D-05  THRRED  =  1.00D-07  THRPSP  =  1.00D+00  THRDC   =  1.00D-10  THRCS   =  1.00D-10
 THRNRM  =  1.00D-08  THREQ   =  0.00D+00  THRDE   =  1.00D+00  THRREF  =  1.00D-05  SPARFAC =  1.00D+00  THRDLP  =  1.00D-07
 THRDIA  =  1.00D-10  THRDLS  =  1.00D-07  THRGPS  =  0.00D+00  THRKEX  =  0.00D+00  THRDIS  =  2.00D-01  THRVAR  =  1.00D-10
 THRLOC  =  1.00D-06  THRGAP  =  1.00D-06  THRLOCT = -1.00D+00  THRGAPT = -1.00D+00  THRORB  =  1.00D-06  THRMLTP =  0.00D+00
 THRCPQCI=  1.00D-10  KEXTA   =  0.00D+00  THRCOARS=  0.00D+00  SYMTOL  =  1.00D-06  GRADTOL =  1.00D-06  THROVL  =  1.00D-08
 THRORTH =  1.00D-08  THRDLOVL= -1.00D+00  GRID    =  1.00D-06  GRIDMAX =  1.00D-03  DTMAX   =  0.00D+00  THROCCDE=  1.00D-01
 THROCCDE=  1.00D-01  THRPRINT=  2.50D-01

 SETTING RCO            =         1.00000000                                  
 SETTING ROH            =         0.90000000                                  
 SETTING RCH1           =         1.20000000                                  
 SETTING RCH2           =         1.10000000                                  
 SETTING RCH3           =         1.00000000                                  
 SETTING ACOH           =       100.00000000                                  
 SETTING AOCH1          =       110.00000000                                  
 SETTING AOCH2          =       108.00000000                                  
 SETTING AOCH3          =       112.00000000                                  
 SETTING AHH1           =       -28.28427125                                  
 SETTING AHH2           =       224.14213562                                  
 SETTING AHH3           =       164.14213562                                  
 SETTING BASIS          =    CC-PVTZ-F12


 Recomputing integrals since basis changed


 Using spherical harmonics

 Library entry C      S cc-pVTZ-F12          selected for orbital group  1
 Library entry C      P cc-pVTZ-F12          selected for orbital group  1
 Library entry C      D cc-pVTZ-F12          selected for orbital group  1
 Library entry C      F cc-pVTZ-F12          selected for orbital group  1
 Library entry O      S cc-pVTZ-F12          selected for orbital group  2
 Library entry O      P cc-pVTZ-F12          selected for orbital group  2
 Library entry O      D cc-pVTZ-F12          selected for orbital group  2
 Library entry O      F cc-pVTZ-F12          selected for orbital group  2
 Library entry H      S cc-pVTZ-F12          selected for orbital group  3
 Library entry H      P cc-pVTZ-F12          selected for orbital group  3
 Library entry H      D cc-pVTZ-F12          selected for orbital group  3


 PROGRAM * SEWARD (Integral evaluation for generally contracted gaussian basis sets)     Author: Roland Lindh, 1990

 Geometry written to block  1 of record 700

 Orientation using atomic masses  
 Molecule type: Asymmetric top
 Rotational constants:      38.7655258     47.0756968    134.6149141 GHz  (calculated with average atomic masses)

 Point group  C1  



 ATOMIC COORDINATES

 NR  ATOM    CHARGE       X              Y              Z

   1  C       6.00    0.163713016    0.109726328   -0.926729661
   2  O       8.00   -0.049158314   -0.154963702    0.932218915
   3  H       1.00    0.141192503    1.443249650    1.481803446
   4  H1      1.00   -0.492588017    2.205478628   -1.491906273
   5  H2      1.00   -1.309005000   -0.984248268   -1.904129104
   6  H3      1.00    0.489841258   -1.512225578   -1.839953189

 Bond lengths in Bohr (Angstrom)

 1-2  1.889726125  1-3  2.753147899  1-4  2.267671350  1-5  2.078698737  1-6  1.889726125
     ( 1.000000000)     ( 1.456903126)     ( 1.200000000)     ( 1.100000000)     ( 1.000000000)

 2-3  1.700753512
     ( 0.900000000)

 Bond angles

  1-2-3  100.00000000   1-3-2   42.52871831   2-1-3   37.47128169   2-1-4  110.00000000

  2-1-5  108.00000000   2-1-6  112.00000000   3-1-4   76.58668161   3-1-5  131.33474692

  3-1-6  147.13038133   4-1-5   99.44760021   4-1-6  136.28065286   5-1-6   56.17473936

 NUCLEAR CHARGE:                   18
 NUMBER OF PRIMITIVE AOS:         228
 NUMBER OF SYMMETRY AOS:          206
 NUMBER OF CONTRACTIONS:          178   (  178A   )
 NUMBER OF INNER CORE ORBITALS:     0   (    0A   )
 NUMBER OF OUTER CORE ORBITALS:     2   (    2A   )
 NUMBER OF VALENCE ORBITALS:       12   (   12A   )


 NUCLEAR REPULSION ENERGY   50.24228184

 Eigenvalues of metric

         1 0.553E-04 0.145E-03 0.151E-03 0.223E-03 0.241E-03 0.379E-03 0.445E-03 0.485E-03


 Contracted 2-electron integrals neglected if value below      1.0D-14
 AO integral compression algorithm  1   Integral accuracy      1.0D-14

     1150.288 MB (compressed) written to integral file ( 96.5%)


 NUMBER OF SORTED TWO-ELECTRON INTEGRALS:  126906346.     BUFFER LENGTH:  32768
 NUMBER OF SEGMENTS:   8  SEGMENT LENGTH:   15999503      RECORD LENGTH: 524288

 Memory used in sort:      16.56 MW

 SORT1 READ   149034713. AND WROTE   125023982. INTEGRALS IN    360 RECORDS. CPU TIME:     1.27 SEC, REAL TIME:     1.87 SEC
 SORT2 READ   125023982. AND WROTE   126906346. INTEGRALS IN   4388 RECORDS. CPU TIME:     1.49 SEC, REAL TIME:     2.19 SEC

 FILE SIZES:   FILE 1:  1181.5 MBYTE,  FILE 4:  1510.0 MBYTE,   TOTAL:   2691.5 MBYTE

 OPERATOR DM      FOR CENTER  0  COORDINATES:    0.000000    0.000000    0.000000


 **********************************************************************************************************************************
 DATASETS  * FILE   NREC   LENGTH (MB)   RECORD NAMES
              1      19      978.24       500      610      700      900      950      970     1000      129      960     1100   
                                          VAR    BASINP    GEOM    SYMINP    ZMAT    AOBASIS   BASIS     P2S    ABASIS      S 
                                         1400     1410     1200     1210     1080     1600     1650     1300     1700   
                                           T        V       H0       H01     AOSYM     SMH    MOLCAS    ERIS     OPER   

 PROGRAMS   *        TOTAL       INT
 CPU TIMES  *        43.67     43.51
 REAL TIME  *        14.86 SEC
 DISK USED  *         2.51 GB
 **********************************************************************************************************************************


 Program * Restricted Hartree-Fock

 Orbital guess generated from atomic densities. Full valence occupancy:   14

 Initial occupancy:   9

 NELEC=   18   SYM=1   MS2= 0   THRE=1.0D-12   THRD=1.0D-06   THRG=1.0D-06  HFMA2=F  DIIS_START=2   DIIS_MAX=10   DIIS_INCORE=F

 Level shifts:    0.00 (CLOSED)    0.00 (OPEN)    0.30 (GAP_MIN)

 ITER           ETOT              DE          GRAD        DDIFF     DIIS  NEXP   TIME(IT)  TIME(TOT)  DIAG
   1     -114.61406755    -114.61406755     0.00D+00     0.53D-01     0     0     111.51    129.32    start
   2     -114.65785536      -0.04378780     0.67D-02     0.74D-02     1     0      13.67    142.99    diag
   3     -114.67023025      -0.01237490     0.36D-02     0.23D-02     2     0      16.30    159.29    diag
   4     -114.67088346      -0.00065321     0.53D-03     0.75D-03     3     0      28.69    187.98    diag
   5     -114.67093329      -0.00004983     0.12D-03     0.24D-03     4     0      17.57    205.55    diag
   6     -114.67094329      -0.00001000     0.40D-04     0.14D-03     5     0      14.79    220.34    diag
   7     -114.67094457      -0.00000129     0.14D-04     0.57D-04     6     0      34.77    255.11    diag
   8     -114.67094467      -0.00000010     0.36D-05     0.13D-04     7     0      20.80    275.91    fixocc
   9     -114.67094469      -0.00000002     0.15D-05     0.53D-05     8     0      27.77    303.68    diag
  10     -114.67094469      -0.00000000     0.54D-06     0.27D-05     9     0      17.20    320.88    diag/orth
  11     -114.67094469      -0.00000000     0.20D-06     0.12D-05     9     0      20.86    341.74    diag
  12     -114.67094469      -0.00000000     0.58D-07     0.32D-06     9     0      26.73    368.47    diag
  13     -114.67094469      -0.00000000     0.18D-07     0.86D-07     9     0     114.55    483.02    diag
  14     -114.67094469      -0.00000000     0.62D-08     0.30D-07     9     0      16.98    500.00    diag
  15     -114.67094469      -0.00000000     0.27D-08     0.50D-08     0     0      25.83    525.83    diag

 Final occupancy:   9

 !RHF STATE 1.1 Energy               -114.670944690202
  RHF One-electron energy            -254.701894342165
  RHF Two-electron energy              89.788667812871
  RHF Kinetic energy                  117.133958436168
  RHF Nuclear energy                   50.242281839092
  RHF Virial quotient                  -0.978972675569

 !RHF STATE 1.1 Dipole moment          -0.03608193     0.49511387     0.43371862
 Dipole moment /Debye                  -0.09171113     1.25845393     1.10240277

 Orbital energies:

           1.1          2.1          3.1          4.1          5.1          6.1          7.1          8.1          9.1         10.1
    -20.562437   -11.259213    -1.643186    -1.004934    -0.814136    -0.782034    -0.733623    -0.483949    -0.278767     0.047256

          11.1
      0.064010


 HOMO      9.1    -0.278767 =      -7.5856eV
 LUMO     10.1     0.047256 =       1.2859eV
 LUMO-HOMO         0.326023 =       8.8715eV

 Orbitals saved in record  2100.2


 **********************************************************************************************************************************
 DATASETS  * FILE   NREC   LENGTH (MB)   RECORD NAMES
              1      19      978.24       500      610      700      900      950      970     1000      129      960     1100   
                                          VAR    BASINP    GEOM    SYMINP    ZMAT    AOBASIS   BASIS     P2S    ABASIS      S 
                                         1400     1410     1200     1210     1080     1600     1650     1300     1700   
                                           T        V       H0       H01     AOSYM     SMH    MOLCAS    ERIS     OPER   

              2       4        0.92       700     1000      520     2100   
                                         GEOM     BASIS   MCVARS     RHF  

 PROGRAMS   *        TOTAL    HF-SCF       INT
 CPU TIMES  *       569.57    525.90     43.51
 REAL TIME  *       119.14 SEC
 DISK USED  *         2.51 GB
 **********************************************************************************************************************************


 PROGRAM * MP2 (Closed-shell)     Authors: C. Hampel, H.-J. Werner, 1991, M. Deegan, P.J. Knowles, 1992

                                   MP2-F12 implementation by H.-J. Werner, 2007

                   Density fitting integral evaluation by F.R. Manby, 2003,2007, G. Knizia, 2010


 Basis set VTZ-F12/JKFIT generated.      Number of basis functions:   392 
 Basis set CC-PVTZ-F12/OPTRI generated.  Number of basis functions:   314 
 Basis set CC-PVTZ-F12/MP2FIT generated. Number of basis functions:   396 

 Convergence thresholds:  THRVAR = 1.00D-08  THRDEN = 1.00D-10

 Number of core orbitals:           2 (   2 )
 Number of closed-shell orbitals:   7 (   7 )
 Number of external orbitals:     169 ( 169 )

 Molecular orbitals read from record     2100.2  Type=RHF/CANONICAL  

 MP2-F12 correlation treatment (H.-J. Werner, 2006)
 ==================================================

 Using MP2-F12 with ansatz 3C(FIX)

 Using projected zeroth-order Hamiltonian (+Z)

 FOCKRIB=T FOCKRIC=T FOCKRIP=T CABSP=T CABSA=T CABSK=T CABSF=T GBC=F EBC=F DMAT=T NOFIK=T NOPAO=1 SOLVE=-1  USEPAO=0
 EXCH_A= T EXCH_B= F EXCH_C= F EXCH_P= F

 Geminal basis:    OPTFULL  GEM_TYPE=SLATER  BETA=1.0  NGEM=6

 Optimizing Gaussian exponents for each gem_beta

 Geminal optimization for beta= 1.0000
 Weight function:   m=0, omega= 1.4646

 Augmented Hessian optimization of geminal fit. Trust ratio= 0.40000
 Convergence reached after   2 iterations. Final gradient= 8.66D-16, Step= 4.23D-06, Delta= 1.28D-09

 Alpha:                 0.19532     0.81920     2.85917     9.50073    35.69989   197.79328
 Coeff:                 0.27070     0.30552     0.18297     0.10986     0.06810     0.04224


 All pairs explicitly correlated. Number of r12-pairs:           28

 Excluding core orbitals from MO domains

 AO(A)-basis ORBITAL           loaded. Number of functions:     178
 RI(R)-basis CC-PVTZ-F12/OPTRI loaded. Number of functions:     314
 DF-basis VTZ-F12/JKFIT        loaded. Number of functions:     392

 Screening thresholds:   THRAO=  1.00D-10  THRMO=  1.00D-09  THRPROD=  1.00D-09
                         THRSW=  1.00D-05  THROV=  1.00D-12  THRAOF12= 1.00D-08

 CPU time for Fock operators                      8.76 sec

 Construction of ABS:
 Smallest eigenvalue of S          1.27E-04  (threshold= 1.00E-08)
 Ratio eigmin/eigmax               1.40E-05  (threshold= 1.00E-09)
 Smallest eigenvalue of S kept     1.27E-04  (threshold= 1.27E-04, 0 functions deleted, 314 kept)

 Construction of CABS:
 Smallest eigenvalue of S          2.59E-07  (threshold= 1.00E-08)
 Ratio eigmin/eigmax               2.59E-07  (threshold= 1.00E-09)
 Smallest eigenvalue of S kept     2.59E-07  (threshold= 2.59E-07, 0 functions deleted, 314 kept)

 CPU time for CABS singles                        0.14 sec

 CABS-singles contribution of  -0.00195818 patched into reference energy.
 New reference energy        -114.67290287

 AO(A)-basis ORBITAL           loaded. Number of functions:     178
 RI(R)-basis CC-PVTZ-F12/OPTRI loaded. Number of functions:     314
 DF-basis CC-PVTZ-F12/MP2FIT   loaded. Number of functions:     396

 Screening thresholds:   THRAO=  1.00D-10  THRMO=  1.00D-09  THRPROD=  1.00D-09
                         THRSW=  1.00D-05  THROV=  1.00D-12  THRAOF12= 1.00D-08

 CPU time for 3-index integral evaluation         5.08 sec
 CPU time for first  half transformation          3.30 sec (  748.2 MFLOP/sec)
 CPU time for sorting                             0.02 sec
 CPU time for fitting                             1.22 sec (  934.0 MFLOP/sec)
 CPU time for tilde quantities                    0.16 sec ( 9440.3 MFLOP/sec)
 CPU time for assembly                            4.87 sec ( 2536.7 MFLOP/sec)
 CPU time for tranop_f12                         15.06 sec ( 1053.1 MFLOP/sec)
 CPU time for f12 integrals (total)              36.81 sec, Elapsed time:      9.36 sec
 CPU time for f12 matrices (total)                0.49 sec, Elapsed time:      0.07 sec

 Diagonal F12 approximation with fixed coefficients:  TSING= 0.500,  TTRIP= 0.250 (scaled by -1/beta)

 DF-MP2-F12 energy corrections:
 ==============================
 Approx.                                    Singlet             Triplet             Total
 DF-MP2-F12/3*C(DX,FIX)                -0.040534876031     -0.005141841161     -0.045676717192
 DF-MP2-F12/3*C(FIX)                   -0.037642152338     -0.004687787123     -0.042329939462
 DF-MP2-F12/3C(FIX)                    -0.037549885101     -0.004836695588     -0.042386580689

 DF-MP2-F12 correlation energies:
 ================================
 Approx.                                    Singlet             Triplet             Ecorr            Total Energy
 DF-MP2                                -0.286684584931     -0.161095522603     -0.447780107534   -115.120682979749
 DF-MP2-F12/3*C(DX,FIX)                -0.327219460961     -0.166237363764     -0.493456824725   -115.166359696941
 DF-MP2-F12/3*C(FIX)                   -0.324326737269     -0.165783309726     -0.490110046995   -115.163012919211
 DF-MP2-F12/3C(FIX)                    -0.324234470032     -0.165932218191     -0.490166688223   -115.163069560438

 SCS-DF-MP2 energies (F_SING= 1.20000  F_TRIP= 0.62222  F_PARALLEL= 0.33333):
 ============================================================================
 SCS-DF-MP2                            -0.444258715981   -115.117161588196
 SCS-DF-MP2-F12/3*C(DX,FIX)            -0.496099935051   -115.169002807267
 SCS-DF-MP2-F12/3*C(FIX)               -0.492346144108   -115.165249016323
 SCS-DF-MP2-F12/3C(FIX)                -0.492328077579   -115.165230949795
 Symmetry transformation completed.

 Number of N-1 electron functions:               7
 Number of N-2 electron functions:              28
 Number of singly external CSFs:              1183
 Number of doubly external CSFs:            700336
 Total number of CSFs:                      701520

 Length of J-op  integral file:             104.98 MB
 Length of K-op  integral file:             138.67 MB

 Integral transformation finished. Total CPU:  16.12 sec, npass=  1  Memory used:   2.18 MW

 ITER.      SQ.NORM     CORR.ENERGY   TOTAL ENERGY   ENERGY CHANGE     VAR   MIC
   1      1.00000000    -0.44781229  -115.12071516    -0.44781229  0.00D+00   0
   2      1.10931577    -0.44781229  -115.12071517    -0.00000000  0.12D-08   0
   3      1.10931577    -0.44781229  -115.12071517    -0.00000000  0.20D-16   0

 Solving MP2-F12 equations

   1      1.10930184    -0.48940542  -115.16230830    -0.04159313 -0.26D-04   0
   2      1.10930184    -0.49019836  -115.16310123    -0.00079294  0.58D-12   0
   3      1.10930184    -0.49019836  -115.16310123    -0.00000000 -0.92D-20   0

 CPU TIME FOR ITERATIVE MP2:    0.77 SEC


 MP2-F12 energy corrections:
 ===========================
 Approx.                                    Singlet             Triplet             Total
 MP2-F12/3*C(DX,FIX)                   -0.040534876031     -0.005141841161     -0.045676717192
 MP2-F12/3*C(FIX)                      -0.037642152338     -0.004687787123     -0.042329939462
 MP2-F12/3C(FIX)                       -0.037545762072     -0.004840302704     -0.042386064776

 MP2-F12 correlation energies:
 =============================
 Approx.                                    Singlet             Triplet             Ecorr            Total Energy
 MP2                                   -0.286910976667     -0.160901317719     -0.447812294386   -115.120715166601
 MP2-F12/3*C(DX,FIX)                   -0.327445852697     -0.166043158880     -0.493489011578   -115.166391883793
 MP2-F12/3*C(FIX)                      -0.324553129005     -0.165589104842     -0.490142233847   -115.163045106063
 MP2-F12/3C(FIX)                       -0.324456738739     -0.165741620423     -0.490198359161   -115.163101231377

 SCS-MP2 energies (F_SING= 1.20000  F_TRIP= 0.62222  F_PARALLEL= 0.33333):
 =========================================================================
 SCS-MP2                               -0.444409547470   -115.117312419685
 SCS-MP2-F12/3*C(DX,FIX)               -0.496250766540   -115.169153638755
 SCS-MP2-F12/3*C(FIX)                  -0.492496975597   -115.165399847812
 SCS-MP2-F12/3C(FIX)                   -0.492476205861   -115.165379078076


  Reference energy                   -114.670944690202
  F12 singles correction               -0.001958182013

 F12 singles corrections added to reference energy

  New reference energy               -114.672902872215

  F12/3C(F) singlet correction         -0.037545762072
  F12/3C(F) triplet correction         -0.004840302704
  F12/3C(F) total correction           -0.042386064776
  MP2-F12/3C(F) singlet pair energy    -0.324456738739
  MP2-F12/3C(F) triplet pair energy    -0.165741620423
  MP2-F12/3C(F) correlation energy     -0.490198359161

 !MP2-F12/3C(F) total energy         -115.163101231377


 **********************************************************************************************************************************
 DATASETS  * FILE   NREC   LENGTH (MB)   RECORD NAMES
              1      20      988.90       500      610      700      900      950      970     1000      129      960     1100   
                                          VAR    BASINP    GEOM    SYMINP    ZMAT    AOBASIS   BASIS     P2S    ABASIS      S 
                                         1400     1410     1200     1210     1080     1600     1650     1300     1700     1380   
                                           T        V       H0       H01     AOSYM     SMH    MOLCAS    ERIS     OPER     JKOP   

              2       7        1.30       700     1000      520     2100     7360     7350     7000   
                                         GEOM     BASIS   MCVARS     RHF    F12ABS    EF12   

 PROGRAMS   *        TOTAL   MP2-F12    HF-SCF       INT
 CPU TIMES  *       637.31     67.72    525.90     43.51
 REAL TIME  *       134.27 SEC
 DISK USED  *         2.51 GB
 **********************************************************************************************************************************
 SETTING XXX            =    "MMM"
 SETTING POINT          =         5.00000000                                  

 *** ### CH3OH


 XXX       RCO          ROH          RCH1         RCH2         RCH3           ACOH           AOCH1          AOCH2          AOCH3          AHH1           AHH2           AHH3            ENERGY      POINT
 "MMM"   1.00000000   0.90000000   1.20000000   1.10000000   1.00000000   100.00000000   110.00000000   108.00000000   112.00000000   -28.28427125   224.14213562   164.14213562   -115.16310123   5.0000
                                                  

 MP2-F12/cc-pVTZ-F12 energy=   -115.163101231377

         MP2-F12          HF-SCF
   -115.16310123   -114.67094469
 **********************************************************************************************************************************
 Molpro calculation terminated
