
 Working directory              : /tmp/asmola/molpro.ruzwT9CSvs/
 Global scratch directory       : /tmp/asmola/molpro.ruzwT9CSvs/
 Wavefunction directory         : /home/asmola/wfu/
 Main file repository           : /tmp/asmola/molpro.ruzwT9CSvs/

 id        : uclcc

 Nodes                        nprocs
 vincent.theory.phys.ucl.ac.uk    1
 GA implementation: MPI file
 GA implementation (serial work in mppx): MPI file

 Using customized tuning parameters: mindgm=1; mindgv=20; mindgc=4; mindgr=1; noblas=0; minvec=7
 default implementation of scratch files=df  


 Variables initialized (1015), CPU time= 0.00 sec
 ***,Methanol Ground State Energy with CCSD(T)-F12 and cc-pVQZ-F12
 memory,500,m;
 gthresh,energy=1.d-10,zero=1.d-14,thrint=1.d-14,oneint=1.d-14,twoint=1.d-14,prefac=1.d-20
 
 geometry={angstrom
 c
 o , 1, rco
 h , 2, roh, 1, acoh
 h1, 1, rch1, 2, aoch1  3  ahh1
 h2, 1, rch2, 2, aoch2, 3, ahh2
 h3, 1, rch3, 2, aoch3, 3, ahh3
 }
 
                                                ! Specify the initial values of the internal coordinates (in Angstroms and degrees)
 
 rco= 1.0
 roh= 0.9
 rch1= 1.2
 rch2= 1.0
 rch3= 1.1
 acoh= 100.0
 aoch1= 110.0
 aoch2= 112.0
 aoch3= 108.0
 ahh1=1.131370849898476
 ahh2=118.94441662649413
 ahh3=239.9242125236074
 
                                                                                 ! Use the cc-pVTZ-F12 basis set
 basis=cc-pVTZ-F12
 
 hf
 
                                                                                 ! Use explicitly correlated F12 methods
                                                                            ! First, MP2-F12 (useful for initial electronic energy)
 {mp2-f12}
 
                                                                                 ! Output the energy
 xxx = "mmm"
 point = 1
 text ### CH3OH
 table,xxx,rco,roh,rch1,rch2,rch3,acoh,aoch1,aoch2,aoch3,ahh1,ahh2,ahh3,energy,point
 DIGITS, 0, 8, 8, 8, 8, 8, 8, 8, 8, 8,  8,  8,  8, 8, 4
 save,CH3OH_MEP_MP2_1.dat,new
 
 Commands initialized (818), CPU time= 0.01 sec, 672 directives.
 Default parameters read. Elapsed time= 0.06 sec

 Checking input...
 Passed
1


                                         ***  PROGRAM SYSTEM MOLPRO  ***
                                       Copyright, TTI GmbH Stuttgart, 2015
                                    Version 2022.1 linked Mar  3 2022 23:20:00


 **********************************************************************************************************************************
 LABEL *   Methanol Ground State Energy with CCSD(T)-F12 and cc-pVQZ-F12                 
  (12 PROC) 64 bit serial version                                                        DATE: 02-Jul-25          TIME: 13:24:38  
 **********************************************************************************************************************************

 SHA1:             31073afc4d8441e10870424e0d77336a33bc4286
 **********************************************************************************************************************************

 Memory per process:       500 MW
 Total memory per node:    500 MW

 GA preallocation disabled
 GA check disabled

 Variable memory set to 500.0 MW


 THRESHOLDS:

 ZERO    =  1.00D-14  ONEINT  =  1.00D-14  TWOINT  =  1.00D-14  PREFAC  =  1.00D-20  XXXXXX  =  1.00D-09  EORDER  =  1.00D-04
 ENERGY  =  1.00D-10  ETEST   =  0.00D+00  EDENS   =  0.00D+00  THRDEDEF=  1.00D-06  GRADIENT=  1.00D-05  STEP    =  1.00D-03
 ORBITAL =  1.00D-05  CIVEC   =  1.00D-05  COEFF   =  1.00D-04  PRINTCI =  5.00D-02  PUNCHCI =  9.90D+01  OPTGRAD =  3.00D-04
 OPTENERG=  1.00D-06  OPTSTEP =  3.00D-04  THRGRAD =  1.00D-10  COMPRESS=  1.00D-11  VARMIN  =  1.00D-07  VARMAX  =  1.00D-03
 THRDOUB =  0.00D+00  THRDIV  =  1.00D-05  THRRED  =  1.00D-07  THRPSP  =  1.00D+00  THRDC   =  1.00D-10  THRCS   =  1.00D-10
 THRNRM  =  1.00D-08  THREQ   =  0.00D+00  THRDE   =  1.00D+00  THRREF  =  1.00D-05  SPARFAC =  1.00D+00  THRDLP  =  1.00D-07
 THRDIA  =  1.00D-10  THRDLS  =  1.00D-07  THRGPS  =  0.00D+00  THRKEX  =  0.00D+00  THRDIS  =  2.00D-01  THRVAR  =  1.00D-10
 THRLOC  =  1.00D-06  THRGAP  =  1.00D-06  THRLOCT = -1.00D+00  THRGAPT = -1.00D+00  THRORB  =  1.00D-06  THRMLTP =  0.00D+00
 THRCPQCI=  1.00D-10  KEXTA   =  0.00D+00  THRCOARS=  0.00D+00  SYMTOL  =  1.00D-06  GRADTOL =  1.00D-06  THROVL  =  1.00D-08
 THRORTH =  1.00D-08  THRDLOVL= -1.00D+00  GRID    =  1.00D-06  GRIDMAX =  1.00D-03  DTMAX   =  0.00D+00  THROCCDE=  1.00D-01
 THROCCDE=  1.00D-01  THRPRINT=  2.50D-01

 SETTING RCO            =         1.00000000                                  
 SETTING ROH            =         0.90000000                                  
 SETTING RCH1           =         1.20000000                                  
 SETTING RCH2           =         1.00000000                                  
 SETTING RCH3           =         1.10000000                                  
 SETTING ACOH           =       100.00000000                                  
 SETTING AOCH1          =       110.00000000                                  
 SETTING AOCH2          =       112.00000000                                  
 SETTING AOCH3          =       108.00000000                                  
 SETTING AHH1           =         1.13137085                                  
 SETTING AHH2           =       118.94441663                                  
 SETTING AHH3           =       239.92421252                                  
 SETTING BASIS          =    CC-PVTZ-F12


 Recomputing integrals since basis changed


 Using spherical harmonics

 Library entry C      S cc-pVTZ-F12          selected for orbital group  1
 Library entry C      P cc-pVTZ-F12          selected for orbital group  1
 Library entry C      D cc-pVTZ-F12          selected for orbital group  1
 Library entry C      F cc-pVTZ-F12          selected for orbital group  1
 Library entry O      S cc-pVTZ-F12          selected for orbital group  2
 Library entry O      P cc-pVTZ-F12          selected for orbital group  2
 Library entry O      D cc-pVTZ-F12          selected for orbital group  2
 Library entry O      F cc-pVTZ-F12          selected for orbital group  2
 Library entry H      S cc-pVTZ-F12          selected for orbital group  3
 Library entry H      P cc-pVTZ-F12          selected for orbital group  3
 Library entry H      D cc-pVTZ-F12          selected for orbital group  3


 PROGRAM * SEWARD (Integral evaluation for generally contracted gaussian basis sets)     Author: Roland Lindh, 1990

 Geometry written to block  1 of record 700

 Orientation using atomic masses  
 Molecule type: Asymmetric top
 Rotational constants:      41.1164559     44.9348684    126.7448759 GHz  (calculated with average atomic masses)

 Point group  C1  



 ATOMIC COORDINATES

 NR  ATOM    CHARGE       X              Y              Z

   1  C       6.00    0.009990824   -0.009609516   -0.947377228
   2  O       8.00    0.014862175   -0.111655890    0.939585313
   3  H       1.00   -0.206508958    1.530062598    1.324705732
   4  H1      1.00   -0.232859016    2.146408850   -1.606878640
   5  H2      1.00    1.640340926   -0.607347244   -1.692852230
   6  H3      1.00   -1.555940182   -1.182258772   -1.650045176

 Bond lengths in Bohr (Angstrom)

 1-2  1.889726125  1-3  2.753147899  1-4  2.267671350  1-5  1.889726125  1-6  2.078698737
     ( 1.000000000)     ( 1.456903126)     ( 1.200000000)     ( 1.000000000)     ( 1.100000000)

 2-3  1.700753512
     ( 0.900000000)

 Bond angles

  1-2-3  100.00000000   1-3-2   42.52871831   2-1-3   37.47128169   2-1-4  110.00000000

  2-1-5  112.00000000   2-1-6  108.00000000   3-1-4   72.53541247   3-1-5  124.77080450

  3-1-6  122.35819425   4-1-5  106.16474364   4-1-6  110.93855856   5-1-6  109.76337377

 NUCLEAR CHARGE:                   18
 NUMBER OF PRIMITIVE AOS:         228
 NUMBER OF SYMMETRY AOS:          206
 NUMBER OF CONTRACTIONS:          178   (  178A   )
 NUMBER OF INNER CORE ORBITALS:     0   (    0A   )
 NUMBER OF OUTER CORE ORBITALS:     2   (    2A   )
 NUMBER OF VALENCE ORBITALS:       12   (   12A   )


 NUCLEAR REPULSION ENERGY   50.07736182

 Eigenvalues of metric

         1 0.582E-04 0.115E-03 0.237E-03 0.263E-03 0.298E-03 0.410E-03 0.455E-03 0.528E-03


 Contracted 2-electron integrals neglected if value below      1.0D-14
 AO integral compression algorithm  1   Integral accuracy      1.0D-14

     1120.666 MB (compressed) written to integral file ( 94.0%)


 NUMBER OF SORTED TWO-ELECTRON INTEGRALS:  126906346.     BUFFER LENGTH:  32768
 NUMBER OF SEGMENTS:   8  SEGMENT LENGTH:   15999503      RECORD LENGTH: 524288

 Memory used in sort:      16.56 MW

 SORT1 READ   149034713. AND WROTE   125017727. INTEGRALS IN    360 RECORDS. CPU TIME:     0.95 SEC, REAL TIME:     1.46 SEC
 SORT2 READ   125017727. AND WROTE   126906346. INTEGRALS IN   4275 RECORDS. CPU TIME:     0.96 SEC, REAL TIME:     1.44 SEC

 FILE SIZES:   FILE 1:  1151.9 MBYTE,  FILE 4:  1510.0 MBYTE,   TOTAL:   2661.9 MBYTE

 OPERATOR DM      FOR CENTER  0  COORDINATES:    0.000000    0.000000    0.000000


 **********************************************************************************************************************************
 DATASETS  * FILE   NREC   LENGTH (MB)   RECORD NAMES
              1      19      956.71       500      610      700      900      950      970     1000      129      960     1100   
                                          VAR    BASINP    GEOM    SYMINP    ZMAT    AOBASIS   BASIS     P2S    ABASIS      S 
                                         1400     1410     1200     1210     1080     1600     1650     1300     1700   
                                           T        V       H0       H01     AOSYM     SMH    MOLCAS    ERIS     OPER   

 PROGRAMS   *        TOTAL       INT
 CPU TIMES  *        20.17     20.06
 REAL TIME  *         7.77 SEC
 DISK USED  *         2.48 GB
 **********************************************************************************************************************************


 Program * Restricted Hartree-Fock

 Orbital guess generated from atomic densities. Full valence occupancy:   14

 Initial occupancy:   9

 NELEC=   18   SYM=1   MS2= 0   THRE=1.0D-12   THRD=1.0D-06   THRG=1.0D-06  HFMA2=F  DIIS_START=2   DIIS_MAX=10   DIIS_INCORE=F

 Level shifts:    0.00 (CLOSED)    0.00 (OPEN)    0.30 (GAP_MIN)

 ITER           ETOT              DE          GRAD        DDIFF     DIIS  NEXP   TIME(IT)  TIME(TOT)  DIAG
   1     -114.73169842    -114.73169842     0.00D+00     0.54D-01     0     0       7.79     15.50    start
   2     -114.77450569      -0.04280727     0.66D-02     0.69D-02     1     0       7.85     23.35    diag
   3     -114.78562056      -0.01111486     0.34D-02     0.21D-02     2     0       7.41     30.76    diag
   4     -114.78615586      -0.00053531     0.52D-03     0.55D-03     3     0       7.58     38.34    diag
   5     -114.78617347      -0.00001761     0.92D-04     0.99D-04     4     0       7.63     45.97    diag
   6     -114.78617507      -0.00000159     0.20D-04     0.43D-04     5     0       8.05     54.02    diag
