New model:
   0    0    0    0    0    0    0    0    0    0    0    0   1.42020447
   0    0    0    0    0    0    0    0    0    0    0    0   0.95631445
   0    0    0    0    0    0    0    0    0    0    0    0   1.09061209
   0    0    0    0    0    0    0    0    0    0    0    0 108.10210467
   0    0    0    0    0    0    0    0    0    0    0    0 110.28974516
   0    0    0    0    0    0    0    0    0    0    0    0   2.27304878
   0    0    0    0    0    0    0    0    0    0    0    0   2.55392176
   0    0    0    0    0    0    0    0    0    0    0    0   1.85744195
   0    0    0    0    0    0    0    0    0    0    0    0  -0.04822980
   2    0    0    0    0    0    0    0    0    0    0    0 27007.59007706
   3    0    0    0    0    0    0    0    0    0    0    0 4399.09803087
   4    0    0    0    0    0    0    0    0    0    0    0 3111.48363561
   5    0    0    0    0    0    0    0    0    0    0    0 1746.32798481
   6    0    0    0    0    0    0    0    0    0    0    0 1243.69854899
   7    0    0    0    0    0    0    0    0    0    0    0 1414.55719185
   8    0    0    0    0    0    0    0    0    0    0    0 769.19436306

Grid of energies:
  1.42077677   0.96013932   1.08924348   1.08924348   1.08924348 108.12930637 110.16192385 110.16192385 110.16192385  60.00000000 180.00000000 300.00000000   0.00000000  -0.00257589   0.00257589
  1.39577677   0.96013932   1.08924348   1.08924348   1.08924348 108.12930637 110.16192385 110.16192385 110.16192385  60.00000000 180.00000000 300.00000000  87.16695205  87.20793849  -0.04098643
  1.44577677   0.96013932   1.08924348   1.08924348   1.08924348 108.12930637 110.16192385 110.16192385 110.16192385  60.00000000 180.00000000 300.00000000  86.93763465  86.89997568   0.03765896
  1.47077677   0.96013932   1.08924348   1.08924348   1.08924348 108.12930637 110.16192385 110.16192385 110.16192385  60.00000000 180.00000000 300.00000000 324.57237006 324.52725927   0.04511079
  1.37077677   0.96013932   1.08924348   1.08924348   1.08924348 108.12930637 110.16192385 110.16192385 110.16192385  60.00000000 180.00000000 300.00000000 374.95478966 374.99125864  -0.03646897
  1.32077677   0.96013932   1.08924348   1.08924348   1.08924348 108.12930637 110.16192385 110.16192385 110.16192385  60.00000000 180.00000000 300.00000000 1676.20048101 1676.17656377   0.02391724
  1.52077677   0.96013932   1.08924348   1.08924348   1.08924348 108.12930637 110.16192385 110.16192385 110.16192385  60.00000000 180.00000000 300.00000000 1171.54666712 1171.55299077  -0.00632365
  1.54577677   0.96013932   1.08924348   1.08924348   1.08924348 108.12930637 110.16192385 110.16192385 110.16192385  60.00000000 180.00000000 300.00000000 1746.37661517 1746.40311822  -0.02650305
  1.29577677   0.96013932   1.08924348   1.08924348   1.08924348 108.12930637 110.16192385 110.16192385 110.16192385  60.00000000 180.00000000 300.00000000 2762.17547727 2762.13661047   0.03886680
  1.57077677   0.96013932   1.08924348   1.08924348   1.08924348 108.12930637 110.16192385 110.16192385 110.16192385  60.00000000 180.00000000 300.00000000 2402.34774494 2402.36295032  -0.01520538
  1.27077677   0.96013932   1.08924348   1.08924348   1.08924348 108.12930637 110.16192385 110.16192385 110.16192385  60.00000000 180.00000000 300.00000000 4194.92178831 4194.95838209  -0.03659378
  1.62077677   0.96013932   1.08924348   1.08924348   1.08924348 108.12930637 110.16192385 110.16192385 110.16192385  60.00000000 180.00000000 300.00000000 3908.12154681 3908.14235897  -0.02081215
  1.22077677   0.96013932   1.08924348   1.08924348   1.08924348 108.12930637 110.16192385 110.16192385 110.16192385  60.00000000 180.00000000 300.00000000 8305.95507338 8305.95083322   0.00424016
  1.72077677   0.96013932   1.08924348   1.08924348   1.08924348 108.12930637 110.16192385 110.16192385 110.16192385  60.00000000 180.00000000 300.00000000 7421.48904964 7421.41855354   0.07049610
  1.12077677   0.96013932   1.08924348   1.08924348   1.08924348 108.12930637 110.16192385 110.16192385 110.16192385  60.00000000 180.00000000 300.00000000 23385.70072957 23385.80016508  -0.09943551
  1.82077677   0.96013932   1.08924348   1.08924348   1.08924348 108.12930637 110.16192385 110.16192385 110.16192385  60.00000000 180.00000000 300.00000000 11225.00911070 11225.07725363  -0.06814293
  1.92077677   0.96013932   1.08924348   1.08924348   1.08924348 108.12930637 110.16192385 110.16192385 110.16192385  60.00000000 180.00000000 300.00000000 15017.63777616 15017.57657579   0.06120037
  2.02077677   0.96013932   1.08924348   1.08924348   1.08924348 108.12930637 110.16192385 110.16192385 110.16192385  60.00000000 180.00000000 300.00000000 18613.58464108 18613.24524578   0.33939531
  2.12077677   0.96013932   1.08924348   1.08924348   1.08924348 108.12930637 110.16192385 110.16192385 110.16192385  60.00000000 180.00000000 300.00000000 21899.02940274 21903.52909804  -4.49969530
