************************************************************************************************************************************
 ************************************************************************************************************************************
 ************************************************************************************************************************************
 ****************                                                                                                    ****************
 ****************          *  FITTING OF THE POTENTIAL PARAMETERS TO AB INITIO DATA                                  ****************
 ****************          *                                                                                         ****************
 ****************          *  2016                                                                                   ****************
 ****************          *  C2H6                                                                                   ****************

 ****************                                                                                                    ****************
 ************************************************************************************************************************************
 ************************************************************************************************************************************
 ************************************************************************************************************************************
 
        12 <= number of degrees of freedom
         5 <= number of bonds
         7 <= number of bond angles
        40 <= number of iterations in the fit
  0.000000 <= The fit is over if the stability is reached 
  0.000010 <= The fit is over if the st.dev. best is reached 
  1.000000 <= sterr parameter out 
  0.000010 <= stdev parameter out 
         1 <= watson robust on (1) or of (0) 
         8 <= number of non-linear parameters
 parameters of structure 
rCOe      =           1.422
rOHe      =           0.956
rCH       =           1.091
aHOC      =         108.102
aHCO      =         110.290
a1        =           2.170
a2        =           2.554
b1        =           1.857
Lowest energy = -115.609751    

   ------------------------------------------------------------------
   |   iter  |  points |    deviat     |     rms       |  stability  |
   ------------------------------------------------------------------
   |     1   |    168  |   0.99110E+01 |  0.19629E+03  |   0.832E+08 |
   |     2   |    168  |   0.31924E+01 |  0.28050E+03  |   0.156E+02 |
   |     3   |    168  |   0.17421E+01 |  0.69234E+03  |   0.162E+00 |
   |     4   |    168  |   0.11791E+01 |  0.17632E+04  |   0.187E+01 |
   |     5   |    168  |   0.12202E+01 |  0.48714E+03  |   0.760E+00 |
   |     6   |    168  |   0.93888E+00 |  0.16826E+04  |   0.232E+01 |
   |     7   |    168  |   0.11004E+01 |  0.35124E+03  |   0.848E+00 |
   |     8   |    168  |   0.88333E+00 |  0.16005E+04  |   0.386E+01 |
   |     9   |    168  |   0.99556E+00 |  0.31544E+03  |   0.823E+00 |
   |    10   |    168  |   0.86188E+00 |  0.15763E+04  |   0.362E+01 |
   |    11   |    168  |   0.96697E+00 |  0.31785E+03  |   0.813E+00 |
   |    12   |    168  |   0.86133E+00 |  0.15745E+04  |   0.411E+01 |
   |    13   |    168  |   0.92970E+00 |  0.32613E+03  |   0.816E+00 |
   |    14   |    168  |   0.86133E+00 |  0.15745E+04  |   0.442E+01 |
   |    15   |    168  |   0.91285E+00 |  0.34617E+03  |   0.814E+00 |
   |    16   |    168  |   0.86133E+00 |  0.15745E+04  |   0.440E+01 |
   |    17   |    168  |   0.91229E+00 |  0.34363E+03  |   0.815E+00 |
   |    18   |    168  |   0.86133E+00 |  0.15745E+04  |   0.439E+01 |
   |    19   |    168  |   0.91225E+00 |  0.34329E+03  |   0.815E+00 |
   |    20   |    168  |   0.86133E+00 |  0.15745E+04  |   0.439E+01 |
   |    21   |    168  |   0.91225E+00 |  0.34327E+03  |   0.815E+00 |
   |    22   |    168  |   0.86133E+00 |  0.15745E+04  |   0.439E+01 |
   |    23   |    168  |   0.91225E+00 |  0.34327E+03  |   0.815E+00 |
   |    24   |    168  |   0.86133E+00 |  0.15745E+04  |   0.439E+01 |
   |    25   |    168  |   0.91225E+00 |  0.34327E+03  |   0.815E+00 |
   |    26   |    168  |   0.86133E+00 |  0.15745E+04  |   0.439E+01 |
   |    27   |    168  |   0.91225E+00 |  0.34327E+03  |   0.815E+00 |
   |    28   |    168  |   0.86133E+00 |  0.15745E+04  |   0.439E+01 |
   |    29   |    168  |   0.91225E+00 |  0.34327E+03  |   0.815E+00 |
   |    30   |    168  |   0.86133E+00 |  0.15745E+04  |   0.439E+01 |
   |    31   |    168  |   0.91225E+00 |  0.34327E+03  |   0.815E+00 |
   |    32   |    168  |   0.86133E+00 |  0.15745E+04  |   0.439E+01 |
   |    33   |    168  |   0.91225E+00 |  0.34327E+03  |   0.815E+00 |
   |    34   |    168  |   0.86133E+00 |  0.15745E+04  |   0.439E+01 |
   |    35   |    168  |   0.91225E+00 |  0.34327E+03  |   0.815E+00 |
   |    36   |    168  |   0.86133E+00 |  0.15745E+04  |   0.439E+01 |
   |    37   |    168  |   0.91225E+00 |  0.34327E+03  |   0.815E+00 |
   |    38   |    168  |   0.86133E+00 |  0.15745E+04  |   0.439E+01 |
   |    39   |    168  |   0.91225E+00 |  0.34327E+03  |   0.815E+00 |
   |    40   |    168  |   0.86133E+00 |  0.15745E+04  |   0.439E+01 |
   |    41   |    168  |   0.91225E+00 |  0.34327E+03  |   0.815E+00 |

Watson Alpha parameter  0.1000 fitted with rms2 = 


Potential parameters rounded in accord. with their standart errors

rC  0  0  0  0  0  0  0  0  0  0  0  0   9            1.4202    (      17)
rO  0  0  0  0  0  0  0  0  0  0  0  0   9            0.9572    (      13)
rC  0  0  0  0  0  0  0  0  0  0  0  0   9            1.0907    (      13)
aH  0  0  0  0  0  0  0  0  0  0  0  0   9            107.63    (      31)
aH  0  0  0  0  0  0  0  0  0  0  0  0   9            110.20    (      18)
a1  0  0  0  0  0  0  0  0  0  0  0  0   0   2.1702389    
a2  0  0  0  0  0  0  0  0  0  0  0  0   0   2.5539218    
b1  0  0  0  0  0  0  0  0  0  0  0  0   0   1.8574419    
 f  0  0  0  0  0  0  0  0  0  0  0  0   9       -25373229.2    (      88)
 f  0  0  0  0  0  0  0  0  0  0  0  3   9              129.    (      11)
 f  0  0  0  0  0  0  0  0  0  0  0  6   9                1.    (      11)
 f  0  0  0  0  0  0  0  0  0  0  0  9   9                0.    (      11)
 f  0  0  0  0  0  0  0  0  0  0  0 12   9                0.    (      11)
 f  0  0  0  0  0  0  0  0  0  0  0 15   9                0.    (      11)
 f  0  0  0  0  0  0  0  0  0  0  0 18   9                0.    (      11)
 f  2  0  0  0  0  0  0  0  0  0  0  0   9            29627.    (    1531)
 f  3  0  0  0  0  0  0  0  0  0  0  0   9             3630.    (    7054)
 f  4  0  0  0  0  0  0  0  0  0  0  0   9             2972.    (   38645)
 f  5  0  0  0  0  0  0  0  0  0  0  0   9             1724.    (   66555)
 f  6  0  0  0  0  0  0  0  0  0  0  0   9              992.    (  299988)
 f  7  0  0  0  0  0  0  0  0  0  0  0   9              940.    (  177516)
 f  8  0  0  0  0  0  0  0  0  0  0  0   9              781.    (  680577)
 f  0  2  0  0  0  0  0  0  0  0  0  0   9            32419.    (    1514)
 f  0  3  0  0  0  0  0  0  0  0  0  0   9             2610.    (    7122)
 f  0  4  0  0  0  0  0  0  0  0  0  0   9             3115.    (   36883)
 f  0  5  0  0  0  0  0  0  0  0  0  0   9             1793.    (   70398)
 f  0  6  0  0  0  0  0  0  0  0  0  0   9             1355.    (  279764)
 f  0  7  0  0  0  0  0  0  0  0  0  0   9              955.    (  202617)
 f  0  8  0  0  0  0  0  0  0  0  0  0   9              116.    (  656630)
 f  0  0  2  0  0  0  0  0  0  0  0  0   9           114545.    (    3416)
 f  0  0  3  0  0  0  0  0  0  0  0  0   9            -5640.    (   21274)
 f  0  0  4  0  0  0  0  0  0  0  0  0   9             8540.    (  105219)
 f  0  0  5  0  0  0  0  0  0  0  0  0   9             3336.    (  240897)
 f  0  0  6  0  0  0  0  0  0  0  0  0   9             2819.    (  996415)
 f  0  0  7  0  0  0  0  0  0  0  0  0   9             1954.    (  754757)
 f  0  0  8  0  0  0  0  0  0  0  0  0   9             -468.    ( 2833255)
 f  0  0  0  1  0  0  0  0  0  0  0  1   9             4144.    (    1378)
 f  0  0  0  2  0  0  0  0  0  0  0  1   9             4601.    (    9526)
 f  0  0  0  3  0  0  0  0  0  0  0  1   9             3431.    (   56052)
 f  0  0  0  4  0  0  0  0  0  0  0  1   9             1941.    (  319538)
 f  0  0  0  5  0  0  0  0  0  0  0  1   9             1430.    (  656786)
 f  0  0  0  6  0  0  0  0  0  0  0  1   9             3438.    ( 3245238)
 f  0  0  0  7  0  0  0  0  0  0  0  1   9             -339.    ( 2126490)
 f  0  0  0  8  0  0  0  0  0  0  0  1   9            -7169.    ( 9620943)
 f  0  0  0  0  0  2  0  0  0  0  0  0   9            19868.    (     954)
 f  0  0  0  0  0  3  0  0  0  0  0  0   9            -7693.    (   11318)
 f  0  0  0  0  0  4  0  0  0  0  0  0   9            -1264.    (   14720)
 f  0  0  0  0  0  5  0  0  0  0  0  0   9             -509.    (  115868)
 f  0  0  0  0  0  6  0  0  0  0  0  0   9             -232.    (  117501)
 f  0  0  0  0  0  7  0  0  0  0  0  0   9             -301.    (  285100)
 f  0  0  0  0  0  8  0  0  0  0  0  0   9              456.    (  304731)
 f  0  0  0  0  0  0  2  0  0  0  0  0   9            84715.    (    2373)
 f  0  0  0  0  0  0  3  0  0  0  0  0   9           -11684.    (   30094)
 f  0  0  0  0  0  0  4  0  0  0  0  0   9             6943.    (   51133)
 f  0  0  0  0  0  0  5  0  0  0  0  0   9            -1228.    (  301393)
 f  0  0  0  0  0  0  6  0  0  0  0  0   9            -3271.    (  413929)
 f  0  0  0  0  0  0  7  0  0  0  0  0   9             3058.    (  725344)
 f  0  0  0  0  0  0  8  0  0  0  0  0   9            -1818.    (  951240)
 f  0  0  0  0  0  0  0  1  0  0  0  1   9            14927.    (    1367)
 f  0  0  0  0  0  0  0  2  0  0  0  1   9            -7451.    (    5295)
 f  0  0  0  0  0  0  0  3  0  0  0  1   9              -62.    (   75890)
 f  0  0  0  0  0  0  0  4  0  0  0  1   9             1556.    (  124321)
 f  0  0  0  0  0  0  0  5  0  0  0  1   9            -3920.    (  762058)
 f  0  0  0  0  0  0  0  6  0  0  0  1   9             3782.    ( 1038031)
 f  0  0  0  0  0  0  0  7  0  0  0  1   9            -2761.    ( 1834374)
 f  0  0  0  0  0  0  0  8  0  0  0  1   9              692.    ( 2401004)
 f  0  0  0  0  0  0  0  0  0  1  0  1   9             -803.    (     216)
 f  0  0  0  0  0  0  0  0  0  2  0  0   9            20038.    (    1708)
 f  0  0  0  0  0  0  0  0  0  2  0  1   9             1046.    (    6378)
 f  0  0  0  0  0  0  0  0  0  1  2  0   9           -51524.    (   18912)
 h  0  0  0  0  0  0  0  0  0  2  1 -1   9             -842.    (    1873)
 f  0  0  0  0  0  0  0  0  0  4  0  0   9           -11476.    (   82222)
 f  0  0  0  0  0  0  0  0  0  4  0  1   9           -46436.    (  199053)
 f  0  0  0  0  0  0  0  0  0  5  0  0   9          -111765.    (   51534)
 f  0  0  0  0  0  0  0  0  0  4  2  0   9          -111116.    ( 1329528)
 f  0  0  0  0  0  0  0  0  0  2  4  0   9           330754.    (  492089)
 f  0  0  0  0  0  0  0  0  0  7  0  0   9            45386.    (   63462)
 f  0  0  0  0  0  0  0  0  0  8  0  0   9           -10608.    (  101196)
 f  0  0  0  0  0  0  0  0  0  8  0  1   9           -42796.    (  207586)
------------------------------
*  FITTING OF THE POTENTIAL PARAMETERS TO AB INITIO DATA                        
*                                                                               
*  2016                                                                         
*  C2H6                                                                         
      rCOe                        9          1.42019985
      rOHe                        9          0.95721800
       rCH                        9          1.09071653
      aHOC                        9        107.63280823
      aHCO                        9        110.20180448
        a1                        0          2.17023887
        a2                        0          2.55392176
        b1                        0          1.85744195
 f   0   0   0   0   0   0   0   0   0   0   0   0   9  -25373229.19826051
 f   0   0   0   0   0   0   0   0   0   0   0   3   9        128.63155743
 f   0   0   0   0   0   0   0   0   0   0   0   6   9          0.72742716
 f   0   0   0   0   0   0   0   0   0   0   0   9   9          0.00824769
 f   0   0   0   0   0   0   0   0   0   0   0  12   9          0.00610552
 f   0   0   0   0   0   0   0   0   0   0   0  15   9          0.00239648
 f   0   0   0   0   0   0   0   0   0   0   0  18   9          0.00224342
 f   2   0   0   0   0   0   0   0   0   0   0   0   9      29626.85273301
 f   3   0   0   0   0   0   0   0   0   0   0   0   9       3629.93824893
 f   4   0   0   0   0   0   0   0   0   0   0   0   9       2972.37972703
 f   5   0   0   0   0   0   0   0   0   0   0   0   9       1723.60014176
 f   6   0   0   0   0   0   0   0   0   0   0   0   9        991.68571375
 f   7   0   0   0   0   0   0   0   0   0   0   0   9        940.08371540
 f   8   0   0   0   0   0   0   0   0   0   0   0   9        780.53078692
 f   0   2   0   0   0   0   0   0   0   0   0   0   9      32418.90836534
 f   0   3   0   0   0   0   0   0   0   0   0   0   9       2610.42359264
 f   0   4   0   0   0   0   0   0   0   0   0   0   9       3114.58499765
 f   0   5   0   0   0   0   0   0   0   0   0   0   9       1792.84624888
 f   0   6   0   0   0   0   0   0   0   0   0   0   9       1355.11900442
 f   0   7   0   0   0   0   0   0   0   0   0   0   9        955.08623253
 f   0   8   0   0   0   0   0   0   0   0   0   0   9        115.59567483
 f   0   0   2   0   0   0   0   0   0   0   0   0   9     114545.46590738
 f   0   0   3   0   0   0   0   0   0   0   0   0   9      -5639.95354676
 f   0   0   4   0   0   0   0   0   0   0   0   0   9       8540.06109569
 f   0   0   5   0   0   0   0   0   0   0   0   0   9       3335.77144491
 f   0   0   6   0   0   0   0   0   0   0   0   0   9       2818.99390186
 f   0   0   7   0   0   0   0   0   0   0   0   0   9       1954.22311871
 f   0   0   8   0   0   0   0   0   0   0   0   0   9       -467.89284334
 f   0   0   0   1   0   0   0   0   0   0   0   1   9       4144.02391070
 f   0   0   0   2   0   0   0   0   0   0   0   1   9       4600.68694700
 f   0   0   0   3   0   0   0   0   0   0   0   1   9       3430.79432690
 f   0   0   0   4   0   0   0   0   0   0   0   1   9       1940.98372825
 f   0   0   0   5   0   0   0   0   0   0   0   1   9       1430.28160289
 f   0   0   0   6   0   0   0   0   0   0   0   1   9       3437.74072341
 f   0   0   0   7   0   0   0   0   0   0   0   1   9       -338.86615964
 f   0   0   0   8   0   0   0   0   0   0   0   1   9      -7169.13567590
 f   0   0   0   0   0   2   0   0   0   0   0   0   9      19868.28502801
 f   0   0   0   0   0   3   0   0   0   0   0   0   9      -7693.03304512
 f   0   0   0   0   0   4   0   0   0   0   0   0   9      -1263.69005988
 f   0   0   0   0   0   5   0   0   0   0   0   0   9       -509.00547993
 f   0   0   0   0   0   6   0   0   0   0   0   0   9       -232.33893468
 f   0   0   0   0   0   7   0   0   0   0   0   0   9       -301.41585183
 f   0   0   0   0   0   8   0   0   0   0   0   0   9        456.25170052
 f   0   0   0   0   0   0   2   0   0   0   0   0   9      84714.65698267
 f   0   0   0   0   0   0   3   0   0   0   0   0   9     -11684.06187320
 f   0   0   0   0   0   0   4   0   0   0   0   0   9       6943.19098017
 f   0   0   0   0   0   0   5   0   0   0   0   0   9      -1227.91187603
 f   0   0   0   0   0   0   6   0   0   0   0   0   9      -3271.00424398
 f   0   0   0   0   0   0   7   0   0   0   0   0   9       3057.90538550
 f   0   0   0   0   0   0   8   0   0   0   0   0   9      -1817.95034942
 f   0   0   0   0   0   0   0   1   0   0   0   1   9      14927.29321705
 f   0   0   0   0   0   0   0   2   0   0   0   1   9      -7450.63796157
 f   0   0   0   0   0   0   0   3   0   0   0   1   9        -61.55879117
 f   0   0   0   0   0   0   0   4   0   0   0   1   9       1555.91318195
 f   0   0   0   0   0   0   0   5   0   0   0   1   9      -3920.10996169
 f   0   0   0   0   0   0   0   6   0   0   0   1   9       3782.09933979
 f   0   0   0   0   0   0   0   7   0   0   0   1   9      -2760.88021045
 f   0   0   0   0   0   0   0   8   0   0   0   1   9        691.59630977
 f   0   0   0   0   0   0   0   0   0   1   0   1   9       -803.26339143
 f   0   0   0   0   0   0   0   0   0   2   0   0   9      20037.77500229
 f   0   0   0   0   0   0   0   0   0   2   0   1   9       1046.21011427
 f   0   0   0   0   0   0   0   0   0   1   2   0   9     -51523.97326997
 h   0   0   0   0   0   0   0   0   0   2   1  -1   9       -841.64587311
 f   0   0   0   0   0   0   0   0   0   4   0   0   9     -11475.52104124
 f   0   0   0   0   0   0   0   0   0   4   0   1   9     -46435.60021241
 f   0   0   0   0   0   0   0   0   0   5   0   0   9    -111765.27135976
 f   0   0   0   0   0   0   0   0   0   4   2   0   9    -111115.54921529
 f   0   0   0   0   0   0   0   0   0   2   4   0   9     330753.56136077
 f   0   0   0   0   0   0   0   0   0   7   0   0   9      45386.24128880
 f   0   0   0   0   0   0   0   0   0   8   0   0   9     -10607.74662079
 f   0   0   0   0   0   0   0   0   0   8   0   1   9     -42796.16785170

   ------------------------------------------------------------------
   |   iter  |  points |    deviat     |     rms       |  stability  |
   ------------------------------------------------------------------

Correlation coefficients larger than 0.9: 
          corr(   1,  14) =  0.9126795
          corr(   3,  28) =  0.9230482
          corr(   5,  50) =  0.9223549
          corr(  13,  15) =  0.9687468
          corr(  13,  17) =  0.9285756
          corr(  14,  16) =  0.9711440
          corr(  14,  18) =  0.9206256
          corr(  15,  17) =  0.9877582
          corr(  15,  19) =  0.9675859
          corr(  16,  18) =  0.9856115
          corr(  17,  19) =  0.9948214
          corr(  20,  22) =  0.9393457
          corr(  21,  23) =  0.9672906
          corr(  21,  25) =  0.9147102
          corr(  22,  24) =  0.9788598
          corr(  22,  26) =  0.9351239
          corr(  23,  25) =  0.9858747
          corr(  24,  26) =  0.9871476
          corr(  27,  29) =  0.9361362
          corr(  28,  30) =  0.9752128
          corr(  28,  32) =  0.9399812
          corr(  29,  31) =  0.9780608
          corr(  29,  33) =  0.9422121
          corr(  30,  32) =  0.9913377
          corr(  31,  33) =  0.9909674
          corr(  34,  36) =  0.9195742
          corr(  35,  37) =  0.9621717
          corr(  35,  39) =  0.9034715
          corr(  36,  38) =  0.9750616
          corr(  36,  40) =  0.9370540
          corr(  37,  39) =  0.9843147
          corr(  37,  41) =  0.9603214
          corr(  38,  40) =  0.9901016
          corr(  39,  41) =  0.9942385
          corr(  43,  45) =  0.9932073
          corr(  43,  46) =  0.9185525
          corr(  43,  47) =  0.9866205
          corr(  43,  48) =  0.9780920
          corr(  45,  46) =  0.9259674
          corr(  45,  47) =  0.9988340
          corr(  45,  48) =  0.9909449
          corr(  46,  47) =  0.9242833
          corr(  46,  48) =  0.9643773
          corr(  47,  48) =  0.9920710
          corr(  50,  52) =  0.9952091
          corr(  50,  54) =  0.9906222
          corr(  51,  53) =  0.9322122
          corr(  52,  54) =  0.9991950
          corr(  53,  55) =  0.9866391
          corr(  56,  58) =  0.9213584
          corr(  58,  60) =  0.9952941
          corr(  58,  62) =  0.9907469
          corr(  59,  61) =  0.9402039
          corr(  60,  62) =  0.9991980
          corr(  61,  63) =  0.9885677
          corr(  64,  68) =  0.9508274
          corr(  69,  70) =  0.9534605
          corr(  69,  72) =  0.9852550
          corr(  69,  75) =  0.9792220
          corr(  69,  76) =  0.9668269
          corr(  70,  72) =  0.9897152
          corr(  70,  73) =  0.9604222
          corr(  70,  75) =  0.9693355
          corr(  70,  76) =  0.9533362
          corr(  72,  73) =  0.9202927
          corr(  72,  75) =  0.9863616
          corr(  72,  76) =  0.9759929
          corr(  75,  76) =  0.9569842

               --------------------------------------------------------------------------------
               :     old parm   :     new parm   :  delta parm  :   std. err.  : sensitility
               --------------------------------------------------------------------------------
  1  rCOe       :          1.42  :          1.42  :        -0.000:         0.002:         0.000:!
  2  rOHe       :          0.96  :          0.96  :         0.000:         0.001:         0.000:!
  3  rCH        :          1.09  :          1.09  :         0.000:         0.001:         0.000:!
  4  aHOC       :        107.63  :        107.63  :         0.000:         0.307:         0.000:!
  5  aHCO       :        110.20  :        110.20  :         0.000:         0.185:         0.000:!
  6  f          :  -25373229.20  :  -25373229.20  :        -0.001:         8.772:         0.001:!
  7  f          :        128.63  :        128.63  :         0.001:        10.958:         0.001:!
  8##f          :          0.73  :          0.73  :        -0.001:        11.069:         0.001:!#
  9##f          :          0.01  :          0.01  :         0.001:        10.958:         0.001:!#
 10##f          :          0.01  :          0.01  :        -0.001:        11.069:         0.001:!#
 11##f          :          0.00  :          0.00  :         0.001:        10.958:         0.001:!#
 12##f          :          0.00  :          0.00  :        -0.001:        11.069:         0.001:!#
 13  f          :      29626.28  :      29626.85  :         0.572:      1531.002:         0.030: 
 14##f          :       3630.28  :       3629.94  :        -0.345:      7053.781:         0.063: #
 15##f          :       2982.96  :       2972.38  :       -10.584:     38645.498:         0.126: #
 16##f          :       1718.94  :       1723.60  :         4.661:     66555.369:         0.245: #
 17##f          :        922.22  :        991.69  :        69.467:    299988.498:         0.469: #
 18##f          :        955.92  :        940.08  :       -15.839:    177516.078:         0.889: #
 19##f          :        922.87  :        780.53  :      -142.339:    680577.439:         1.673: #
 20  f          :      32418.32  :      32418.91  :         0.589:      1513.933:         0.039: 
 21##f          :       2609.94  :       2610.42  :         0.485:      7121.588:         0.098: #
 22##f          :       3125.50  :       3114.58  :       -10.915:     36882.545:         0.236: #
 23##f          :       1798.32  :       1792.85  :        -5.473:     70398.401:         0.552: #
 24##f          :       1285.56  :       1355.12  :        69.561:    279763.845:         1.262: #
 25##f          :        937.24  :        955.09  :        17.847:    202616.783:         2.846: #
 26##f          :        257.63  :        115.60  :      -142.030:    656629.800:         6.344: #
 27  f          :     114543.65  :     114545.47  :         1.815:      3416.114:         0.085: 
 28##f          :      -5640.33  :      -5639.95  :         0.373:     21274.326:         0.211: #
 29##f          :       8579.04  :       8540.06  :       -38.976:    105219.136:         0.497: #
 30##f          :       3339.24  :       3335.77  :        -3.473:    240896.591:         1.139: #
 31##f          :       2515.68  :       2818.99  :       303.315:    996415.093:         2.573: #
 32##f          :       1949.44  :       1954.22  :         4.782:    754756.700:         5.758:!#
 33##f          :        292.11  :       -467.89  :      -759.999:   2833254.817:        12.794: #
 34  f          :       4143.97  :       4144.02  :         0.057:      1378.221:         0.077:!
 35##f          :       4599.59  :       4600.69  :         1.096:      9525.503:         0.216: #
 36##f          :       3434.58  :       3430.79  :        -3.785:     56052.347:         0.537: #
 37##f          :       1984.80  :       1940.98  :       -43.820:    319538.255:         1.266: #
 38##f          :       1374.43  :       1430.28  :        55.852:    656785.534:         2.910: #
 39##f          :       2953.04  :       3437.74  :       484.700:   3245238.365:         6.599: #
 40##f          :       -125.50  :       -338.87  :      -213.369:   2126490.274:        14.844: #
 41##f          :      -5668.39  :      -7169.14  :     -1500.750:   9620942.766:        33.213: #
 42  f          :      19867.80  :      19868.29  :         0.485:       953.773:         0.015: 
 43##f          :      -7693.20  :      -7693.03  :         0.170:     11317.973:         0.018: #
 44##f          :      -1258.21  :      -1263.69  :        -5.483:     14719.946:         0.022: #
 45##f          :       -508.29  :       -509.01  :        -0.720:    115867.678:         0.025: #
 46##f          :       -250.28  :       -232.34  :        17.941:    117500.757:         0.028: #
 47##f          :       -301.91  :       -301.42  :         0.495:    285100.428:         0.032: #
 48##f          :        471.10  :        456.25  :       -14.847:    304730.889:         0.036: #
 49  f          :      84713.14  :      84714.66  :         1.520:      2373.025:         0.066: 
 50##f          :     -11685.11  :     -11684.06  :         1.049:     30093.911:         0.133: #
 51##f          :       6961.59  :       6943.19  :       -18.395:     51133.370:         0.260: #
 52##f          :      -1217.06  :      -1227.91  :       -10.855:    301392.811:         0.501: #
 53##f          :      -3341.93  :      -3271.00  :        70.927:    413928.595:         0.961: #
 54##f          :       3031.46  :       3057.91  :        26.442:    725343.734:         1.840: #
 55##f          :      -1734.24  :      -1817.95  :       -83.713:    951239.972:         3.517: #
 56  f          :      14927.29  :      14927.29  :        -0.001:      1367.309:         0.075:!
 57  f          :      -7450.64  :      -7450.64  :        -0.000:      5294.943:         0.166:!
 58##f          :        -61.56  :        -61.56  :         0.001:     75890.042:         0.336:!#
 59##f          :       1555.91  :       1555.91  :        -0.002:    124321.430:         0.657:!#
 60##f          :      -3920.11  :      -3920.11  :        -0.002:    762057.652:         1.267:!#
 61##f          :       3782.10  :       3782.10  :        -0.000:   1038030.939:         2.432:!#
 62##f          :      -2760.89  :      -2760.88  :         0.009:   1834373.946:         4.654:!#
 63##f          :        691.60  :        691.60  :        -0.005:   2401004.261:         8.896:!#
 64  f          :        770.45  :       -803.26  :     -1573.718:       215.855:         0.023: 
 65  f          :      23734.80  :      20037.78  :     -3697.028:      1707.807:         0.018: 
 66##f          :     -16311.05  :       1046.21  :     17357.257:      6377.588:         0.072: #
 67  f          :        925.63  :     -51523.97  :    -52449.607:     18912.397:         0.043: 
 68##h          :     -13757.11  :       -841.65  :     12915.462:      1872.644:         0.142: #
 69##f          :     -19682.78  :     -11475.52  :      8207.258:     82221.939:         0.027: #
 70##f          :      45471.04  :     -46435.60  :    -91906.637:    199052.817:         0.067: #
 71  f          :      -3030.19  :    -111765.27  :   -108735.082:     51534.138:         0.033: 
 72##f          :      89211.99  :    -111115.55  :   -200327.537:   1329528.464:         0.300: #
 73##f          :     -22633.65  :     330753.56  :    353387.216:    492088.537:         0.106: #
 74##f          :       1138.36  :      45386.24  :     44247.880:     63462.148:         0.029: #
 75##f          :      -4460.70  :     -10607.75  :     -6147.045:    101196.230:         0.027: #
 76##f          :       7453.36  :     -42796.17  :    -50249.525:    207586.196:         0.055: #

   ------------------------------------------------------------------
   |   iter  |  points |    deviat     |     rms       |  stability  |
   ------------------------------------------------------------------

   -----------------------------------------------------------
   |  param  |  points |   deviat    |    rms      | stability |
   -----------------------------------------------------------
   |    76   |    168  |   0.91225E+00 |  0.41647E+09  |    0.815E+00 |

############################################################################################
