************************************************************************************************************************************
 ************************************************************************************************************************************
 ************************************************************************************************************************************
 ****************                                                                                                    ****************
 ****************          *  FITTING OF THE POTENTIAL PARAMETERS TO AB INITIO DATA                                  ****************
 ****************          *                                                                                         ****************
 ****************          *  2016                                                                                   ****************
 ****************          *  C2H6                                                                                   ****************

 ****************                                                                                                    ****************
 ************************************************************************************************************************************
 ************************************************************************************************************************************
 ************************************************************************************************************************************
 
        12 <= number of degrees of freedom
         5 <= number of bonds
         7 <= number of bond angles
        20 <= number of iterations in the fit
  0.000000 <= The fit is over if the stability is reached 
  0.000010 <= The fit is over if the st.dev. best is reached 
  1.000000 <= sterr parameter out 
  0.000010 <= stdev parameter out 
         1 <= watson robust on (1) or of (0) 
         8 <= number of non-linear parameters
 parameters of structure 
rCOe      =           1.422
rOHe      =           0.956
rCH       =           1.091
aHOC      =         108.102
aHCO      =         110.290
a1        =           2.170
a2        =           2.554
b1        =           1.857
Lowest energy = -115.609500    

   ------------------------------------------------------------------
   |   iter  |  points |    deviat     |     rms       |  stability  |
   ------------------------------------------------------------------
   |     1   |     19  |   0.15036E+03 |  0.16622E+03  |   0.486E+08 |
   |     2   |     19  |   0.14886E+03 |  0.16455E+03  |   0.383E+00 |
   |     3   |     19  |   0.14737E+03 |  0.16291E+03  |   0.101E-01 |
   |     4   |     19  |   0.14590E+03 |  0.16128E+03  |   0.101E-01 |
   |     5   |     19  |   0.14444E+03 |  0.15966E+03  |   0.101E-01 |
   |     6   |     19  |   0.14300E+03 |  0.15807E+03  |   0.101E-01 |
   |     7   |     19  |   0.14157E+03 |  0.15649E+03  |   0.101E-01 |
   |     8   |     19  |   0.14015E+03 |  0.15492E+03  |   0.101E-01 |
   |     9   |     19  |   0.13875E+03 |  0.15337E+03  |   0.101E-01 |
   |    10   |     19  |   0.13736E+03 |  0.15184E+03  |   0.101E-01 |
   |    11   |     19  |   0.13599E+03 |  0.15032E+03  |   0.101E-01 |
   |    12   |     19  |   0.13463E+03 |  0.14881E+03  |   0.101E-01 |
   |    13   |     19  |   0.13328E+03 |  0.14732E+03  |   0.101E-01 |
   |    14   |     19  |   0.13195E+03 |  0.14585E+03  |   0.101E-01 |
   |    15   |     19  |   0.13063E+03 |  0.14439E+03  |   0.101E-01 |
   |    16   |     19  |   0.12933E+03 |  0.14294E+03  |   0.101E-01 |
   |    17   |     19  |   0.12803E+03 |  0.14151E+03  |   0.101E-01 |
   |    18   |     19  |   0.12675E+03 |  0.14010E+03  |   0.101E-01 |
   |    19   |     19  |   0.12549E+03 |  0.13870E+03  |   0.101E-01 |
   |    20   |     19  |   0.12423E+03 |  0.13731E+03  |   0.101E-01 |
   |    21   |     19  |   0.12299E+03 |  0.13593E+03  |   0.101E-01 |

Watson Alpha parameter  0.1000 fitted with rms2 = 


Potential parameters rounded in accord. with their standart errors

rC  0  0  0  0  0  0  0  0  0  0  0  0   9            1.4214    (      47)
rO  0  0  0  0  0  0  0  0  0  0  0  0   0  0.95631445    
rC  0  0  0  0  0  0  0  0  0  0  0  0   0   1.0906121    
aH  0  0  0  0  0  0  0  0  0  0  0  0   0   108.10210    
aH  0  0  0  0  0  0  0  0  0  0  0  0   0   110.28975    
a1  0  0  0  0  0  0  0  0  0  0  0  0   0   2.1702389    
a2  0  0  0  0  0  0  0  0  0  0  0  0   0   2.5539218    
b1  0  0  0  0  0  0  0  0  0  0  0  0   0   1.8574419    
 f  0  0  0  0  0  0  0  0  0  0  0  0   9        -25373253.    (      64)
 f  2  0  0  0  0  0  0  0  0  0  0  0   9            29641.    (    3979)
 f  3  0  0  0  0  0  0  0  0  0  0  0   9             3625.    (   11665)
 f  4  0  0  0  0  0  0  0  0  0  0  0   9             2937.    (   53674)
 f  5  0  0  0  0  0  0  0  0  0  0  0   9             1746.    (   75685)
 f  6  0  0  0  0  0  0  0  0  0  0  0   9             1185.    (  207198)
 f  7  0  0  0  0  0  0  0  0  0  0  0   9              851.    (  165998)
 f  8  0  0  0  0  0  0  0  0  0  0  0   9              333.    (  253626)
------------------------------
*  FITTING OF THE POTENTIAL PARAMETERS TO AB INITIO DATA                        
*                                                                               
*  2016                                                                         
*  C2H6                                                                         
      rCOe                        9          1.42139479
      rOHe                        0          0.95631445
       rCH                        0          1.09061209
      aHOC                        0        108.10210467
      aHCO                        0        110.28974516
        a1                        0          2.17023887
        a2                        0          2.55392176
        b1                        0          1.85744195
 f   0   0   0   0   0   0   0   0   0   0   0   0   9  -25373253.01515102
 f   2   0   0   0   0   0   0   0   0   0   0   0   9      29641.12239017
 f   3   0   0   0   0   0   0   0   0   0   0   0   9       3624.72000317
 f   4   0   0   0   0   0   0   0   0   0   0   0   9       2936.67586343
 f   5   0   0   0   0   0   0   0   0   0   0   0   9       1745.79080350
 f   6   0   0   0   0   0   0   0   0   0   0   0   9       1185.43060778
 f   7   0   0   0   0   0   0   0   0   0   0   0   9        851.39987055
 f   8   0   0   0   0   0   0   0   0   0   0   0   9        332.94518484

   ------------------------------------------------------------------
   |   iter  |  points |    deviat     |     rms       |  stability  |
   ------------------------------------------------------------------

Correlation coefficients larger than 0.9: 
          corr(   3,   5) =  0.9543206
          corr(   3,   7) =  0.9054162
          corr(   5,   7) =  0.9779945
          corr(   6,   8) =  0.9485135
          corr(   7,   9) =  0.9167757

               --------------------------------------------------------------------------------
               :     old parm   :     new parm   :  delta parm  :   std. err.  : sensitility
               --------------------------------------------------------------------------------
  1  rCOe       :          1.42  :          1.42  :        -0.000:         0.005:         0.000:!
  2  f          :  -25373252.01  :  -25373253.02  :        -1.007:        64.375:         1.367:!
  3  f          :      29641.26  :      29641.12  :        -0.133:      3978.835:        11.621:!
  4##f          :       3624.68  :       3624.72  :         0.039:     11664.832:        26.160:!#
  5##f          :       2936.58  :       2936.68  :         0.101:     53673.641:        56.023:!#
  6##f          :       1745.83  :       1745.79  :        -0.039:     75684.532:       116.768:!#
  7##f          :       1185.49  :       1185.43  :        -0.057:    207197.745:       238.718:!#
  8##f          :        851.11  :        851.40  :         0.287:    165997.573:       477.041:!#
  9##f          :        332.57  :        332.95  :         0.374:    253625.867:       912.750:!#

   ------------------------------------------------------------------
   |   iter  |  points |    deviat     |     rms       |  stability  |
   ------------------------------------------------------------------

   -----------------------------------------------------------
   |  param  |  points |   deviat    |    rms      | stability |
   -----------------------------------------------------------
   |     9   |     19  |   0.12299E+03 |  0.34684E+06  |    0.101E-01 |

############################################################################################
