************************************************************************************************************************************
 ************************************************************************************************************************************
 ************************************************************************************************************************************
 ****************                                                                                                    ****************
 ****************          *  FITTING OF THE POTENTIAL PARAMETERS TO AB INITIO DATA                                  ****************
 ****************          *                                                                                         ****************
 ****************          *  2016                                                                                   ****************
 ****************          *  C2H6                                                                                   ****************

 ****************                                                                                                    ****************
 ************************************************************************************************************************************
 ************************************************************************************************************************************
 ************************************************************************************************************************************
 
        12 <= number of degrees of freedom
         5 <= number of bonds
         7 <= number of bond angles
        40 <= number of iterations in the fit
  0.000000 <= The fit is over if the stability is reached 
  0.000010 <= The fit is over if the st.dev. best is reached 
  1.000000 <= sterr parameter out 
  0.000010 <= stdev parameter out 
         1 <= watson robust on (1) or of (0) 
         8 <= number of non-linear parameters
 parameters of structure 
rCOe      =           1.422
rOHe      =           0.956
rCH       =           1.091
aHOC      =         108.102
aHCO      =         110.290
a1        =           2.170
a2        =           2.554
b1        =           1.857
Lowest energy = -115.609514    

   ------------------------------------------------------------------
   |   iter  |  points |    deviat     |     rms       |  stability  |
   ------------------------------------------------------------------
   |     1   |     34  |   0.43308E+02 |  0.36857E+03  |   0.464E+08 |
   |     2   |     34  |   0.53612E+01 |  0.62294E+03  |   0.217E+02 |
   |     3   |     34  |   0.48616E+01 |  0.15546E+04  |   0.618E+00 |
   |     4   |     34  |   0.35005E+01 |  0.38342E+04  |   0.383E+00 |
   |     5   |     34  |   0.33699E+01 |  0.36102E+04  |   0.109E+00 |
   |     6   |     34  |   0.23537E+01 |  0.36347E+04  |   0.652E+00 |
   |     7   |     34  |   0.24123E+01 |  0.35407E+04  |   0.176E+00 |
   |     8   |     34  |   0.21225E+01 |  0.35105E+04  |   0.870E-01 |
   |     9   |     34  |   0.21198E+01 |  0.35031E+04  |   0.619E-01 |
   |    10   |     34  |   0.21163E+01 |  0.34996E+04  |   0.110E-02 |
   |    11   |     34  |   0.21163E+01 |  0.34995E+04  |   0.133E-02 |
   |    12   |     34  |   0.21163E+01 |  0.34995E+04  |   0.835E-05 |
   |    13   |     34  |   0.21163E+01 |  0.34995E+04  |   0.240E-04 |
   |    14   |     34  |   0.21163E+01 |  0.34994E+04  |   0.289E-06 |
   |    15   |     34  |   0.21163E+01 |  0.34994E+04  |   0.877E-06 |
   |    16   |     34  |   0.21163E+01 |  0.34994E+04  |   0.365E-07 |
   |    17   |     34  |   0.21163E+01 |  0.34994E+04  |   0.585E-07 |
   |    18   |     34  |   0.21163E+01 |  0.34994E+04  |   0.324E-08 |
   |    19   |     34  |   0.21163E+01 |  0.34994E+04  |   0.482E-08 |
   |    20   |     34  |   0.21163E+01 |  0.34994E+04  |   0.372E-09 |
   |    21   |     34  |   0.21163E+01 |  0.34994E+04  |   0.448E-09 |
   |    22   |     34  |   0.21163E+01 |  0.34994E+04  |   0.224E-10 |

Watson Alpha parameter  0.1000 fitted with rms2 = 


Potential parameters rounded in accord. with their standart errors

rC  0  0  0  0  0  0  0  0  0  0  0  0   0   1.4216743    
rO  0  0  0  0  0  0  0  0  0  0  0  0   0  0.95631445    
rC  0  0  0  0  0  0  0  0  0  0  0  0   0   1.0906121    
aH  0  0  0  0  0  0  0  0  0  0  0  0   0   108.10210    
aH  0  0  0  0  0  0  0  0  0  0  0  0   0   110.28975    
a1  0  0  0  0  0  0  0  0  0  0  0  0   0   2.1702389    
a2  0  0  0  0  0  0  0  0  0  0  0  0   0   2.5539218    
b1  0  0  0  0  0  0  0  0  0  0  0  0   0   1.8574419    
 f  0  0  0  0  0  0  0  0  0  0  0  0   9      -25373352.86    (      66)
 f  0  0  0  0  0  0  0  0  0  1  0  1   9             -803.    (      11)
 f  0  0  0  0  0  0  0  0  0  2  0  0   9            20036.    (     109)
 f  0  0  0  0  0  0  0  0  0  2  0  1   9             1048.    (     339)
 f  0  0  0  0  0  0  0  0  0  1  2  0   9           -51521.    (     971)
 h  0  0  0  0  0  0  0  0  0  2  1 -1   9              841.    (      96)
 f  0  0  0  0  0  0  0  0  0  4  0  0   9           -11444.    (    4387)
 f  0  0  0  0  0  0  0  0  0  4  0  1   9           -46496.    (   10509)
 f  0  0  0  0  0  0  0  0  0  5  0  0   9          -111757.    (    2647)
 f  0  0  0  0  0  0  0  0  0  4  2  0   9          -111537.    (   70265)
 f  0  0  0  0  0  0  0  0  0  2  4  0   9           330859.    (   25751)
 f  0  0  0  0  0  0  0  0  0  7  0  0   9            45381.    (    3260)
 f  0  0  0  0  0  0  0  0  0  8  0  0   9           -10574.    (    5348)
 f  0  0  0  0  0  0  0  0  0  8  0  1   9           -42855.    (   10944)
------------------------------
*  FITTING OF THE POTENTIAL PARAMETERS TO AB INITIO DATA                        
*                                                                               
*  2016                                                                         
*  C2H6                                                                         
      rCOe                        0          1.42167426
      rOHe                        0          0.95631445
       rCH                        0          1.09061209
      aHOC                        0        108.10210467
      aHCO                        0        110.28974516
        a1                        0          2.17023887
        a2                        0          2.55392176
        b1                        0          1.85744195
 f   0   0   0   0   0   0   0   0   0   0   0   0   9  -25373352.86302952
 f   0   0   0   0   0   0   0   0   0   1   0   1   9       -803.32440498
 f   0   0   0   0   0   0   0   0   0   2   0   0   9      20036.07220888
 f   0   0   0   0   0   0   0   0   0   2   0   1   9       1048.29984747
 f   0   0   0   0   0   0   0   0   0   1   2   0   9     -51520.73363559
 h   0   0   0   0   0   0   0   0   0   2   1  -1   9        841.14262610
 f   0   0   0   0   0   0   0   0   0   4   0   0   9     -11444.06840712
 f   0   0   0   0   0   0   0   0   0   4   0   1   9     -46495.89725202
 f   0   0   0   0   0   0   0   0   0   5   0   0   9    -111757.30419876
 f   0   0   0   0   0   0   0   0   0   4   2   0   9    -111537.41334205
 f   0   0   0   0   0   0   0   0   0   2   4   0   9     330859.48158911
 f   0   0   0   0   0   0   0   0   0   7   0   0   9      45381.06160202
 f   0   0   0   0   0   0   0   0   0   8   0   0   9     -10573.96623688
 f   0   0   0   0   0   0   0   0   0   8   0   1   9     -42855.40200810

   ------------------------------------------------------------------
   |   iter  |  points |    deviat     |     rms       |  stability  |
   ------------------------------------------------------------------

Correlation coefficients larger than 0.9: 
          corr(   2,   6) =  0.9508269
          corr(   7,   8) =  0.9555951
          corr(   7,  10) =  0.9855525
          corr(   7,  13) =  0.9798894
          corr(   7,  14) =  0.9678105
          corr(   8,  10) =  0.9902660
          corr(   8,  11) =  0.9613661
          corr(   8,  13) =  0.9709958
          corr(   8,  14) =  0.9557500
          corr(  10,  11) =  0.9229384
          corr(  10,  13) =  0.9871166
          corr(  10,  14) =  0.9772151
          corr(  13,  14) =  0.9592164

               --------------------------------------------------------------------------------
               :     old parm   :     new parm   :  delta parm  :   std. err.  : sensitility
               --------------------------------------------------------------------------------
  1  f          :  -25373352.86  :  -25373352.86  :         0.000:         0.656:         0.015:!
  2  f          :       -803.32  :       -803.32  :         0.000:        11.087:         0.111:!
  3  f          :      20036.07  :      20036.07  :        -0.000:       108.658:         0.088:!
  4  f          :       1048.30  :       1048.30  :        -0.000:       338.961:         0.352:!
  5  f          :     -51520.73  :     -51520.73  :         0.000:       971.363:         0.208:!
  6  h          :        841.14  :        841.14  :         0.000:        96.184:         0.690:!
  7  f          :     -11444.07  :     -11444.07  :        -0.000:      4386.725:         0.133:!
  8  f          :     -46495.90  :     -46495.90  :         0.000:     10509.231:         0.327:!
  9  f          :    -111757.30  :    -111757.30  :         0.000:      2646.940:         0.162:!
 10  f          :    -111537.41  :    -111537.41  :         0.000:     70265.286:         1.461:!
 11  f          :     330859.48  :     330859.48  :        -0.000:     25750.989:         0.519:!
 12  f          :      45381.06  :      45381.06  :        -0.000:      3259.760:         0.142:!
 13  f          :     -10573.97  :     -10573.97  :        -0.000:      5347.639:         0.133:!
 14  f          :     -42855.40  :     -42855.40  :         0.000:     10944.169:         0.269:!

   ------------------------------------------------------------------
   |   iter  |  points |    deviat     |     rms       |  stability  |
   ------------------------------------------------------------------

   -----------------------------------------------------------
   |  param  |  points |   deviat    |    rms      | stability |
   -----------------------------------------------------------
   |    14   |     34  |   0.21163E+01 |  0.41637E+09  |    0.224E-10 |

############################################################################################
