
 Working directory              : /tmp/asmola/molpro.NkJIoUUwbJ/
 Global scratch directory       : /tmp/asmola/molpro.NkJIoUUwbJ/
 Wavefunction directory         : /home/asmola/wfu/
 Main file repository           : /tmp/asmola/molpro.NkJIoUUwbJ/

 id        : uclcc

 Nodes                        nprocs
 vincent.theory.phys.ucl.ac.uk    1
 GA implementation: MPI file
 GA implementation (serial work in mppx): MPI file

 Using customized tuning parameters: mindgm=1; mindgv=20; mindgc=4; mindgr=1; noblas=0; minvec=7
 default implementation of scratch files=df  


 Variables initialized (1015), CPU time= 0.01 sec
 ***,Methanol Ground State Energy computing CV contribution to energies
 memory,500,m;
 
 gthresh,energy=1.d-10,zero=1.d-14,thrint=1.d-14,oneint=1.d-14,twoint=1.d-14,prefac=1.d-20
 
 geometry={angstrom
 c
 o , 1, rco
 h , 2, roh, 1, acoh
 h1, 1, rch1, 2, aoch1  3  ahh1
 h2, 1, rch2, 2, aoch2, 3, ahh2
 h3, 1, rch3, 2, aoch3, 3, ahh3
 }
 
 rco= 1.4296
 roh= 0.95887
 rch1= 1.092294
 rch2= 1.092294
 rch3= 1.092294
 acoh= 107.9812
 aoch1= 110.6646
 aoch2= 110.6646
 aoch3= 110.6646
 ahh1=60.00
 ahh2=180.00
 ahh3=300.00
 
 
 basis=aug-cc-pCVQZ-f12
 hf
 {ccsd(t)-f12,ri_basis=cc-pV5Z/jkfit,df_basis=aug-cc-pwCV5Z/mp2fit,gem_beta=1.5;
 core,0}
 
 E_pCVQZ = ENERGY(2)
 
 E_CV = energ_cv
 
 point = 1
 xxx = "mmm"
 table,xxx,rco,roh,rch1,rch2,rch3,acoh,aoch1,aoch2,aoch3,ahh1,ahh2,ahh3,E_CV,point
 DIGITS, 0, 8, 8, 8, 8, 8, 8, 8, 8, 8,  8,  8,  8, 10, 4
 
 
                                                                                 ! Output the energy
 
 Commands initialized (818), CPU time= 0.00 sec, 672 directives.
 Default parameters read. Elapsed time= 0.05 sec

 Checking input...
 Passed
1


                                         ***  PROGRAM SYSTEM MOLPRO  ***
                                       Copyright, TTI GmbH Stuttgart, 2015
                                    Version 2022.1 linked Mar  3 2022 23:20:00


 **********************************************************************************************************************************
 LABEL *   Methanol Ground State Energy computing CV contribution to energies            
  (14 PROC) 64 bit serial version                                                        DATE: 05-Aug-25          TIME: 13:57:28  
 **********************************************************************************************************************************

 SHA1:             31073afc4d8441e10870424e0d77336a33bc4286
 **********************************************************************************************************************************

 Memory per process:       500 MW
 Total memory per node:    500 MW

 GA preallocation disabled
 GA check disabled

 Variable memory set to 500.0 MW


 THRESHOLDS:

 ZERO    =  1.00D-14  ONEINT  =  1.00D-14  TWOINT  =  1.00D-14  PREFAC  =  1.00D-20  XXXXXX  =  1.00D-09  EORDER  =  1.00D-04
 ENERGY  =  1.00D-10  ETEST   =  0.00D+00  EDENS   =  0.00D+00  THRDEDEF=  1.00D-06  GRADIENT=  1.00D-05  STEP    =  1.00D-03
 ORBITAL =  1.00D-05  CIVEC   =  1.00D-05  COEFF   =  1.00D-04  PRINTCI =  5.00D-02  PUNCHCI =  9.90D+01  OPTGRAD =  3.00D-04
 OPTENERG=  1.00D-06  OPTSTEP =  3.00D-04  THRGRAD =  1.00D-10  COMPRESS=  1.00D-11  VARMIN  =  1.00D-07  VARMAX  =  1.00D-03
 THRDOUB =  0.00D+00  THRDIV  =  1.00D-05  THRRED  =  1.00D-07  THRPSP  =  1.00D+00  THRDC   =  1.00D-10  THRCS   =  1.00D-10
 THRNRM  =  1.00D-08  THREQ   =  0.00D+00  THRDE   =  1.00D+00  THRREF  =  1.00D-05  SPARFAC =  1.00D+00  THRDLP  =  1.00D-07
 THRDIA  =  1.00D-10  THRDLS  =  1.00D-07  THRGPS  =  0.00D+00  THRKEX  =  0.00D+00  THRDIS  =  2.00D-01  THRVAR  =  1.00D-10
 THRLOC  =  1.00D-06  THRGAP  =  1.00D-06  THRLOCT = -1.00D+00  THRGAPT = -1.00D+00  THRORB  =  1.00D-06  THRMLTP =  0.00D+00
 THRCPQCI=  1.00D-10  KEXTA   =  0.00D+00  THRCOARS=  0.00D+00  SYMTOL  =  1.00D-06  GRADTOL =  1.00D-06  THROVL  =  1.00D-08
 THRORTH =  1.00D-08  THRDLOVL= -1.00D+00  GRID    =  1.00D-06  GRIDMAX =  1.00D-03  DTMAX   =  0.00D+00  THROCCDE=  1.00D-01
 THROCCDE=  1.00D-01  THRPRINT=  2.50D-01

 SETTING RCO            =         1.42960000                                  
 SETTING ROH            =         0.95887000                                  
 SETTING RCH1           =         1.09229400                                  
 SETTING RCH2           =         1.09229400                                  
 SETTING RCH3           =         1.09229400                                  
 SETTING ACOH           =       107.98120000                                  
 SETTING AOCH1          =       110.66460000                                  
 SETTING AOCH2          =       110.66460000                                  
 SETTING AOCH3          =       110.66460000                                  
 SETTING AHH1           =        60.00000000                                  
 SETTING AHH2           =       180.00000000                                  
 SETTING AHH3           =       300.00000000                                  
 SETTING BASIS          =    AUG-CC-PCVQZ-F12


 Recomputing integrals since basis changed


 Using spherical harmonics

 Library entry C      S cc-pCVQZ-F12         selected for orbital group  1
 Library entry C      P cc-pCVQZ-F12         selected for orbital group  1
 Library entry C      D cc-pCVQZ-F12         selected for orbital group  1
 Library entry C      D vqz-f12-diff         selected for orbital group  1
 Library entry C      F cc-pCVQZ-F12         selected for orbital group  1
 Library entry C      F vqz-f12-diff         selected for orbital group  1
 Library entry C      G cc-pCVQZ-F12         selected for orbital group  1
 Library entry C      G vqz-f12-diff         selected for orbital group  1
 Library entry O      S cc-pCVQZ-F12         selected for orbital group  2
 Library entry O      P cc-pCVQZ-F12         selected for orbital group  2
 Library entry O      D cc-pCVQZ-F12         selected for orbital group  2
 Library entry O      D vqz-f12-diff         selected for orbital group  2
 Library entry O      F cc-pCVQZ-F12         selected for orbital group  2
 Library entry O      F vqz-f12-diff         selected for orbital group  2
 Library entry O      G cc-pCVQZ-F12         selected for orbital group  2
 Library entry O      G vqz-f12-diff         selected for orbital group  2
 Library entry H      S cc-pVQZ-F12          selected for orbital group  3
 Library entry H      P cc-pVQZ-F12          selected for orbital group  3
 Library entry H      P vqz-f12-diff         selected for orbital group  3
 Library entry H      D cc-pVQZ-F12          selected for orbital group  3
 Library entry H      D vqz-f12-diff         selected for orbital group  3
 Library entry H      F cc-pVQZ-F12          selected for orbital group  3
 Library entry H      F vqz-f12-diff         selected for orbital group  3


 PROGRAM * SEWARD (Integral evaluation for generally contracted gaussian basis sets)     Author: Roland Lindh, 1990

 Geometry written to block  1 of record 700

 Orientation using atomic masses  
 Molecule type: Asymmetric top
 Symmetry elements: X
 Rotational constants:      23.6333757     24.5065391    128.9114827 GHz  (calculated with average atomic masses)

 Point group  Cs  



 ATOMIC COORDINATES

 NR  ATOM    CHARGE       X              Y              Z

   1  C       6.00    0.000000000    0.021622205   -1.383678043
   2  O       8.00    0.000000000   -0.126383340    1.313817109
   3  H       1.00    0.000000000    1.563882378    1.966773405
   4  H1      1.00    1.672584827    1.025746373   -2.058106820
   5  H3      1.00   -1.672584827    1.025746373   -2.058106820
   6  H2      1.00    0.000000000   -1.866904676   -2.216820134

 Bond lengths in Bohr (Angstrom)

 1-2  2.701552468  1-4  2.064136508  1-5  2.064136508  1-6  2.064136508  2-3  1.812001689
     ( 1.429600000)     ( 1.092294000)     ( 1.092294000)     ( 1.092294000)     ( 0.958870000)

 Bond angles

  1-2-3  107.98120000   2-1-4  110.66460000   2-1-5  110.66460000   2-1-6  110.66460000

  4-1-5  108.25192757   4-1-6  108.25192757   5-1-6  108.25192757

 NUCLEAR CHARGE:                   18
 NUMBER OF PRIMITIVE AOS:         578
 NUMBER OF SYMMETRY AOS:          470
 NUMBER OF CONTRACTIONS:          430   (  259A'  +  171A"  )
 NUMBER OF INNER CORE ORBITALS:     0   (    0A'  +    0A"  )
 NUMBER OF OUTER CORE ORBITALS:     2   (    2A'  +    0A"  )
 NUMBER OF VALENCE ORBITALS:       12   (    9A'  +    3A"  )


 NUCLEAR REPULSION ENERGY   40.16373301


 Eigenvalues of metric

         1 0.142E-05 0.304E-05 0.424E-05 0.507E-05 0.583E-05 0.691E-05 0.782E-05 0.900E-05
         2 0.158E-05 0.720E-05 0.154E-04 0.168E-04 0.407E-04 0.589E-04 0.733E-04 0.768E-04


 Contracted 2-electron integrals neglected if value below      1.0D-14
 AO integral compression algorithm  1   Integral accuracy      1.0D-14

     16816.800 MB (compressed) written to integral file ( 83.6%)


 NUMBER OF SORTED TWO-ELECTRON INTEGRALS: 2160444916.     BUFFER LENGTH:  32768
 NUMBER OF SEGMENTS:  68  SEGMENT LENGTH:   31998710      RECORD LENGTH: 262144

 Memory used in sort:      32.29 MW

 SORT1 READ  2515727685. AND WROTE  2118937397. INTEGRALS IN  12156 RECORDS. CPU TIME:    27.16 SEC, REAL TIME:    53.17 SEC
 SORT2 READ  2118937397. AND WROTE  2160444916. INTEGRALS IN  64151 RECORDS. CPU TIME:    23.03 SEC, REAL TIME:    52.49 SEC

 FILE SIZES:   FILE 1: 16851.6 MBYTE,  FILE 4: 25493.0 MBYTE,   TOTAL:  42344.6 MBYTE

 OPERATOR DM      FOR CENTER  0  COORDINATES:    0.000000    0.000000    0.000000


 **********************************************************************************************************************************
 DATASETS  * FILE   NREC   LENGTH (MB)   RECORD NAMES
              1      19    14267.97       500      610      700      900      950      970     1000      129      960     1100   
                                          VAR    BASINP    GEOM    SYMINP    ZMAT    AOBASIS   BASIS     P2S    ABASIS      S 
                                         1400     1410     1200     1210     1080     1600     1650     1300     1700   
                                           T        V       H0       H01     AOSYM     SMH    MOLCAS    ERIS     OPER   

 PROGRAMS   *        TOTAL       INT
 CPU TIMES  *       741.42    741.33
 REAL TIME  *       232.97 SEC
 DISK USED  *        39.44 GB
 **********************************************************************************************************************************


 Program * Restricted Hartree-Fock

 Orbital guess generated from atomic densities. Full valence occupancy:   11   3

 Initial occupancy:   7   2

 NELEC=   18   SYM=1   MS2= 0   THRE=1.0D-12   THRD=1.0D-06   THRG=1.0D-06  HFMA2=F  DIIS_START=2   DIIS_MAX=10   DIIS_INCORE=F

 Level shifts:    0.00 (CLOSED)    0.00 (OPEN)    0.30 (GAP_MIN)

 ITER           ETOT              DE          GRAD        DDIFF     DIIS  NEXP   TIME(IT)  TIME(TOT)  DIAG
   1     -115.06403839    -115.06403839     0.00D+00     0.28D-01     0     0     106.12    216.92    start
   2     -115.09240811      -0.02836972     0.43D-02     0.27D-02     1     0     102.18    319.10    diag
   3     -115.10003042      -0.00762231     0.24D-02     0.94D-03     2     0     101.75    420.85    diag
   4     -115.10056367      -0.00053325     0.47D-03     0.26D-03     3     0     105.82    526.67    diag
   5     -115.10059803      -0.00003436     0.93D-04     0.67D-04     4     0     102.84    629.51    diag
   6     -115.10059960      -0.00000157     0.18D-04     0.14D-04     5     0     105.88    735.39    diag
   7     -115.10059967      -0.00000007     0.37D-05     0.31D-05     6     0     104.54    839.93    diag
   8     -115.10059968      -0.00000000     0.96D-06     0.73D-06     7     0     105.79    945.72    fixocc
   9     -115.10059968      -0.00000000     0.30D-06     0.24D-06     8     0     101.99   1047.71    diag
  10     -115.10059968      -0.00000000     0.73D-07     0.59D-07     9     0     103.71   1151.42    diag/orth
  11     -115.10059968      -0.00000000     0.13D-07     0.12D-07     9     0     103.09   1254.51    diag
  12     -115.10059968      -0.00000000     0.30D-08     0.21D-08     0     0     103.17   1357.68    diag

 Final occupancy:   7   2

 !RHF STATE 1.1 Energy               -115.100599679317
  RHF One-electron energy            -236.596020660035
  RHF Two-electron energy              81.331687971998
  RHF Kinetic energy                  114.954307149457
  RHF Nuclear energy                   40.163733008720
  RHF Virial quotient                  -1.001272614602

 !RHF STATE 1.1 Dipole moment           0.00000000     0.59193972    -0.41140073
 Dipole moment /Debye                   0.00000000     1.50456068    -1.04567635

 Orbital energies:

           1.1          2.1          3.1          4.1          5.1          6.1          7.1          8.1          9.1
    -20.555542   -11.272015    -1.353925    -0.925915    -0.688230    -0.595812    -0.504056     0.037366     0.040992

           1.2          2.2          3.2          4.2
     -0.619197    -0.451631     0.046054     0.107939


 HOMO      2.2    -0.451631 =     -12.2895eV
 LUMO      8.1     0.037366 =       1.0168eV
 LUMO-HOMO         0.488997 =      13.3063eV

 Orbitals saved in record  2100.2


 **********************************************************************************************************************************
 DATASETS  * FILE   NREC   LENGTH (MB)   RECORD NAMES
              1      19    14267.97       500      610      700      900      950      970     1000      129      960     1100   
                                          VAR    BASINP    GEOM    SYMINP    ZMAT    AOBASIS   BASIS     P2S    ABASIS      S 
                                         1400     1410     1200     1210     1080     1600     1650     1300     1700   
                                           T        V       H0       H01     AOSYM     SMH    MOLCAS    ERIS     OPER   

              2       4        1.96       700     1000      520     2100   
                                         GEOM     BASIS   MCVARS     RHF  

 PROGRAMS   *        TOTAL    HF-SCF       INT
 CPU TIMES  *      2099.15   1357.73    741.33
 REAL TIME  *       414.25 SEC
 DISK USED  *        39.44 GB
 **********************************************************************************************************************************


 PROGRAM * CCSD (Closed-shell coupled cluster)     Authors: C. Hampel, H.-J. Werner, 1991, M. Deegan, P.J. Knowles, 1992

                                  CCSD-F12 implementation by  H.-J. Werner, 2007

                   Density fitting integral evaluation by F.R. Manby, 2003,2007, G. Knizia, 2010


 Basis set VQZ-F12/JKFIT generated.      Number of basis functions:   588 
 Basis set V5Z/JKFIT generated.          Number of basis functions:   624 
 Basis set AUG-CC-PWCV5Z/MP2FIT generated. Number of basis functions:   1164 

 Convergence thresholds:  THRVAR = 1.00D-08  THRDEN = 1.00D-10

 CCSD(T)     terms to be evaluated (factor= 1.000)


 Number of closed-shell orbitals:   9 (   7   2 )
 Number of external orbitals:     421 ( 252 169 )

 Molecular orbitals read from record     2100.2  Type=RHF/CANONICAL  

 MP2-F12 correlation treatment (H.-J. Werner, 2006)
 ==================================================

 Using MP2-F12 with ansatz 3C(FIX)

 Using projected zeroth-order Hamiltonian (+Z)

 FOCKRIB=T FOCKRIC=T FOCKRIP=T CABSP=T CABSA=T CABSK=T CABSF=T GBC=F EBC=F DMAT=T NOFIK=T NOPAO=1 SOLVE=-1  USEPAO=0
 EXCH_A= T EXCH_B= F EXCH_C= F EXCH_P= F

 Geminal basis:    OPTFULL  GEM_TYPE=SLATER  BETA=1.5  NGEM=6

 Optimizing Gaussian exponents for each gem_beta

 Geminal optimization for beta= 1.5000
 Weight function:   m=0, omega= 1.9192

 Augmented Hessian optimization of geminal fit. Trust ratio= 0.40000
 Convergence reached after  10 iterations. Final gradient= 3.03D-17, Step= 1.30D-07, Delta= 1.07D-09

 Alpha:                 0.35903     1.32889     4.38269    14.27494    53.28291   294.62806
 Coeff:                 0.20270     0.29850     0.20701     0.13150     0.08311     0.05186


 Symmetry turned off. Reference energy:       -115.100599679317

 All pairs explicitly correlated. Number of r12-pairs:           45

 AO(A)-basis ORBITAL           loaded. Number of functions:     430
 RI(R)-basis V5Z/JKFIT         loaded. Number of functions:     624
 DF-basis VQZ-F12/JKFIT        loaded. Number of functions:     588

 Screening thresholds:   THRAO=  1.00D-10  THRMO=  1.00D-09  THRPROD=  1.00D-09
                         THRSW=  1.00D-05  THROV=  1.00D-12  THRAOF12= 1.00D-08

 CPU time for Fock operators                     38.87 sec

 Construction of ABS:
 Smallest eigenvalue of S          1.86E-05  (threshold= 1.00E-08)
 Ratio eigmin/eigmax               2.53E-06  (threshold= 1.00E-09)
 Smallest eigenvalue of S kept     1.86E-05  (threshold= 1.86E-05, 0 functions deleted, 624 kept)

 Construction of CABS:
 Smallest eigenvalue of S          1.78E-09  (threshold= 1.00E-08)
 Ratio eigmin/eigmax               1.78E-09  (threshold= 1.00E-09)
 Smallest eigenvalue of S kept     1.08E-08  (threshold= 1.08E-08, 4 functions deleted, 620 kept)

 CPU time for CABS singles                        0.75 sec

 CABS-singles contribution of  -0.00014687 patched into reference energy.
 New reference energy        -115.10074655

 AO(A)-basis ORBITAL           loaded. Number of functions:     430
 RI(R)-basis V5Z/JKFIT         loaded. Number of functions:     624
 DF-basis AUG-CC-PWCV5Z/MP2FIT loaded. Number of functions:    1164

 Screening thresholds:   THRAO=  1.00D-10  THRMO=  1.00D-09  THRPROD=  1.00D-09
                         THRSW=  1.00D-05  THROV=  1.00D-12  THRAOF12= 1.00D-08

 CPU time for 3-index integral evaluation        78.09 sec
 CPU time for first  half transformation         17.53 sec ( 2829.6 MFLOP/sec)
 CPU time for second half transformation          1.01 sec (  561.9 MFLOP/sec)
 CPU time for sorting                             0.14 sec
 CPU time for fitting                             1.20 sec (21969.6 MFLOP/sec)
 CPU time for tilde quantities                    1.43 sec (25616.1 MFLOP/sec)
 CPU time for assembly                            9.85 sec (28505.6 MFLOP/sec)
 CPU time for tranop_f12                         14.66 sec (18486.8 MFLOP/sec)
 CPU time for f12 integrals (total)             145.58 sec, Elapsed time:     51.36 sec
 CPU time for f12 matrices (total)                4.82 sec, Elapsed time:      0.70 sec

 Diagonal F12 approximation with fixed coefficients:  TSING= 0.500,  TTRIP= 0.250 (scaled by -1/beta)

 DF-MP2-F12 energy corrections:
 ==============================
 Approx.                                    Singlet             Triplet             Total
 DF-MP2-F12/3*C(DX,FIX)                -0.028504192839     -0.001860869067     -0.030365061906
 DF-MP2-F12/3*C(FIX)                   -0.028002374011     -0.001835496761     -0.029837870772
 DF-MP2-F12/3C(FIX)                    -0.028114615014     -0.001832046238     -0.029946661252

 DF-MP2-F12 correlation energies:
 ================================
 Approx.                                    Singlet             Triplet             Ecorr            Total Energy
 DF-MP2                                -0.396785246197     -0.173706297779     -0.570491543976   -115.671238091562
 DF-MP2-F12/3*C(DX,FIX)                -0.425289439036     -0.175567166846     -0.600856605882   -115.701603153468
 DF-MP2-F12/3*C(FIX)                   -0.424787620208     -0.175541794540     -0.600329414748   -115.701075962334
 DF-MP2-F12/3C(FIX)                    -0.424899861211     -0.175538344017     -0.600438205229   -115.701184752815

 SCS-DF-MP2 energies (F_SING= 1.20000  F_TRIP= 0.62222  F_PARALLEL= 0.33333):
 ============================================================================
 SCS-DF-MP2                            -0.584226214055   -115.684972761641
 SCS-DF-MP2-F12/3*C(DX,FIX)            -0.619589119548   -115.720335667134
 SCS-DF-MP2-F12/3*C(FIX)               -0.618971149741   -115.719717697327
 SCS-DF-MP2-F12/3C(FIX)                -0.619103691953   -115.719850239539

 Symmetry restored.
 Symmetry transformation completed.

 Number of N-1 electron functions:               9
 Number of N-2 electron functions:              45
 Number of singly external CSFs:              2102
 Number of doubly external CSFs:           3634081
 Total number of CSFs:                     3636184

 Length of J-op  integral file:             817.20 MB
 Length of K-op  integral file:             992.63 MB
 Length of 3-ext integral record:             0.00 MB

 Memory could be reduced to 440.63 Mwords without degradation in triples

 Integral transformation finished. Total CPU: 302.54 sec, npass=  1  Memory used: 130.23 MW

 Reference energy:                   -115.10074655

 Adding F12 terms to K(Cij), methodcc=6,  factor= 1.0

 ITER.      SQ.NORM     CORR.ENERGY   TOTAL ENERGY   ENERGY CHANGE        DEN1      VAR(S)    VAR(P)  DIIS     TIME  TIME/IT
   1      1.12101700    -0.58182171  -115.68256826    -0.01132579     0.00092053  0.17D-02  0.19D-02  1  1   796.53    29.12
   2      1.12875338    -0.58224402  -115.68299056    -0.00042230    -0.01031028  0.26D-04  0.24D-03  2  2  1117.45    33.49
   3      1.13111575    -0.58238159  -115.68312814    -0.00013758    -0.00146652  0.20D-04  0.21D-04  3  3  1434.63    33.36
   4      1.13242773    -0.58233713  -115.68308368     0.00004446    -0.00092839  0.11D-05  0.14D-05  4  4  1742.12    32.81
   5      1.13261209    -0.58234010  -115.68308665    -0.00000298    -0.00005220  0.31D-06  0.15D-06  5  5  2051.16    32.38
   6      1.13266504    -0.58233977  -115.68308632     0.00000033    -0.00000254  0.48D-07  0.14D-07  6  6  2362.35    32.13
   7      1.13267793    -0.58233870  -115.68308525     0.00000107    -0.00000264  0.70D-08  0.25D-08  6  1  2667.55    31.83
   8      1.13268035    -0.58233850  -115.68308505     0.00000020     0.00000019  0.12D-08  0.42D-09  6  3  2974.96    31.63
   9      1.13268218    -0.58233829  -115.68308484     0.00000020    -0.00000063  0.14D-09  0.60D-10  6  2  3281.22    31.47
  10      1.13268259    -0.58233829  -115.68308484     0.00000000    -0.00000006  0.14D-10  0.65D-11  6  4  3586.17    31.32
  11      1.13268252    -0.58233831  -115.68308486    -0.00000002     0.00000009  0.23D-11  0.12D-11  6  5  3894.84    31.25
  12      1.13268248    -0.58233831  -115.68308486    -0.00000000     0.00000003  0.41D-12  0.13D-12  6  6  4201.21    31.15
  13      1.13268245    -0.58233832  -115.68308487    -0.00000000     0.00000002  0.43D-13  0.19D-13  6  1  4506.48    31.07
  14      1.13268244    -0.58233832  -115.68308487    -0.00000000     0.00000000  0.77D-14  0.36D-14  6  3  4815.44    31.02
  15      1.13268243    -0.58233832  -115.68308487    -0.00000000     0.00000000  0.90D-15  0.47D-15  6  2  5119.59    30.95
  16      1.13268243    -0.58233832  -115.68308487    -0.00000000     0.00000000  0.19D-15  0.83D-16  6  4  5429.11    30.92
  17      1.13268243    -0.58233832  -115.68308487     0.00000000     0.00000000  0.48D-16  0.18D-16  6  5  5735.02    30.88

 Norm of t1 vector:      0.05270001      S-energy:    -0.00000000      T1 diagnostic:  0.00878334
                                                                       D1 diagnostic:  0.01975691
                                                                       D2 diagnostic:  0.13756004 (internal)

 Adding energy correction from Wij-K(Fij), methodcc=6  factor= 1.0

  CCSD correlation energy              -0.582338318512
  MP2-F12 correction (uncoupled)       -0.029080475410
  C*T doubles correction               -0.000679654445
  f12b correction                       0.004343156439


 Total CPU time for triples:   1061.65 sec


 RESULTS
 =======

  Reference energy                   -115.100599679317
  F12 singles correction               -0.000146868269

 F12 singles corrections added to reference energy

  New reference energy               -115.100746547586

  F12a singlet correction              -0.027939244353
  F12a triplet correction              -0.001820885503
  F12a total correction                -0.029760129855

 F12a corrections for ansatz F12/3C(FIX) added to CCSD energy


  Correlated core orbitals:             1.1       2.1
  Orbital energies:                   -20.5555  -11.2720

  CCSD core-core energy                -0.076899745944
  CCSD-F12a core-core energy           -0.084414808323

  CCSD core-valence energy             -0.032454933228
  CCSD-F12a core-valence energy        -0.034971425172

  CCSD valence correlation energy      -0.472983639339
  CCSD-F12a valence correlation en.    -0.492712214872

  CCSD-F12a singlet pair energy        -0.451064475380
  CCSD-F12a triplet pair energy        -0.161033972956
  CCSD-F12a correlation energy         -0.612098448367

  Triples (T) contribution             -0.018046632744
  Total correlation energy             -0.630145081111

  CCSD-F12a total energy             -115.712844995953
  CCSD[T]-F12a energy                -115.731525992728
  CCSD-T-F12a energy                 -115.730627796631
 !CCSD(T)-F12a total energy          -115.730891628697

 F12b corrections for ansatz F12/3C(FIX) added to CCSD(T)-F12a energy


  Correlated core orbitals:             1.1       2.1
  Orbital energies:                   -20.5555  -11.2720

  CCSD core-core energy                -0.076899745944
  CCSD-F12b core-core energy           -0.083971660171

  CCSD core-valence energy             -0.032454933228
  CCSD-F12b core-valence energy        -0.034861083790

  CCSD valence correlation energy      -0.472983639339
  CCSD-F12b valence correlation en.    -0.488922547967

  CCSD-F12b singlet pair energy        -0.446889465680
  CCSD-F12b triplet pair energy        -0.160865826217
  CCSD-F12b correlation energy         -0.607755291928

  Triples (T) contribution             -0.018046632744
  Total correlation energy             -0.625801924672

  CCSD-F12b total energy             -115.708501839514
  CCSD[T]-F12b energy                -115.727182836289
  CCSD-T-F12b energy                 -115.726284640192
 !CCSD(T)-F12b total energy          -115.726548472258

 Timing summary (sec):

 STEP                 CPU(USER)    SYS     CPU(TOT)    WALL
 Transformation        304.26      5.54    309.80     38.82
 CCSD iterations      5240.22    187.00   5427.22    525.11
 Triples              1061.65     10.02   1071.67    164.20
 MP2-F12               192.03      2.99    195.02     84.90
 F12b energy           281.29      9.59    290.88     27.23

 Program statistics:

 Available memory in ccsd:               499999444
 Min. memory needed in ccsd:              10184596
 Max. memory used in ccsd:                13381767
 Max. memory used in cckext:              20769151 (18 integral passes)



 **********************************************************************************************************************************
 DATASETS  * FILE   NREC   LENGTH (MB)   RECORD NAMES
              1      20    15607.63       500      610      700      900      950      970     1000      129      960     1100   
                                          VAR    BASINP    GEOM    SYMINP    ZMAT    AOBASIS   BASIS     P2S    ABASIS      S 
                                         1400     1410     1200     1210     1080     1600     1650     1300     1700     1380   
                                           T        V       H0       H01     AOSYM     SMH    MOLCAS    ERIS     OPER     JKOP   

              2       6        3.10       700     1000      520     2100     7360     7350   
                                         GEOM     BASIS   MCVARS     RHF    F12ABS    EF12   

 PROGRAMS   *        TOTAL   CCSD(T)    HF-SCF       INT
 CPU TIMES  *      9178.63   7079.47   1357.73    741.33
 REAL TIME  *      1254.82 SEC
 DISK USED  *        39.44 GB
 **********************************************************************************************************************************
 SETTING E_PCVQZ        =      -115.72654847  AU                              
 SETTING E_CV(1)        =        -0.03497143  AU                              
 SETTING E_CV(2)        =        -0.03486108  AU                              
 SETTING POINT          =         1.00000000                                  
 SETTING XXX            =    "MMM"


 XXX       RCO          ROH          RCH1         RCH2         RCH3           ACOH           AOCH1          AOCH2          AOCH3         AHH1           AHH2           AHH3          E_CV          POINT
 "MMM"   1.42960000   0.95887000   1.09229400   1.09229400   1.09229400   107.98120000   110.66460000   110.66460000   110.66460000   60.00000000   180.00000000   300.00000000   -0.0349714252   1.0000
                                                  

 CCSD(T)-F12/aug-cc-pCVQZ-F12 energy=   -115.726548472258

     CCSD(T)-F12          HF-SCF
   -115.72654847   -115.10059968
 **********************************************************************************************************************************
 Molpro calculation terminated
