

 Number of displacements for numerical gradient:     24

 Starting numerical gradient for CCSD(T)-F12
 Starting task   1 Incrementing variable RCO      by   0.00529 ANG to    1.43489 ANG. CPU=    0.00 sec, Elapsed=    0.00 sec

 Running procedure: RUNCCSD


 Recomputing integrals since geometry changed


 PROGRAM * SEWARD (Integral evaluation for generally contracted gaussian basis sets)     Author: Roland Lindh, 1990

 Geometry written to block  1 of record 700

 Orientation using atomic masses  
 Molecule type: Asymmetric top
 Rotational constants:      23.4916676     24.3543598    128.9070082 GHz  (calculated with average atomic masses)

 Point group  C1  



 ATOMIC COORDINATES

 NR  ATOM    CHARGE       X              Y              Z

   1  C       6.00   -0.000000000    0.021517892   -1.388984049
   2  O       8.00   -0.000000000   -0.126265344    1.318538231
   3  H       1.00   -0.000000000    1.564186043    1.971013696
   4  H1      1.00    1.672584827    1.025450174   -2.063698427
   5  H2      1.00    0.000000000   -1.867245904   -2.221588905
   6  H3      1.00   -1.672584827    1.025450174   -2.063698427

 Bond lengths in Bohr (Angstrom)

 1-2  2.711552468  1-4  2.064136508  1-5  2.064136508  1-6  2.064136508  2-3  1.812001689
     ( 1.434891772)     ( 1.092294000)     ( 1.092294000)     ( 1.092294000)     ( 0.958870000)

 Bond angles

  1-2-3  107.98120000   2-1-4  110.66460000   2-1-5  110.66460000   2-1-6  110.66460000

  4-1-5  108.25192757   4-1-6  108.25192757   5-1-6  108.25192757

 NUCLEAR CHARGE:                   18
 NUMBER OF PRIMITIVE AOS:         558
 NUMBER OF SYMMETRY AOS:          452
 NUMBER OF CONTRACTIONS:          412   (  412A   )
 NUMBER OF INNER CORE ORBITALS:     0   (    0A   )
 NUMBER OF OUTER CORE ORBITALS:     2   (    2A   )
 NUMBER OF VALENCE ORBITALS:       12   (   12A   )


 NUCLEAR REPULSION ENERGY   40.07965291


 Eigenvalues of metric

         1 0.142E-05 0.158E-05 0.322E-05 0.506E-05 0.548E-05 0.729E-05 0.740E-05 0.894E-05


 Contracted 2-electron integrals neglected if value below      1.0D-12
 AO integral compression algorithm  1   Integral accuracy      1.0D-12

     15535.702 MB (compressed) written to integral file ( 47.3%)


 NUMBER OF SORTED TWO-ELECTRON INTEGRALS: 3619175581.     BUFFER LENGTH:  32768
 NUMBER OF SEGMENTS: 114  SEGMENT LENGTH:   31999951      RECORD LENGTH: 262144

 Memory used in sort:      32.29 MW

 SORT1 READ  4105686379. AND WROTE  2971025085. INTEGRALS IN  17060 RECORDS. CPU TIME:    37.47 SEC, REAL TIME:   134.82 SEC
 SORT2 READ  2971025085. AND WROTE  3619175581. INTEGRALS IN  59264 RECORDS. CPU TIME:    26.39 SEC, REAL TIME:    65.92 SEC

 FILE SIZES:   FILE 1: 15572.0 MBYTE,  FILE 4: 35777.4 MBYTE,   TOTAL:  51349.4 MBYTE

 OPERATOR DM      FOR CENTER  0  COORDINATES:    0.000000    0.000000    0.000000

 Program * Restricted Hartree-Fock

 Molecular orbitals read from record     2101.2  Type=RHF/CANONICAL  

 NELEC=   18   SYM=1   MS2= 0   THRE=1.0D-09   THRD=1.0D-07   THRG=1.0D-07  HFMA2=F  DIIS_START=2   DIIS_MAX=10   DIIS_INCORE=F

 Level shifts:    0.00 (CLOSED)    0.00 (OPEN)    0.30 (GAP_MIN)

 ITER           ETOT              DE          GRAD        DDIFF     DIIS  NEXP   TIME(IT)  TIME(TOT)  DIAG
   1     -115.10033082    -115.10033082     0.00D+00     0.21D-01     0     0     253.14    253.23    start
   2     -115.10034105      -0.00001024     0.59D-04     0.42D-04     1     0     257.10    510.33    diag
   3     -115.10034181      -0.00000075     0.12D-04     0.85D-05     2     0     247.38    757.71    diag
   4     -115.10034188      -0.00000007     0.40D-05     0.24D-05     3     0     243.83   1001.54    diag
   5     -115.10034188      -0.00000001     0.12D-05     0.74D-06     4     0     249.35   1250.89    diag
   6     -115.10034189      -0.00000000     0.36D-06     0.23D-06     5     0     243.62   1494.51    diag
   7     -115.10034189      -0.00000000     0.15D-06     0.10D-06     6     0     245.88   1740.39    diag
   8     -115.10034189      -0.00000000     0.28D-07     0.25D-07     7     0     248.47   1988.86    fixocc
   9     -115.10034189       0.00000000     0.52D-08     0.46D-08     0     0     245.71   2234.57    diag

 Final occupancy:   9

 !RHF STATE 1.1 Energy               -115.100341885257
  RHF One-electron energy            -236.433445125556
  RHF Two-electron energy              81.253450325829
  RHF Kinetic energy                  114.943580544196
  RHF Nuclear energy                   40.079652914471
  RHF Virial quotient                  -1.001363811187

 !RHF STATE 1.1 Dipole moment           0.00000000     0.59207107    -0.41940119
 Dipole moment /Debye                   0.00000000     1.50489456    -1.06601148

 Orbital energies:

           1.1          2.1          3.1          4.1          5.1          6.1          7.1          8.1          9.1         10.1
    -20.555576   -11.272616    -1.352088    -0.926176    -0.687073    -0.618387    -0.594744    -0.504484    -0.452128     0.037336

          11.1
      0.040972


 HOMO      9.1    -0.452128 =     -12.3030eV
 LUMO     10.1     0.037336 =       1.0160eV
 LUMO-HOMO         0.489465 =      13.3190eV

 Orbitals saved in record  2101.1


 **********************************************************************************************************************************
 DATASETS  * FILE   NREC   LENGTH (MB)   RECORD NAMES
              1      20    13437.10       500      610      700      900      950      970     1000      129      960     1100   
                                          VAR    BASINP    GEOM    SYMINP    ZMAT    AOBASIS   BASIS     P2S    ABASIS      S 
                                         1400     1410     1200     1210     1080     1600     1650     1300     1700     2101   
                                           T        V       H0       H01     AOSYM     SMH    MOLCAS    ERIS     OPER      RHF  

              2       9        9.92       700     1000      520     2100      200     2101     7360     7350     5600   
                                         GEOM     BASIS   MCVARS     RHF    OPTIONS    RHF    F12ABS    EF12     GINFO   

 PROGRAMS   *        TOTAL    HF-SCF    HF-SCF       INT
 CPU TIMES  *     14855.51   3258.56   2535.22   1029.05
 REAL TIME  *      2472.16 SEC
 DISK USED  *        47.83 GB
 **********************************************************************************************************************************


 PROGRAM * CCSD (Closed-shell coupled cluster)     Authors: C. Hampel, H.-J. Werner, 1991, M. Deegan, P.J. Knowles, 1992

                                  CCSD-F12 implementation by  H.-J. Werner, 2007

                   Density fitting integral evaluation by F.R. Manby, 2003,2007, G. Knizia, 2010



 Convergence thresholds:  THRVAR = 1.00D-12  THRDEN = 1.00D-08

 CCSD(T)     terms to be evaluated (factor= 1.000)


 Number of core orbitals:           2 (   2 )
 Number of closed-shell orbitals:   7 (   7 )
 Number of external orbitals:     403 ( 403 )

 Molecular orbitals read from record     2101.1  Type=RHF/CANONICAL (state 1.1)

 MP2-F12 correlation treatment (H.-J. Werner, 2006)
 ==================================================

 Using MP2-F12 with ansatz 3C(FIX)

 Using projected zeroth-order Hamiltonian (+Z)

 FOCKRIB=T FOCKRIC=T FOCKRIP=T CABSP=T CABSA=T CABSK=T CABSF=T GBC=F EBC=F DMAT=T NOFIK=T NOPAO=1 SOLVE=-1  USEPAO=0
 EXCH_A= T EXCH_B= F EXCH_C= F EXCH_P= F

 Geminal basis:    OPTFULL  GEM_TYPE=SLATER  BETA=1.0  NGEM=6

 Optimizing Gaussian exponents for each gem_beta

 Geminal optimization for beta= 1.0000
 Weight function:   m=0, omega= 1.4646

 Augmented Hessian optimization of geminal fit. Trust ratio= 0.40000
 Convergence reached after   2 iterations. Final gradient= 8.66D-16, Step= 4.23D-06, Delta= 1.28D-09

 Alpha:                 0.19532     0.81920     2.85917     9.50073    35.69989   197.79328
 Coeff:                 0.27070     0.30552     0.18297     0.10986     0.06810     0.04224


 All pairs explicitly correlated. Number of r12-pairs:           28

 Excluding core orbitals from MO domains

 AO(A)-basis ORBITAL           loaded. Number of functions:     412
 RI(R)-basis CC-PVQZ-F12/OPTRI loaded. Number of functions:     372
 DF-basis VQZ-F12/JKFIT        loaded. Number of functions:     588

 Screening thresholds:   THRAO=  1.00D-11  THRMO=  1.00D-11  THRPROD=  1.00D-11
                         THRSW=  1.00D-08  THROV=  1.00D-12  THRAOF12= 1.00D-08

 CPU time for Fock operators                      8.24 sec

 Reading frozen CA basis information from record 7360.2.

 Construction of ABS:
 Smallest eigenvalue of S          2.82E-04  (threshold= 1.00E-08)
 Ratio eigmin/eigmax               4.95E-05  (threshold= 1.00E-09)
 Smallest eigenvalue of S kept     2.82E-04  (threshold= 2.82E-04, 0 functions deleted, 372 kept)

 Construction of CABS:
 Smallest eigenvalue of S          2.46E-08  (threshold= 1.00E-08)
 Ratio eigmin/eigmax               2.46E-08  (threshold= 1.00E-09)
 Smallest eigenvalue of S kept     2.46E-08  (threshold= 2.46E-08, 0 functions deleted, 372 kept)

 CPU time for CABS singles                        0.41 sec

 CABS-singles contribution of  -0.00014868 patched into reference energy.
 New reference energy        -115.10049056

 AO(A)-basis ORBITAL           loaded. Number of functions:     412
 RI(R)-basis CC-PVQZ-F12/OPTRI loaded. Number of functions:     372
 DF-basis AUG-CC-PVQZ-F12/MP2FIloaded. Number of functions:     656

 Screening thresholds:   THRAO=  1.00D-11  THRMO=  1.00D-11  THRPROD=  1.00D-11
                         THRSW=  1.00D-08  THROV=  1.00D-12  THRAOF12= 1.00D-08

 CPU time for 3-index integral evaluation        32.37 sec
 CPU time for first  half transformation          7.64 sec ( 2165.3 MFLOP/sec)
 CPU time for second half transformation          0.45 sec (  529.7 MFLOP/sec)
 CPU time for sorting                             0.19 sec
 CPU time for fitting                             0.29 sec (16848.4 MFLOP/sec)
 CPU time for tilde quantities                    0.43 sec (17009.3 MFLOP/sec)
 CPU time for assembly                            2.64 sec (23219.7 MFLOP/sec)
 CPU time for tranop_f12                          5.80 sec (14222.9 MFLOP/sec)
 CPU time for f12 integrals (total)              54.31 sec, Elapsed time:     16.30 sec
 CPU time for f12 matrices (total)                2.28 sec, Elapsed time:      0.31 sec

 Diagonal F12 approximation with fixed coefficients:  TSING= 0.500,  TTRIP= 0.250 (scaled by -1/beta)

 DF-MP2-F12 energy corrections:
 ==============================
 Approx.                                    Singlet             Triplet             Total
 DF-MP2-F12/3*C(DX,FIX)                -0.019482910555     -0.001357929437     -0.020840839992
 DF-MP2-F12/3*C(FIX)                   -0.018682939455     -0.001241334545     -0.019924274000
 DF-MP2-F12/3C(FIX)                    -0.018581484456     -0.001258105541     -0.019839589997

 DF-MP2-F12 correlation energies:
 ================================
 Approx.                                    Singlet             Triplet             Ecorr            Total Energy
 DF-MP2                                -0.309851979386     -0.155370928110     -0.465222907496   -115.565713470499
 DF-MP2-F12/3*C(DX,FIX)                -0.329334889940     -0.156728857548     -0.486063747488   -115.586554310491
 DF-MP2-F12/3*C(FIX)                   -0.328534918841     -0.156612262655     -0.485147181496   -115.585637744499
 DF-MP2-F12/3C(FIX)                    -0.328433463842     -0.156629033651     -0.485062497493   -115.585553060496

 SCS-DF-MP2 energies (F_SING= 1.20000  F_TRIP= 0.62222  F_PARALLEL= 0.33333):
 ============================================================================
 SCS-DF-MP2                            -0.468497619420   -115.568988182424
 SCS-DF-MP2-F12/3*C(DX,FIX)            -0.492722045958   -115.593212608961
 SCS-DF-MP2-F12/3*C(FIX)               -0.491689532706   -115.592180095709
 SCS-DF-MP2-F12/3C(FIX)                -0.491578221993   -115.592068784996
 Symmetry transformation completed.

 Number of N-1 electron functions:               7
 Number of N-2 electron functions:              28
 Number of singly external CSFs:              2821
 Number of doubly external CSFs:           3980431
 Total number of CSFs:                     3983253

 Length of J-op  integral file:             352.39 MB
 Length of K-op  integral file:             539.31 MB
 Length of 3-ext integral record:             0.00 MB

 Memory could be reduced to 633.87 Mwords without degradation in triples

 Integral transformation finished. Total CPU: 440.85 sec, npass=  1  Memory used: 292.08 MW

 Reference energy:                   -115.10049056

 Adding F12 terms to K(Cij), methodcc=6,  factor= 1.0

 ITER.      SQ.NORM     CORR.ENERGY   TOTAL ENERGY   ENERGY CHANGE        DEN1      VAR(S)    VAR(P)  DIIS     TIME  TIME/IT
   1      1.11960462    -0.47292191  -115.57341247    -0.00762115     0.00353273  0.15D-02  0.19D-02  1  1   906.69    50.04
   2      1.12724412    -0.47372008  -115.57421064    -0.00079817    -0.00944730  0.26D-04  0.25D-03  2  2  1327.57    56.65
   3      1.13023709    -0.47384825  -115.57433881    -0.00012817    -0.00209168  0.13D-04  0.13D-04  3  3  1752.97    58.96
   4      1.13112277    -0.47384830  -115.57433886    -0.00000005    -0.00048049  0.94D-06  0.13D-05  4  4  2150.61    57.08
   5      1.13129291    -0.47385118  -115.57434174    -0.00000288    -0.00004941  0.28D-06  0.12D-06  5  5  2537.72    55.50
   6      1.13134287    -0.47384850  -115.57433906     0.00000268    -0.00000793  0.45D-07  0.13D-07  6  6  2922.24    54.38
   7      1.13135504    -0.47384748  -115.57433804     0.00000101    -0.00000221  0.66D-08  0.26D-08  6  2  3299.88    53.46
   8      1.13135838    -0.47384724  -115.57433780     0.00000024    -0.00000036  0.11D-08  0.36D-09  6  1  3686.16    53.24
   9      1.13135973    -0.47384718  -115.57433774     0.00000006    -0.00000002  0.11D-09  0.48D-10  6  3  5587.61   102.96
  10      1.13135995    -0.47384718  -115.57433774    -0.00000000     0.00000005  0.15D-10  0.71D-11  6  4 11075.92   245.94
  11      1.13135986    -0.47384720  -115.57433776    -0.00000002     0.00000012  0.22D-11  0.11D-11  6  5 15964.89   343.66
  12      1.13135981    -0.47384720  -115.57433777    -0.00000000     0.00000003  0.39D-12  0.12D-12  6  6 20767.30   422.53
  13      1.13135978    -0.47384721  -115.57433777    -0.00000000     0.00000001  0.45D-13  0.19D-13  6  2 24323.73   464.51

 Norm of t1 vector:      0.05068024      S-energy:     0.00000000      T1 diagnostic:  0.00957766
                                                                       D1 diagnostic:  0.02045663
                                                                       D2 diagnostic:  0.13823614 (internal)

 Adding energy correction from Wij-K(Fij), methodcc=6  factor= 1.0

  CCSD correlation energy              -0.473847205209
  MP2-F12 correction (uncoupled)       -0.019710535597
  C*T doubles correction               -0.000188785416
  f12b correction                       0.004205240884

 Total CPU time for triples:   1255.62 sec


 RESULTS
 =======

  Reference energy                   -115.100341885257
  F12 singles correction               -0.000148677746

 F12 singles corrections added to reference energy

  New reference energy               -115.100490563003

  F12a singlet correction              -0.018649532237
  F12a triplet correction              -0.001249788776
  F12a total correction                -0.019899321013

 F12a corrections for ansatz F12/3C(FIX) added to CCSD energy

  CCSD-F12a singlet pair energy        -0.351852946792
  CCSD-F12a triplet pair energy        -0.141893583620
  CCSD-F12a correlation energy         -0.493746526222

  Triples (T) contribution             -0.017213140655
  Total correlation energy             -0.510959666876

  CCSD-F12a total energy             -115.594237089225
  CCSD[T]-F12a energy                -115.612018581708
  CCSD-T-F12a energy                 -115.611200405352
 !CCSD(T)-F12a total energy          -115.611450229880

 F12b corrections for ansatz F12/3C(FIX) added to CCSD(T)-F12a energy

  CCSD-F12b singlet pair energy        -0.347829580946
  CCSD-F12b triplet pair energy        -0.141711708583
  CCSD-F12b correlation energy         -0.489541285338

  Triples (T) contribution             -0.017213140655
  Total correlation energy             -0.506754425993

  CCSD-F12b total energy             -115.590031848341
  CCSD[T]-F12b energy                -115.607813340825
  CCSD-T-F12b energy                 -115.606995164468
 !CCSD(T)-F12b total energy          -115.607244988996

 Timing summary (sec):

 STEP                 CPU(USER)    SYS     CPU(TOT)    WALL
 Transformation        442.72      6.79    449.51     57.92
 CCSD iterations     23830.76     79.22  23909.98   6042.88
 Triples              1255.62     11.26   1266.88    333.28
 MP2-F12                66.74      1.24     67.98     20.48
 F12b energy          4545.10      7.30   4552.40   1229.72

 Program statistics:

 Available memory in ccsd:              4999998200
 Min. memory needed in ccsd:              12381277
 Max. memory used in ccsd:                15743342
 Max. memory used in cckext:              10772787 (14 integral passes)



 **********************************************************************************************************************************
 DATASETS  * FILE   NREC   LENGTH (MB)   RECORD NAMES
              1      21    15248.14       500      610      700      900      950      970     1000      129      960     1100   
                                          VAR    BASINP    GEOM    SYMINP    ZMAT    AOBASIS   BASIS     P2S    ABASIS      S 
                                         1400     1410     1200     1210     1080     1600     1650     1300     1700     2101   
                                           T        V       H0       H01     AOSYM     SMH    MOLCAS    ERIS     OPER      RHF  
                                         1380   
                                         JKOP   

              2       9        9.92       700     1000      520     2100      200     2101     7360     7350     5600   
                                         GEOM     BASIS   MCVARS     RHF    OPTIONS    RHF    F12ABS    EF12     GINFO   

 PROGRAMS   *        TOTAL   CCSD(T)    HF-SCF       INT
 CPU TIMES  *     44996.49  30140.98   2535.22   1029.05
 REAL TIME  *     10156.69 SEC
 DISK USED  *        47.83 GB
 **********************************************************************************************************************************
 Starting task   2 Incrementing variable RCO      by  -0.00529 ANG to    1.42431 ANG. CPU=33564.27 sec, Elapsed= 8351.88 sec

 Running procedure: RUNCCSD


 Recomputing integrals since geometry changed


 PROGRAM * SEWARD (Integral evaluation for generally contracted gaussian basis sets)     Author: Roland Lindh, 1990

 Geometry written to block  1 of record 700

 Orientation using atomic masses  
 Molecule type: Asymmetric top
 Rotational constants:      23.7763039     24.6600927    128.9160032 GHz  (calculated with average atomic masses)

 Point group  C1  



 ATOMIC COORDINATES

 NR  ATOM    CHARGE       X              Y              Z

   1  C       6.00   -0.000000000    0.021727548   -1.378372026
   2  O       8.00   -0.000000000   -0.126502504    1.309095655
   3  H       1.00   -0.000000000    1.563575491    1.962537691
   4  H1      1.00    1.672584827    1.026045499   -2.052512199
   5  H2      1.00    0.000000000   -1.866559817   -2.212056828
   6  H3      1.00   -1.672584827    1.026045499   -2.052512199

 Bond lengths in Bohr (Angstrom)

 1-2  2.691552468  1-4  2.064136508  1-5  2.064136508  1-6  2.064136508  2-3  1.812001689
     ( 1.424308228)     ( 1.092294000)     ( 1.092294000)     ( 1.092294000)     ( 0.958870000)

 Bond angles

  1-2-3  107.98120000   2-1-4  110.66460000   2-1-5  110.66460000   2-1-6  110.66460000

  4-1-5  108.25192757   4-1-6  108.25192757   5-1-6  108.25192757

 NUCLEAR CHARGE:                   18
 NUMBER OF PRIMITIVE AOS:         558
 NUMBER OF SYMMETRY AOS:          452
 NUMBER OF CONTRACTIONS:          412   (  412A   )
 NUMBER OF INNER CORE ORBITALS:     0   (    0A   )
 NUMBER OF OUTER CORE ORBITALS:     2   (    2A   )
 NUMBER OF VALENCE ORBITALS:       12   (   12A   )


 NUCLEAR REPULSION ENERGY   40.24837025


 Eigenvalues of metric

         1 0.141E-05 0.157E-05 0.315E-05 0.497E-05 0.538E-05 0.723E-05 0.726E-05 0.879E-05
