
 Working directory              : /tmp/asmola/molpro.iQJj5Eyc4x/
 Global scratch directory       : /tmp/asmola/molpro.iQJj5Eyc4x/
 Wavefunction directory         : /home/asmola/wfu/
 Main file repository           : /tmp/asmola/molpro.iQJj5Eyc4x/

 id        : uclcc

 Nodes                        nprocs
 vincent.theory.phys.ucl.ac.uk    1
 GA implementation: MPI file
 GA implementation (serial work in mppx): MPI file

 Using customized tuning parameters: mindgm=1; mindgv=20; mindgc=4; mindgr=1; noblas=0; minvec=7
 default implementation of scratch files=df  


 Variables initialized (1015), CPU time= 0.00 sec
 ***,Methanol Ground State Energy with CCSD(T) and aug-cc-pVTZ
 memory,500,m;
 
 symmetry,nosym
 geometry={angstrom
 c
 o , 1, rco
 h , 2, roh, 1, acoh
 h1, 1, rch1, 2, aoch1  3  ahh1
 h2, 1, rch2, 2, aoch2, 3, ahh2
 h3, 1, rch3, 2, aoch3, 3, ahh3
 }
 
 rco= 1.41997934
 roh= 0.95818958
 rch1= 1.09312547
 rch2= 1.08754749
 rch3= 1.09312547
 acoh= 108.21042647
 aoch1= 111.89503696
 aoch2= 106.72939010
 aoch3= 111.89503696
 ahh1=61.38282783
 ahh2=180.00
 ahh3=298.61717217
 
 
 Sa = -1.6936112928100562
 Sb = 2.9334208074194277
 tau = 60
 ahh1 = tau+1.0/3.0*sqrt(2.0)*Sb
 ahh2 = 120.0+tau-1.0/6.0*sqrt(2.0)*Sb-1.0/6.0*sqrt(6.0)*Sa
 ahh3 = 240.0+tau+1.0/6.0*sqrt(6.0)*Sa-1.0/6.0*sqrt(2.0)*Sb
 
 
 basis=aug-cc-pVDZ
 
 hf
 runccsd = {hf;ccsd}
 
 
 do i = 60, 120, 5
     tau = i
     ahh2 = ahh2 + 5/3
 
     geometry={angstrom
     c
     o , 1, rco
     h , 2, roh, 1, acoh
     h1, 1, rch1, 2, aoch1  3  ahh1
     h2, 1, rch2, 2, aoch2, 3, ahh2
     h3, 1, rch3, 2, aoch3, 3, ahh3
     }
 
     {OPTG,procedure=runccsd,savexyz=CH3OH_maxima_mp2.xyz
     active,rco,roh,rch1,rch2,rch3,acoh,aoch1,aoch2,aoch3,ahh1,ahh3;
     END}
 
 enddo
 
 Commands initialized (818), CPU time= 0.01 sec, 672 directives.
 Default parameters read. Elapsed time= 0.05 sec

 Checking input...
 Passed
1


                                         ***  PROGRAM SYSTEM MOLPRO  ***
                                       Copyright, TTI GmbH Stuttgart, 2015
                                    Version 2022.1 linked Mar  3 2022 23:20:00


 **********************************************************************************************************************************
 LABEL *   Methanol Ground State Energy with CCSD(T) and aug-cc-pVTZ                     
  (14 PROC) 64 bit serial version                                                        DATE: 17-Feb-25          TIME: 11:12:27  
 **********************************************************************************************************************************

 SHA1:             31073afc4d8441e10870424e0d77336a33bc4286
 **********************************************************************************************************************************

 Memory per process:       500 MW
 Total memory per node:    500 MW

 GA preallocation disabled
 GA check disabled

 Variable memory set to 500.0 MW

 ZSYMEL=NOSYM

 SETTING RCO            =         1.41997934                                  
 SETTING ROH            =         0.95818958                                  
 SETTING RCH1           =         1.09312547                                  
 SETTING RCH2           =         1.08754749                                  
 SETTING RCH3           =         1.09312547                                  
 SETTING ACOH           =       108.21042647                                  
 SETTING AOCH1          =       111.89503696                                  
 SETTING AOCH2          =       106.72939010                                  
 SETTING AOCH3          =       111.89503696                                  
 SETTING AHH1           =        61.38282783                                  
 SETTING AHH2           =       180.00000000                                  
 SETTING AHH3           =       298.61717217                                  
 SETTING SA             =        -1.69361129                                  
 SETTING SB             =         2.93342081                                  
 SETTING TAU            =        60.00000000                                  
 SETTING AHH1           =        61.38282783                                  
 SETTING AHH2           =       180.00000000                                  
 SETTING AHH3           =       298.61717217                                  
 SETTING BASIS          =    AUG-CC-PVDZ


 Recomputing integrals since basis changed


 Using spherical harmonics

 Library entry C      S aug-cc-pVDZ          selected for orbital group  1
 Library entry C      P aug-cc-pVDZ          selected for orbital group  1
 Library entry C      D aug-cc-pVDZ          selected for orbital group  1
 Library entry O      S aug-cc-pVDZ          selected for orbital group  2
 Library entry O      P aug-cc-pVDZ          selected for orbital group  2
 Library entry O      D aug-cc-pVDZ          selected for orbital group  2
 Library entry H      S aug-cc-pVDZ          selected for orbital group  3
 Library entry H      P aug-cc-pVDZ          selected for orbital group  3


 PROGRAM * SEWARD (Integral evaluation for generally contracted gaussian basis sets)     Author: Roland Lindh, 1990

 Geometry written to block  1 of record 700

 Orientation using atomic masses  
 Molecule type: Asymmetric top
 Rotational constants:      23.9613761     24.8267954    128.5481154 GHz  (calculated with average atomic masses)

 Point group  C1  



 ATOMIC COORDINATES

 NR  ATOM    CHARGE       X              Y              Z

   1  C       6.00   -0.000000000    0.024794255   -1.375691575
   2  O       8.00   -0.000000000   -0.120926336    1.303720879
   3  H       1.00   -0.000000000    1.565832922    1.962154785
   4  H1      1.00    1.682559542    0.983287284   -2.095019762
   5  H2      1.00    0.000000000   -1.908357421   -2.073284295
   6  H3      1.00   -1.682559542    0.983287284   -2.095019762

 Bond lengths in Bohr (Angstrom)

 1-2  2.683372055  1-4  2.065707758  1-5  2.055166904  1-6  2.065707758  2-3  1.810715882
     ( 1.419979340)     ( 1.093125470)     ( 1.087547490)     ( 1.093125470)     ( 0.958189580)

 Bond angles

  1-2-3  108.21042647   2-1-4  111.89503696   2-1-5  106.72939010   2-1-6  111.89503696

  4-1-5  108.55746630   4-1-6  109.07978552   5-1-6  108.55746630

 NUCLEAR CHARGE:                   18
 NUMBER OF PRIMITIVE AOS:         118
 NUMBER OF SYMMETRY AOS:          114
 NUMBER OF CONTRACTIONS:           82   (   82A   )
 NUMBER OF INNER CORE ORBITALS:     0   (    0A   )
 NUMBER OF OUTER CORE ORBITALS:     2   (    2A   )
 NUMBER OF VALENCE ORBITALS:       12   (   12A   )


 NUCLEAR REPULSION ENERGY   40.34537859


 Eigenvalues of metric

         1 0.653E-03 0.797E-03 0.810E-03 0.110E-02 0.247E-02 0.437E-02 0.496E-02 0.523E-02


 Contracted 2-electron integrals neglected if value below      1.0D-11
 AO integral compression algorithm  1   Integral accuracy      1.0D-11

     26.739 MB (compressed) written to integral file ( 46.9%)


 NUMBER OF SORTED TWO-ELECTRON INTEGRALS:    5791906.     BUFFER LENGTH:  32768
 NUMBER OF SEGMENTS:   1  SEGMENT LENGTH:    5791906      RECORD LENGTH: 524288

 Memory used in sort:       6.35 MW

 SORT1 READ     7174542. AND WROTE     4703197. INTEGRALS IN     14 RECORDS. CPU TIME:     0.04 SEC, REAL TIME:     0.06 SEC
 SORT2 READ     4703197. AND WROTE     5791906. INTEGRALS IN    102 RECORDS. CPU TIME:     0.13 SEC, REAL TIME:     0.14 SEC

 FILE SIZES:   FILE 1:    57.0 MBYTE,  FILE 4:    58.8 MBYTE,   TOTAL:    115.8 MBYTE

 OPERATOR DM      FOR CENTER  0  COORDINATES:    0.000000    0.000000    0.000000


 **********************************************************************************************************************************
 DATASETS  * FILE   NREC   LENGTH (MB)   RECORD NAMES
              1      19       50.11       500      610      700      900      950      970     1000      129      960     1100   
                                          VAR    BASINP    GEOM    SYMINP    ZMAT    AOBASIS   BASIS     P2S    ABASIS      S 
                                         1400     1410     1200     1210     1080     1600     1650     1300     1700   
                                           T        V       H0       H01     AOSYM     SMH    MOLCAS    ERIS     OPER   

 PROGRAMS   *        TOTAL       INT
 CPU TIMES  *         1.03      0.92
 REAL TIME  *         0.98 SEC
 DISK USED  *       110.74 MB
 **********************************************************************************************************************************


 Program * Restricted Hartree-Fock

 Orbital guess generated from atomic densities. Full valence occupancy:   14

 Initial occupancy:   9

 NELEC=   18   SYM=1   MS2= 0   THRE=1.0D-08   THRD=1.0D-06   THRG=1.0D-06  HFMA2=F  DIIS_START=2   DIIS_MAX=10   DIIS_INCORE=F

 Level shifts:    0.00 (CLOSED)    0.00 (OPEN)    0.30 (GAP_MIN)

 ITER           ETOT              DE          GRAD        DDIFF     DIIS  NEXP   TIME(IT)  TIME(TOT)  DIAG
   1     -115.02729657    -115.02729657     0.00D+00     0.97D-01     0     0       0.17      0.27    start
   2     -115.05451940      -0.02722282     0.71D-02     0.12D-01     1     0       0.10      0.37    diag
   3     -115.06113108      -0.00661168     0.37D-02     0.38D-02     2     0       0.12      0.49    diag
   4     -115.06165225      -0.00052118     0.78D-03     0.12D-02     3     0       0.11      0.60    diag
   5     -115.06167980      -0.00002755     0.15D-03     0.28D-03     4     0       0.12      0.72    diag
   6     -115.06168099      -0.00000119     0.26D-04     0.59D-04     5     0       0.11      0.83    diag
   7     -115.06168104      -0.00000005     0.51D-05     0.12D-04     6     0       0.13      0.96    diag
   8     -115.06168104      -0.00000000     0.12D-05     0.27D-05     7     0       0.12      1.08    fixocc
   9     -115.06168104      -0.00000000     0.33D-06     0.63D-06     8     0       0.10      1.18    diag
  10     -115.06168104      -0.00000000     0.90D-07     0.17D-06     0     0       0.13      1.31    diag/orth

 Final occupancy:   9

 !RHF STATE 1.1 Energy               -115.061681037767
  RHF One-electron energy            -236.818100394940
  RHF Two-electron energy              81.411040764347
  RHF Kinetic energy                  114.890077710112
  RHF Nuclear energy                   40.345378592827
  RHF Virial quotient                  -1.001493630530

 !RHF STATE 1.1 Dipole moment          -0.00000000     0.59035160    -0.39453503
 Dipole moment /Debye                  -0.00000000     1.50052410    -1.00280803

 Orbital energies:

           1.1          2.1          3.1          4.1          5.1          6.1          7.1          8.1          9.1         10.1
    -20.568208   -11.279238    -1.361817    -0.927493    -0.692525    -0.620218    -0.593914    -0.504096    -0.450493     0.034537

          11.1
      0.051710


 HOMO      9.1    -0.450493 =     -12.2585eV
 LUMO     10.1     0.034537 =       0.9398eV
 LUMO-HOMO         0.485030 =      13.1983eV

 Orbitals saved in record  2100.2


 **********************************************************************************************************************************
 DATASETS  * FILE   NREC   LENGTH (MB)   RECORD NAMES
              1      19       50.11       500      610      700      900      950      970     1000      129      960     1100   
                                          VAR    BASINP    GEOM    SYMINP    ZMAT    AOBASIS   BASIS     P2S    ABASIS      S 
                                         1400     1410     1200     1210     1080     1600     1650     1300     1700   
                                           T        V       H0       H01     AOSYM     SMH    MOLCAS    ERIS     OPER   

              2       4        0.52       700     1000      520     2100   
                                         GEOM     BASIS   MCVARS     RHF  

 PROGRAMS   *        TOTAL    HF-SCF       INT
 CPU TIMES  *         2.35      1.31      0.92
 REAL TIME  *         1.44 SEC
 DISK USED  *       110.74 MB
 **********************************************************************************************************************************

 DO I                   =        60.00000000   
 SETTING TAU            =        60.00000000                                  
 SETTING AHH2           =       181.66666667  DEGREE                          


 PROGRAM * OPT (Geometry optimization)     Authors: F. Eckert and H.-J. Werner


 BFGS update of hessian

 Geometry optimization using procedure=RUNCCSD

 Running procedure: RUNCCSD


 Recomputing integrals since geometry changed


 PROGRAM * SEWARD (Integral evaluation for generally contracted gaussian basis sets)     Author: Roland Lindh, 1990

 Geometry written to block  1 of record 700

 Orientation using atomic masses  
 Molecule type: Asymmetric top
 Rotational constants:      23.9609105     24.8273442    128.5502429 GHz  (calculated with average atomic masses)

 Point group  C1  



 ATOMIC COORDINATES

 NR  ATOM    CHARGE       X              Y              Z

   1  C       6.00    0.003445853    0.024896644   -1.375687540
   2  O       8.00    0.004323955   -0.120841672    1.303723806
   3  H       1.00   -0.067653404    1.564399751    1.962110174
   4  H1      1.00    1.645757075    1.053102977   -2.091756065
   5  H2      1.00    0.028597438   -1.908087009   -2.073292441
   6  H3      1.00   -1.716398944    0.912070335   -2.098325249

 Bond lengths in Bohr (Angstrom)

 1-2  2.683372055  1-4  2.065707758  1-5  2.055166904  1-6  2.065707758  2-3  1.810715882
     ( 1.419979340)     ( 1.093125470)     ( 1.087547490)     ( 1.093125470)     ( 0.958189580)

 Bond angles

  1-2-3  108.21042647   2-1-4  111.89503696   2-1-5  106.72939010   2-1-6  111.89503696

  4-1-5  109.92336605   4-1-6  109.07978552   5-1-6  107.18081712

 NUCLEAR CHARGE:                   18
 NUMBER OF PRIMITIVE AOS:         118
 NUMBER OF SYMMETRY AOS:          114
 NUMBER OF CONTRACTIONS:           82   (   82A   )
 NUMBER OF INNER CORE ORBITALS:     0   (    0A   )
 NUMBER OF OUTER CORE ORBITALS:     2   (    2A   )
 NUMBER OF VALENCE ORBITALS:       12   (   12A   )


 NUCLEAR REPULSION ENERGY   40.34549534

 Eigenvalues of metric

         1 0.653E-03 0.797E-03 0.810E-03 0.110E-02 0.247E-02 0.436E-02 0.496E-02 0.523E-02


 Contracted 2-electron integrals neglected if value below      1.0D-11
 AO integral compression algorithm  1   Integral accuracy      1.0D-11

     31.719 MB (compressed) written to integral file ( 55.7%)


 NUMBER OF SORTED TWO-ELECTRON INTEGRALS:    5791906.     BUFFER LENGTH:  32768
 NUMBER OF SEGMENTS:   1  SEGMENT LENGTH:    5791906      RECORD LENGTH: 524288

 Memory used in sort:       6.35 MW

 SORT1 READ     7174542. AND WROTE     5719896. INTEGRALS IN     17 RECORDS. CPU TIME:     0.04 SEC, REAL TIME:     0.07 SEC
 SORT2 READ     5719896. AND WROTE     5791906. INTEGRALS IN    121 RECORDS. CPU TIME:     0.10 SEC, REAL TIME:     0.12 SEC

 FILE SIZES:   FILE 1:    62.0 MBYTE,  FILE 4:    71.3 MBYTE,   TOTAL:    133.3 MBYTE

 OPERATOR DM      FOR CENTER  0  COORDINATES:    0.000000    0.000000    0.000000


 **********************************************************************************************************************************
 DATASETS  * FILE   NREC   LENGTH (MB)   RECORD NAMES
              1      19       53.96       500      610      700      900      950      970     1000      129      960     1100   
                                          VAR    BASINP    GEOM    SYMINP    ZMAT    AOBASIS   BASIS     P2S    ABASIS      S 
                                         1400     1410     1200     1210     1080     1600     1650     1300     1700   
                                           T        V       H0       H01     AOSYM     SMH    MOLCAS    ERIS     OPER   

              2       5        0.64       700     1000      520     2100      200   
                                         GEOM     BASIS   MCVARS     RHF    OPTIONS    

 PROGRAMS   *        TOTAL       INT    HF-SCF       INT
 CPU TIMES  *         3.10      0.75      1.31      0.92
 REAL TIME  *         2.07 SEC
 DISK USED  *       127.84 MB
 **********************************************************************************************************************************


 Program * Restricted Hartree-Fock

 Molecular orbitals read from record     2100.2  Type=RHF/CANONICAL  

 Initial occupancy:   9

 NELEC=   18   SYM=1   MS2= 0   THRE=1.0D-08   THRD=1.0D-06   THRG=1.0D-06  HFMA2=F  DIIS_START=2   DIIS_MAX=10   DIIS_INCORE=F

 Level shifts:    0.00 (CLOSED)    0.00 (OPEN)    0.30 (GAP_MIN)

 ITER           ETOT              DE          GRAD        DDIFF     DIIS  NEXP   TIME(IT)  TIME(TOT)  DIAG
   1     -115.06097695    -115.06097695     0.00D+00     0.99D-01     0     0       0.14      0.15    start
   2     -115.06154394      -0.00056698     0.84D-03     0.13D-02     1     0       0.10      0.25    diag
   3     -115.06159175      -0.00004781     0.20D-03     0.34D-03     2     0       0.11      0.36    diag
   4     -115.06159385      -0.00000210     0.33D-04     0.58D-04     3     0       0.10      0.46    diag
   5     -115.06159400      -0.00000015     0.99D-05     0.16D-04     4     0       0.11      0.57    diag
   6     -115.06159403      -0.00000003     0.44D-05     0.79D-05     5     0       0.12      0.69    diag
   7     -115.06159403      -0.00000000     0.14D-05     0.25D-05     6     0       0.12      0.81    diag
   8     -115.06159403      -0.00000000     0.27D-06     0.78D-06     7     0       0.12      0.93    fixocc
   9     -115.06159403      -0.00000000     0.41D-07     0.79D-07     0     0       0.12      1.05    diag

 Final occupancy:   9

 !RHF STATE 1.1 Energy               -115.061594030967
  RHF One-electron energy            -236.818213246613
  RHF Two-electron energy              81.411123875028
  RHF Kinetic energy                  114.890067690531
  RHF Nuclear energy                   40.345495340618
  RHF Virial quotient                  -1.001492960566

 !RHF STATE 1.1 Dipole moment          -0.02772097     0.58978246    -0.39457752
 Dipole moment /Debye                  -0.07045967     1.49907749    -1.00291603

 Orbital energies:

           1.1          2.1          3.1          4.1          5.1          6.1          7.1          8.1          9.1         10.1
    -20.568209   -11.279240    -1.361817    -0.927513    -0.692522    -0.620422    -0.593745    -0.504044    -0.450471     0.034537

          11.1
      0.051707


 HOMO      9.1    -0.450471 =     -12.2579eV
 LUMO     10.1     0.034537 =       0.9398eV
 LUMO-HOMO         0.485008 =      13.1977eV

 Orbitals saved in record  2101.2


 **********************************************************************************************************************************
 DATASETS  * FILE   NREC   LENGTH (MB)   RECORD NAMES
              1      19       53.96       500      610      700      900      950      970     1000      129      960     1100   
                                          VAR    BASINP    GEOM    SYMINP    ZMAT    AOBASIS   BASIS     P2S    ABASIS      S 
                                         1400     1410     1200     1210     1080     1600     1650     1300     1700   
                                           T        V       H0       H01     AOSYM     SMH    MOLCAS    ERIS     OPER   

              2       6        1.06       700     1000      520     2100      200     2101   
                                         GEOM     BASIS   MCVARS     RHF    OPTIONS    RHF  

 PROGRAMS   *        TOTAL    HF-SCF       INT    HF-SCF       INT
 CPU TIMES  *         4.16      1.06      0.75      1.31      0.92
 REAL TIME  *         2.45 SEC
 DISK USED  *       127.84 MB
 **********************************************************************************************************************************


 PROGRAM * CCSD (Closed-shell coupled cluster)     Authors: C. Hampel, H.-J. Werner, 1991, M. Deegan, P.J. Knowles, 1992


 Convergence thresholds:  THRVAR = 1.00D-12  THRDEN = 1.00D-08

 Using ITF CCSD gradient implementation

 Number of core orbitals:           2 (   2 )
 Number of closed-shell orbitals:   7 (   7 )
 Number of external orbitals:      73 (  73 )

 Molecular orbitals read from record     2101.2  Type=RHF/CANONICAL  

 Integral transformation finished. Total CPU:   1.04 sec, npass=  1  Memory used:   2.72 MW
  Reference energy                   -115.061594030967

  MP2 correlation energy               -0.359872620106
  MP2 total energy                   -115.421466651074

 ITER.      SQ.NORM     CORR.ENERGY   TOTAL ENERGY   ENERGY CHANGE        DEN1      VAR(S)    VAR(P)  DIIS     TIME
   1      1.11584128    -0.38154866  -115.44314269    -0.02167604    -0.01166617  1.93e-03  1.92e-03  1  1     1.74
   2      1.12408394    -0.38305913  -115.44465316    -0.00151047    -0.00848758  2.65e-05  2.94e-04  2  2     3.67
   3      1.12711484    -0.38319079  -115.44478482    -0.00013166    -0.00206241  3.64e-06  3.22e-05  3  3     5.55
   4      1.12834918    -0.38320341  -115.44479744    -0.00001262    -0.00087371  4.84e-08  2.66e-06  4  4     7.39
   5      1.12860095    -0.38318481  -115.44477885     0.00001860    -0.00017791  3.30e-08  2.24e-07  5  5     9.94
   6      1.12865011    -0.38318446  -115.44477849     0.00000035    -0.00003763  3.39e-10  1.11e-08  6  0    11.68
   7      1.12865532    -0.38318373  -115.44477776     0.00000074    -0.00000516  2.93e-11  9.98e-10  6  1    13.53
   8      1.12865548    -0.38318363  -115.44477766     0.00000009    -0.00000046  2.61e-12  8.02e-11  6  2    15.42
   9      1.12865545    -0.38318363  -115.44477766     0.00000000     0.00000002  1.28e-13  7.03e-12  6  3    17.16
  10      1.12865548    -0.38318363  -115.44477766    -0.00000000    -0.00000001  8.92e-15  4.66e-13          18.98

 Norm of t1 vector:      0.05790569     S-energy:      0.00000000   T1 diagnostic:  0.01094315

 Time per iteration:                      1.90 sec

 RESULTS
 =======

  Reference energy                   -115.061594030967
  CCSD correlation energy              -0.383183632518
 !CCSD total energy                  -115.444777663485

 Starting CP-CCSD iterations.   Author: W. Gyorffy (2012)

 ITER.      NRM1           NRM2      VAR(S)+VAR(P)   DIIS    TIME
   1     0.00192231     0.36783221     5.99e-04      1  1    1.79
   2     0.00175740     0.36341791     5.39e-05      2  2    3.56
   3     0.00163071     0.36292777     6.40e-06      3  3    5.46
   4     0.00156267     0.36244128     1.09e-06      4  4    7.28
   5     0.00152963     0.36233358     9.15e-08      5  5    9.20
   6     0.00151850     0.36230196     9.28e-09      6  0   11.14
   7     0.00151566     0.36229944     9.85e-10      6  1   12.91
   8     0.00151503     0.36229895     1.36e-10      6  2   14.86
   9     0.00151495     0.36229892     2.03e-11      6  3   16.73
  10     0.00151492     0.36229886     2.41e-12      6  4   18.46
  11     0.00151493     0.36229884     2.46e-13             20.36


 Time per iteration:                      1.85 sec


 Starting Coupled-perturbed Hartree-Fock, convergence threshold= 1.0D-06

 ITER   MIC  DIIS      VAR         VARC       CPU
   1     0     1    0.59D-02    0.76D-03     0.05
   2     4     2    0.13D-03    0.45D-04     0.09
   3     4     3    0.31D-05    0.63D-06     0.13
   4     2     4    0.26D-06    0.17D-07     0.16

 CPHF convergence reached in  4 macroiterations and   10 microiterations.   Accuracy: 2.6091D-07

 CPHF solution written to record  8500.2

 Dipole moments (unrelaxed):           -0.02604585     0.54989323    -0.36178964
 Orbital relaxation contribution:      -0.00012810     0.00500163    -0.00380328
 !CCSD STATE 1.1 Dipole moment         -0.02617395     0.55489485    -0.36559292
 Dipole moment /Debye                  -0.06652753     1.41040204    -0.92924452

 CPU-time for coupled-perturbed hartree-fock:          0.42 sec

 Number of N-1 electron functions:               7
 Number of N-2 electron functions:              28
 Number of singly external CSFs:               511
 Number of doubly external CSFs:            130816
 Total number of CSFs:                      131328

 CCSD gradient info saved on record        55555.1




 **********************************************************************************************************************************
 DATASETS  * FILE   NREC   LENGTH (MB)   RECORD NAMES
              1      21       81.18       500      610      700      900      950      970     1000      129      960     1100   
                                          VAR    BASINP    GEOM    SYMINP    ZMAT    AOBASIS   BASIS     P2S    ABASIS      S 
                                         1400     1410     1200     1210     1080     1600     1650     1300     1700     1380   
                                           T        V       H0       H01     AOSYM     SMH    MOLCAS    ERIS     OPER     JKOP   
                                        55555   
                                         CCSD   

              2       7        1.24       700     1000      520     2100      200     2101     8500   
                                         GEOM     BASIS   MCVARS     RHF    OPTIONS    RHF     CPHF   

 PROGRAMS   *        TOTAL      CCSD    HF-SCF       INT    HF-SCF       INT
 CPU TIMES  *        61.29     57.13      1.06      0.75      1.31      0.92
 REAL TIME  *        10.59 SEC
 DISK USED  *       195.56 MB
 **********************************************************************************************************************************

 Inactive variables:    AHH2

 Active variables:      RCO ROH ACOH RCH1 AOCH1 AHH1
                        RCH2 AOCH2 RCH3 AOCH3 AHH3

 Geometry written to block  1 of record 700

 XYZ inputs for each point on the optimization path will be saved in files ch3oh_maxima_mp2_xx.xyz

 *** Long output written to logfile /scratch/vol1/asmola/Methanol/MolPro/RunMolPro/CH3OH_MEP_AUG-PVDZ-FREEZE-AHH1.log ***


 Making model hessian for Z-matrix coordinates

 Entering Rational Function Geometry Optimization

 ITER.   ENERGY(OLD)    ENERGY(NEW)      DE          GRADMAX     GRADNORM    GRADRMS     STEPMAX     STEPLEN     STEPRMS   CPU-time
   1  -115.44477766  -115.44525783    -0.00048017  0.00924195  0.01905605  0.00574561  0.03024596  0.05437622  0.00494329    128.07
   2  -115.44525783  -115.44529369    -0.00003586  0.00308835  0.00509015  0.00153474  0.00717753  0.01357610  0.00123419    192.70
   3  -115.44529369  -115.44529506    -0.00000137  0.00083764  0.00090906  0.00027409  0.00178779  0.00239763  0.00021797    257.54
   4  -115.44529506  -115.44529543    -0.00000037  0.00032971  0.00042735  0.00012885  0.00123480  0.00178002  0.00016182    320.44
   5  -115.44529543  -115.44529544    -0.00000001  0.00004179  0.00006481  0.00001954  0.00011090  0.00021430  0.00001948    387.39

 END OF GEOMETRY OPTIMIZATION.

 Optimized variables
 RCO=                 1.43250220 ANGSTROM
 ROH=                 0.96356597 ANGSTROM
 ACOH=              108.12455015 DEGREE
 RCH1=                1.10574357 ANGSTROM
 AOCH1=             111.84251356 DEGREE
 AHH1=               63.02755621 DEGREE
 RCH2=                1.10020750 ANGSTROM
 AOCH2=             106.54176685 DEGREE
 RCH3=                1.10571576 ANGSTROM
 AOCH3=             111.85319207 DEGREE
 AHH3=              300.18821628 DEGREE

 **********************************************************************************************************************************

 Geometry written to block  1 of record 700

 Recomputing wavefunction for reoriented structure

 Current geometry (xyz format, in Angstrom)


 Dump information in style XYZ to ch3oh_maxima_mp2.xyz                                                            

    6
 CCSD/AUG-CC-PVDZ  ENERGY=-115.44529544
 C          0.0001151336        0.0131733584       -0.7343917201
 O          0.0001068413       -0.0642166552        0.6960184833
 H         -0.0004303902        0.8340083109        1.0448035143
 H          0.9145646070        0.5007716863       -1.1200066574
 H         -0.0299414357       -1.0226083632       -1.1041340219
 H         -0.8872606888        0.5501840065       -1.1175249222

 **********************************************************************************************************************************


 **********************************************************************************************************************************
 DATASETS  * FILE   NREC   LENGTH (MB)   RECORD NAMES
              1      21       87.22       500      610      700      900      950      970     1000      129      960     1100   
                                          VAR    BASINP    GEOM    SYMINP    ZMAT    AOBASIS   BASIS     P2S    ABASIS      S 
                                         1400     1410     1200     1210     1080     1600     1650     1300     1700     1380   
                                           T        V       H0       H01     AOSYM     SMH    MOLCAS    ERIS     OPER     JKOP   
                                        55555   
                                         CCSD   

              2       8        1.26       700     1000      520     2100      200     2101     8500     9001   
                                         GEOM     BASIS   MCVARS     RHF    OPTIONS    RHF     CPHF    DEN_MP2    

 PROGRAMS   *        TOTAL      OPTG    HF-SCF      CCSD    HF-SCF      CCSD    HF-SCF      CCSD    HF-SCF      CCSD    HF-SCF
 CPU TIMES  *       670.21    280.12      0.34     57.94      1.66     54.04      1.68     55.36      1.68     55.57      1.72
 REAL TIME  *       101.46 SEC
 DISK USED  *       201.58 MB
 **********************************************************************************************************************************

 DO I                   =        65.00000000   
 SETTING TAU            =        65.00000000                                  
 SETTING AHH2           =       183.33333333  DEGREE                          


 PROGRAM * OPT (Geometry optimization)     Authors: F. Eckert and H.-J. Werner


 BFGS update of hessian

 Geometry optimization using procedure=RUNCCSD

 Running procedure: RUNCCSD


 Recomputing integrals since geometry changed


 PROGRAM * SEWARD (Integral evaluation for generally contracted gaussian basis sets)     Author: Roland Lindh, 1990

 Geometry written to block  1 of record 700

 Orientation using atomic masses  
 Molecule type: Asymmetric top
 Rotational constants:      23.5492636     24.3913113    125.7632361 GHz  (calculated with average atomic masses)

 Point group  C1  



 ATOMIC COORDINATES

 NR  ATOM    CHARGE       X              Y              Z

   1  C       6.00    0.003697550    0.024872786   -1.387798999
   2  O       8.00    0.004617631   -0.121227132    1.315292271
   3  H       1.00   -0.069956550    1.574593045    1.974246926
   4  H1      1.00    1.692381248    1.019036059   -2.113206799
   5  H2      1.00   -0.026317718   -1.933095033   -2.086426139
   6  H3      1.00   -1.713465754    0.967354829   -2.115183245

 Bond lengths in Bohr (Angstrom)

 1-2  2.707036838  1-4  2.089552517  1-5  2.079090854  1-6  2.089499954  2-3  1.820875784
     ( 1.432502204)     ( 1.105743573)     ( 1.100207500)     ( 1.105715758)     ( 0.963565969)

 Bond angles

  1-2-3  108.12455015   2-1-4  111.84251356   2-1-5  106.54176685   2-1-6  111.85319207

  4-1-5  110.06421620   4-1-6  109.18948452   5-1-6  107.21387987

 NUCLEAR CHARGE:                   18
 NUMBER OF PRIMITIVE AOS:         118
 NUMBER OF SYMMETRY AOS:          114
 NUMBER OF CONTRACTIONS:           82   (   82A   )
 NUMBER OF INNER CORE ORBITALS:     0   (    0A   )
 NUMBER OF OUTER CORE ORBITALS:     2   (    2A   )
 NUMBER OF VALENCE ORBITALS:       12   (   12A   )


 NUCLEAR REPULSION ENERGY   39.98029817

 Eigenvalues of metric

         1 0.678E-03 0.826E-03 0.834E-03 0.114E-02 0.255E-02 0.444E-02 0.514E-02 0.542E-02


 Contracted 2-electron integrals neglected if value below      1.0D-11
 AO integral compression algorithm  1   Integral accuracy      1.0D-11

     31.719 MB (compressed) written to integral file ( 55.6%)


 NUMBER OF SORTED TWO-ELECTRON INTEGRALS:    5791906.     BUFFER LENGTH:  32768
 NUMBER OF SEGMENTS:   1  SEGMENT LENGTH:    5791906      RECORD LENGTH: 524288

 Memory used in sort:       6.35 MW

 SORT1 READ     7174542. AND WROTE     5719932. INTEGRALS IN     17 RECORDS. CPU TIME:     0.05 SEC, REAL TIME:     0.07 SEC
 SORT2 READ     5719932. AND WROTE     5791906. INTEGRALS IN    121 RECORDS. CPU TIME:     0.10 SEC, REAL TIME:     0.12 SEC

 FILE SIZES:   FILE 1:    62.0 MBYTE,  FILE 4:    71.3 MBYTE,   TOTAL:    133.3 MBYTE

 OPERATOR DM      FOR CENTER  0  COORDINATES:    0.000000    0.000000    0.000000


 **********************************************************************************************************************************
 DATASETS  * FILE   NREC   LENGTH (MB)   RECORD NAMES
              1      19       53.94       500      610      700      900      950      970     1000      129      960     1100   
                                          VAR    BASINP    GEOM    SYMINP    ZMAT    AOBASIS   BASIS     P2S    ABASIS      S 
                                         1400     1410     1200     1210     1080     1600     1650     1300     1700   
                                           T        V       H0       H01     AOSYM     SMH    MOLCAS    ERIS     OPER   

              2       8        1.26       700     1000      520     2100      200     2101     8500     9001   
                                         GEOM     BASIS   MCVARS     RHF    OPTIONS    RHF     CPHF    DEN_MP2    

 PROGRAMS   *        TOTAL       INT      CCSD    HF-SCF      CCSD    HF-SCF      CCSD    HF-SCF      CCSD    HF-SCF      CCSD
 CPU TIMES  *       670.97      0.75    280.12      0.34     57.94      1.66     54.04      1.68     55.36      1.68     55.57
 REAL TIME  *       102.08 SEC
 DISK USED  *       201.58 MB
 **********************************************************************************************************************************


 Program * Restricted Hartree-Fock

 Molecular orbitals read from record     2101.2  Type=RHF/CANONICAL (state 1.1)

 Initial occupancy:   9

 NELEC=   18   SYM=1   MS2= 0   THRE=1.0D-09   THRD=1.0D-07   THRG=1.0D-07  HFMA2=F  DIIS_START=2   DIIS_MAX=10   DIIS_INCORE=F

 Level shifts:    0.00 (CLOSED)    0.00 (OPEN)    0.30 (GAP_MIN)

 ITER           ETOT              DE          GRAD        DDIFF     DIIS  NEXP   TIME(IT)  TIME(TOT)  DIAG
   1     -115.06003964    -115.06003964     0.00D+00     0.99D-01     0     0       0.15      0.15    start
   2     -115.06060894      -0.00056930     0.84D-03     0.13D-02     1     0       0.10      0.25    diag
   3     -115.06065762      -0.00004868     0.20D-03     0.34D-03     2     0       0.11      0.36    diag
   4     -115.06065989      -0.00000226     0.34D-04     0.60D-04     3     0       0.11      0.47    diag
   5     -115.06066005      -0.00000016     0.11D-04     0.16D-04     4     0       0.11      0.58    diag
   6     -115.06066009      -0.00000004     0.48D-05     0.87D-05     5     0       0.12      0.70    diag
   7     -115.06066009      -0.00000000     0.14D-05     0.26D-05     6     0       0.10      0.80    diag
   8     -115.06066009      -0.00000000     0.29D-06     0.80D-06     7     0       0.12      0.92    fixocc
   9     -115.06066009      -0.00000000     0.57D-07     0.12D-06     8     0       0.11      1.03    diag
  10     -115.06066009      -0.00000000     0.19D-07     0.40D-07     9     0       0.12      1.15    diag/orth
  11     -115.06066009       0.00000000     0.30D-08     0.66D-08     0     0       0.10      1.25    diag

 Final occupancy:   9

 !RHF STATE 1.1 Energy               -115.060660089361
  RHF One-electron energy            -236.117384374589
  RHF Two-electron energy              81.076426110474
  RHF Kinetic energy                  114.798076632033
  RHF Nuclear energy                   39.980298174753
  RHF Virial quotient                  -1.002287350669

 !RHF STATE 1.1 Dipole moment          -0.02958794     0.59077498    -0.40422402
 Dipole moment /Debye                  -0.07520504     1.50160022    -1.02743498

 Orbital energies:

           1.1          2.1          3.1          4.1          5.1          6.1          7.1          8.1          9.1         10.1
    -20.569523   -11.284954    -1.356695    -0.923366    -0.687992    -0.616302    -0.589389    -0.503253    -0.450792     0.034490

          11.1
      0.051665


 HOMO      9.1    -0.450792 =     -12.2667eV
 LUMO     10.1     0.034490 =       0.9385eV
 LUMO-HOMO         0.485281 =      13.2052eV

 Orbitals saved in record  2101.2


 **********************************************************************************************************************************
 DATASETS  * FILE   NREC   LENGTH (MB)   RECORD NAMES
              1      19       53.94       500      610      700      900      950      970     1000      129      960     1100   
                                          VAR    BASINP    GEOM    SYMINP    ZMAT    AOBASIS   BASIS     P2S    ABASIS      S 
                                         1400     1410     1200     1210     1080     1600     1650     1300     1700   
                                           T        V       H0       H01     AOSYM     SMH    MOLCAS    ERIS     OPER   

              2       8        1.26       700     1000      520     2100      200     2101     8500     9001   
                                         GEOM     BASIS   MCVARS     RHF    OPTIONS    RHF     CPHF    DEN_MP2    

 PROGRAMS   *        TOTAL    HF-SCF       INT      CCSD    HF-SCF      CCSD    HF-SCF      CCSD    HF-SCF      CCSD    HF-SCF
 CPU TIMES  *       672.24      1.27      0.75    280.12      0.34     57.94      1.66     54.04      1.68     55.36      1.68
 REAL TIME  *       102.53 SEC
 DISK USED  *       201.58 MB
 **********************************************************************************************************************************


 PROGRAM * CCSD (Closed-shell coupled cluster)     Authors: C. Hampel, H.-J. Werner, 1991, M. Deegan, P.J. Knowles, 1992


 Convergence thresholds:  THRVAR = 1.00D-12  THRDEN = 1.00D-08

 Using ITF CCSD gradient implementation

 Number of core orbitals:           2 (   2 )
 Number of closed-shell orbitals:   7 (   7 )
 Number of external orbitals:      73 (  73 )

 Molecular orbitals read from record     2101.2  Type=RHF/CANONICAL (state 1.1)

 Integral transformation finished. Total CPU:   0.82 sec, npass=  1  Memory used:   2.72 MW
  Reference energy                   -115.060660089361

  MP2 correlation energy               -0.361160811346
  MP2 total energy                   -115.421820900708

 ITER.      SQ.NORM     CORR.ENERGY   TOTAL ENERGY   ENERGY CHANGE        DEN1      VAR(S)    VAR(P)  DIIS     TIME
   1      1.11728791    -0.38286797  -115.44352805    -0.02170715    -0.01150352  1.98e-03  1.98e-03  1  1     1.73
   2      1.12576599    -0.38441431  -115.44507440    -0.00154635    -0.00863903  2.80e-05  3.07e-04  2  2     3.48
   3      1.12890678    -0.38455698  -115.44521707    -0.00014267    -0.00210340  3.85e-06  3.45e-05  3  3     5.20
   4      1.13021370    -0.38457146  -115.44523155    -0.00001448    -0.00091000  5.35e-08  2.90e-06  4  4     6.89
   5      1.13048468    -0.38455194  -115.44521203     0.00001952    -0.00018737  3.57e-08  2.49e-07  5  5     8.46
   6      1.13053907    -0.38455148  -115.44521156     0.00000047    -0.00004035  3.76e-10  1.25e-08  6  0    10.16
   7      1.13054498    -0.38455066  -115.44521075     0.00000082    -0.00000559  3.51e-11  1.13e-09  6  1    11.91
   8      1.13054518    -0.38455055  -115.44521064     0.00000010    -0.00000050  3.12e-12  9.30e-11  6  2    13.70
   9      1.13054514    -0.38455055  -115.44521064     0.00000000     0.00000002  1.52e-13  8.27e-12  6  3    15.40
  10      1.13054518    -0.38455055  -115.44521064    -0.00000000    -0.00000001  1.09e-14  5.47e-13          17.12

 Norm of t1 vector:      0.05866869     S-energy:      0.00000000   T1 diagnostic:  0.01108734

 Time per iteration:                      1.71 sec

 RESULTS
 =======

  Reference energy                   -115.060660089361
  CCSD correlation energy              -0.384550553489
 !CCSD total energy                  -115.445210642851

 Starting CP-CCSD iterations.   Author: W. Gyorffy (2012)

 ITER.      NRM1           NRM2      VAR(S)+VAR(P)   DIIS    TIME
   1     0.00196916     0.37062288     6.24e-04      1  1    1.75
   2     0.00180046     0.36607907     5.63e-05      2  2    3.54
   3     0.00166991     0.36557933     6.68e-06      3  3    5.29
   4     0.00159984     0.36507738     1.14e-06      4  4    7.06
   5     0.00156559     0.36496656     9.70e-08      5  5    8.89
   6     0.00155398     0.36493378     9.91e-09      6  0   10.70
   7     0.00155099     0.36493121     1.05e-09      6  1   12.47
   8     0.00155032     0.36493070     1.46e-10      6  2   14.25
   9     0.00155024     0.36493066     2.20e-11      6  3   16.01
  10     0.00155020     0.36493060     2.63e-12      6  4   17.74
  11     0.00155021     0.36493058     2.72e-13             19.52


 Time per iteration:                      1.77 sec


 Starting Coupled-perturbed Hartree-Fock, convergence threshold= 1.0D-06

 ITER   MIC  DIIS      VAR         VARC       CPU
   1     0     1    0.60D-02    0.78D-03     0.06
   2     4     2    0.14D-03    0.47D-04     0.10
   3     4     3    0.31D-05    0.63D-06     0.14
   4     2     4    0.27D-06    0.17D-07     0.17

 CPHF convergence reached in  4 macroiterations and   10 microiterations.   Accuracy: 2.7014D-07

 CPHF solution written to record  8500.2

 Dipole moments (unrelaxed):           -0.02798072     0.54987559    -0.36929455
 Orbital relaxation contribution:      -0.00011066     0.00513380    -0.00401672
 !CCSD STATE 1.1 Dipole moment         -0.02809138     0.55500938    -0.37331126
 Dipole moment /Debye                  -0.07140117     1.41069314    -0.94886259

 CPU-time for coupled-perturbed hartree-fock:          0.18 sec

 Number of N-1 electron functions:               7
 Number of N-2 electron functions:              28
 Number of singly external CSFs:               511
 Number of doubly external CSFs:            130816
 Total number of CSFs:                      131328

 CCSD gradient info saved on record        55555.1




 **********************************************************************************************************************************
 DATASETS  * FILE   NREC   LENGTH (MB)   RECORD NAMES
              1      21       81.16       500      610      700      900      950      970     1000      129      960     1100   
                                          VAR    BASINP    GEOM    SYMINP    ZMAT    AOBASIS   BASIS     P2S    ABASIS      S 
                                         1400     1410     1200     1210     1080     1600     1650     1300     1700     1380   
                                           T        V       H0       H01     AOSYM     SMH    MOLCAS    ERIS     OPER     JKOP   
                                        55555   
                                         CCSD   

              2       8        1.26       700     1000      520     2100      200     2101     8500     9001   
                                         GEOM     BASIS   MCVARS     RHF    OPTIONS    RHF     CPHF    DEN_MP2    

 PROGRAMS   *        TOTAL      CCSD    HF-SCF       INT      CCSD    HF-SCF      CCSD    HF-SCF      CCSD    HF-SCF      CCSD
 CPU TIMES  *       723.25     51.01      1.27      0.75    280.12      0.34     57.94      1.66     54.04      1.68     55.36
 REAL TIME  *       110.05 SEC
 DISK USED  *       201.58 MB
 **********************************************************************************************************************************

 Inactive variables:    AHH2

 Active variables:      RCO ROH ACOH RCH1 AOCH1 AHH1
                        RCH2 AOCH2 RCH3 AOCH3 AHH3

 Geometry written to block  1 of record 700

 XYZ inputs for each point on the optimization path will be saved in files ch3oh_maxima_mp2_xx.xyz

 Making model hessian for Z-matrix coordinates

 Entering Rational Function Geometry Optimization

 ITER.   ENERGY(OLD)    ENERGY(NEW)      DE          GRADMAX     GRADNORM    GRADRMS     STEPMAX     STEPLEN     STEPRMS   CPU-time
   1  -115.44521064  -115.44528383    -0.00007319  0.00271177  0.00425401  0.00128263  0.03139071  0.04435892  0.00403263    117.00
   2  -115.44528383  -115.44528550    -0.00000168  0.00043365  0.00084805  0.00025570  0.00336492  0.00489257  0.00044478    176.85
   3  -115.44528550  -115.44528553    -0.00000003  0.00009593  0.00013792  0.00004158  0.00022428  0.00034824  0.00003166    241.18

 END OF GEOMETRY OPTIMIZATION.

 Optimized variables
 RCO=                 1.43252707 ANGSTROM
 ROH=                 0.96355388 ANGSTROM
 ACOH=              108.12878750 DEGREE
 RCH1=                1.10569909 ANGSTROM
 AOCH1=             111.83363769 DEGREE
 AHH1=               64.62941869 DEGREE
 RCH2=                1.10021475 ANGSTROM
 AOCH2=             106.54754766 DEGREE
 RCH3=                1.10573108 ANGSTROM
 AOCH3=             111.85655378 DEGREE
 AHH3=              301.79494584 DEGREE

 **********************************************************************************************************************************

 Geometry written to block  1 of record 700

 Recomputing wavefunction for reoriented structure

 Current geometry (xyz format, in Angstrom)


 Dump information in style XYZ to ch3oh_maxima_mp2.xyz                                                            

    6
 CCSD/AUG-CC-PVDZ  ENERGY=-115.44528553
 C          0.0002421623        0.0131641002       -0.7344073996
 O          0.0002092749       -0.0642226332        0.6960278836
 H         -0.0008679534        0.8339659270        1.0448720157
 H          0.9271323701        0.4755939982       -1.1211936483
 H         -0.0598422830       -1.0213052292       -1.1041851287
 H         -0.8726297306        0.5743061608       -1.1163176969

 **********************************************************************************************************************************


 **********************************************************************************************************************************
 DATASETS  * FILE   NREC   LENGTH (MB)   RECORD NAMES
              1      21       80.86       500      610      700      900      950      970     1000      129      960     1100   
                                          VAR    BASINP    GEOM    SYMINP    ZMAT    AOBASIS   BASIS     P2S    ABASIS      S 
                                         1400     1410     1200     1210     1080     1600     1650     1300     1700     1380   
                                           T        V       H0       H01     AOSYM     SMH    MOLCAS    ERIS     OPER     JKOP   
                                        55555   
                                         CCSD   

              2       8        1.26       700     1000      520     2100      200     2101     8500     9001   
                                         GEOM     BASIS   MCVARS     RHF    OPTIONS    RHF     CPHF    DEN_MP2    

 PROGRAMS   *        TOTAL      OPTG    HF-SCF      CCSD    HF-SCF      CCSD    HF-SCF      CCSD    HF-SCF      CCSD    HF-SCF
 CPU TIMES  *      1231.38    319.64      0.33     55.54      1.56     50.79      1.93     54.67      1.99     51.01      1.27
 REAL TIME  *       172.29 SEC
 DISK USED  *       201.58 MB
 **********************************************************************************************************************************

 DO I                   =        70.00000000   
 SETTING TAU            =        70.00000000                                  
 SETTING AHH2           =       185.00000000  DEGREE                          


 PROGRAM * OPT (Geometry optimization)     Authors: F. Eckert and H.-J. Werner


 BFGS update of hessian

 Geometry optimization using procedure=RUNCCSD

 Running procedure: RUNCCSD


 Recomputing integrals since geometry changed


 PROGRAM * SEWARD (Integral evaluation for generally contracted gaussian basis sets)     Author: Roland Lindh, 1990

 Geometry written to block  1 of record 700

 Orientation using atomic masses  
 Molecule type: Asymmetric top
 Rotational constants:      23.5507775     24.3883254    125.7647949 GHz  (calculated with average atomic masses)

 Point group  C1  



 ATOMIC COORDINATES

 NR  ATOM    CHARGE       X              Y              Z

   1  C       6.00    0.003937585    0.024728675   -1.387832447
   2  O       8.00    0.004804847   -0.121202055    1.315315038
   3  H       1.00   -0.070687979    1.574550520    1.974275933
   4  H1      1.00    1.718192736    0.972231521   -2.115462874
   5  H2      1.00   -0.082963643   -1.931565103   -2.086430048
   6  H3      1.00   -1.687731979    1.013991194   -2.112915091

 Bond lengths in Bohr (Angstrom)

 1-2  2.707083829  1-4  2.089468450  1-5  2.079104562  1-6  2.089528915  2-3  1.820852938
     ( 1.432527070)     ( 1.105699087)     ( 1.100214753)     ( 1.105731083)     ( 0.963553879)

 Bond angles

  1-2-3  108.12878750   2-1-4  111.83363769   2-1-5  106.54754766   2-1-6  111.85655378

  4-1-5  110.11839141   4-1-6  109.18886513   5-1-6  107.15969017

 NUCLEAR CHARGE:                   18
 NUMBER OF PRIMITIVE AOS:         118
 NUMBER OF SYMMETRY AOS:          114
 NUMBER OF CONTRACTIONS:           82   (   82A   )
 NUMBER OF INNER CORE ORBITALS:     0   (    0A   )
 NUMBER OF OUTER CORE ORBITALS:     2   (    2A   )
 NUMBER OF VALENCE ORBITALS:       12   (   12A   )


 NUCLEAR REPULSION ENERGY   39.98003476

 Eigenvalues of metric

         1 0.677E-03 0.823E-03 0.837E-03 0.114E-02 0.255E-02 0.444E-02 0.514E-02 0.542E-02


 Contracted 2-electron integrals neglected if value below      1.0D-11
 AO integral compression algorithm  1   Integral accuracy      1.0D-11

     31.719 MB (compressed) written to integral file ( 55.6%)


 NUMBER OF SORTED TWO-ELECTRON INTEGRALS:    5791906.     BUFFER LENGTH:  32768
 NUMBER OF SEGMENTS:   1  SEGMENT LENGTH:    5791906      RECORD LENGTH: 524288

 Memory used in sort:       6.35 MW

 SORT1 READ     7174542. AND WROTE     5719899. INTEGRALS IN     17 RECORDS. CPU TIME:     0.05 SEC, REAL TIME:     0.07 SEC
 SORT2 READ     5719899. AND WROTE     5791906. INTEGRALS IN    121 RECORDS. CPU TIME:     0.10 SEC, REAL TIME:     0.12 SEC

 FILE SIZES:   FILE 1:    62.0 MBYTE,  FILE 4:    71.3 MBYTE,   TOTAL:    133.3 MBYTE

 OPERATOR DM      FOR CENTER  0  COORDINATES:    0.000000    0.000000    0.000000


 **********************************************************************************************************************************
 DATASETS  * FILE   NREC   LENGTH (MB)   RECORD NAMES
              1      19       53.94       500      610      700      900      950      970     1000      129      960     1100   
                                          VAR    BASINP    GEOM    SYMINP    ZMAT    AOBASIS   BASIS     P2S    ABASIS      S 
                                         1400     1410     1200     1210     1080     1600     1650     1300     1700   
                                           T        V       H0       H01     AOSYM     SMH    MOLCAS    ERIS     OPER   

              2       8        1.26       700     1000      520     2100      200     2101     8500     9001   
                                         GEOM     BASIS   MCVARS     RHF    OPTIONS    RHF     CPHF    DEN_MP2    

 PROGRAMS   *        TOTAL       INT      CCSD    HF-SCF      CCSD    HF-SCF      CCSD    HF-SCF      CCSD    HF-SCF      CCSD
 CPU TIMES  *      1232.12      0.74    319.64      0.33     55.54      1.56     50.79      1.93     54.67      1.99     51.01
 REAL TIME  *       172.97 SEC
 DISK USED  *       201.58 MB
 **********************************************************************************************************************************


 Program * Restricted Hartree-Fock

 Molecular orbitals read from record     2101.2  Type=RHF/CANONICAL (state 1.1)

 Initial occupancy:   9

 NELEC=   18   SYM=1   MS2= 0   THRE=1.0D-09   THRD=1.0D-07   THRG=1.0D-07  HFMA2=F  DIIS_START=2   DIIS_MAX=10   DIIS_INCORE=F

 Level shifts:    0.00 (CLOSED)    0.00 (OPEN)    0.30 (GAP_MIN)

 ITER           ETOT              DE          GRAD        DDIFF     DIIS  NEXP   TIME(IT)  TIME(TOT)  DIAG
   1     -115.06002400    -115.06002400     0.00D+00     0.99D-01     0     0       0.13      0.19    start
   2     -115.06059162      -0.00056762     0.84D-03     0.13D-02     1     0       0.09      0.28    diag
   3     -115.06064015      -0.00004853     0.20D-03     0.34D-03     2     0       0.11      0.39    diag
   4     -115.06064240      -0.00000225     0.34D-04     0.60D-04     3     0       0.11      0.50    diag
   5     -115.06064257      -0.00000017     0.11D-04     0.17D-04     4     0       0.11      0.61    diag
   6     -115.06064261      -0.00000004     0.49D-05     0.90D-05     5     0       0.11      0.72    diag
   7     -115.06064261      -0.00000000     0.14D-05     0.26D-05     6     0       0.12      0.84    diag
   8     -115.06064261      -0.00000000     0.30D-06     0.79D-06     7     0       0.10      0.94    fixocc
   9     -115.06064261      -0.00000000     0.71D-07     0.14D-06     8     0       0.11      1.05    diag
  10     -115.06064261      -0.00000000     0.19D-07     0.46D-07     9     0       0.12      1.17    diag/orth
  11     -115.06064261      -0.00000000     0.30D-08     0.66D-08     0     0       0.11      1.28    diag

 Final occupancy:   9

 !RHF STATE 1.1 Energy               -115.060642610265
  RHF One-electron energy            -236.116918784644
  RHF Two-electron energy              81.076241419331
  RHF Kinetic energy                  114.798084968587
  RHF Nuclear energy                   39.980034755048
  RHF Virial quotient                  -1.002287125624

 !RHF STATE 1.1 Dipole moment          -0.03106053     0.59095849    -0.40428383
 Dipole moment /Debye                  -0.07894800     1.50206665    -1.02758699

 Orbital energies:

           1.1          2.1          3.1          4.1          5.1          6.1          7.1          8.1          9.1         10.1
    -20.569510   -11.284953    -1.356681    -0.923369    -0.687974    -0.616418    -0.589315    -0.503145    -0.450853     0.034487

          11.1
      0.051675


 HOMO      9.1    -0.450853 =     -12.2683eV
 LUMO     10.1     0.034487 =       0.9384eV
 LUMO-HOMO         0.485340 =      13.2068eV

 Orbitals saved in record  2101.2


 **********************************************************************************************************************************
 DATASETS  * FILE   NREC   LENGTH (MB)   RECORD NAMES
              1      19       53.94       500      610      700      900      950      970     1000      129      960     1100   
                                          VAR    BASINP    GEOM    SYMINP    ZMAT    AOBASIS   BASIS     P2S    ABASIS      S 
                                         1400     1410     1200     1210     1080     1600     1650     1300     1700   
                                           T        V       H0       H01     AOSYM     SMH    MOLCAS    ERIS     OPER   

              2       8        1.26       700     1000      520     2100      200     2101     8500     9001   
                                         GEOM     BASIS   MCVARS     RHF    OPTIONS    RHF     CPHF    DEN_MP2    

 PROGRAMS   *        TOTAL    HF-SCF       INT      CCSD    HF-SCF      CCSD    HF-SCF      CCSD    HF-SCF      CCSD    HF-SCF
 CPU TIMES  *      1233.41      1.28      0.74    319.64      0.33     55.54      1.56     50.79      1.93     54.67      1.99
 REAL TIME  *       173.44 SEC
 DISK USED  *       201.58 MB
 **********************************************************************************************************************************


 PROGRAM * CCSD (Closed-shell coupled cluster)     Authors: C. Hampel, H.-J. Werner, 1991, M. Deegan, P.J. Knowles, 1992


 Convergence thresholds:  THRVAR = 1.00D-12  THRDEN = 1.00D-08

 Using ITF CCSD gradient implementation

 Number of core orbitals:           2 (   2 )
 Number of closed-shell orbitals:   7 (   7 )
 Number of external orbitals:      73 (  73 )

 Molecular orbitals read from record     2101.2  Type=RHF/CANONICAL (state 1.1)

 Integral transformation finished. Total CPU:   2.00 sec, npass=  1  Memory used:   2.72 MW
  Reference energy                   -115.060642610265

  MP2 correlation energy               -0.361161311975
  MP2 total energy                   -115.421803922240

 ITER.      SQ.NORM     CORR.ENERGY   TOTAL ENERGY   ENERGY CHANGE        DEN1      VAR(S)    VAR(P)  DIIS     TIME
   1      1.11728843    -0.38286861  -115.44351122    -0.02170730    -0.01150370  1.99e-03  1.98e-03  1  1     2.25
   2      1.12576672    -0.38441501  -115.44505762    -0.00154639    -0.00863900  2.80e-05  3.07e-04  2  2     4.03
   3      1.12890769    -0.38455769  -115.44520030    -0.00014268    -0.00210343  3.85e-06  3.45e-05  3  3     5.81
   4      1.13021470    -0.38457217  -115.44521478    -0.00001449    -0.00091001  5.35e-08  2.90e-06  4  4     7.64
   5      1.13048571    -0.38455265  -115.44519526     0.00001952    -0.00018738  3.57e-08  2.49e-07  5  5     9.46
   6      1.13054012    -0.38455218  -115.44519479     0.00000046    -0.00004035  3.76e-10  1.25e-08  6  0    11.23
   7      1.13054603    -0.38455136  -115.44519397     0.00000082    -0.00000560  3.51e-11  1.13e-09  6  1    12.99
   8      1.13054623    -0.38455126  -115.44519387     0.00000010    -0.00000050  3.12e-12  9.30e-11  6  2    14.83
   9      1.13054620    -0.38455126  -115.44519387     0.00000000     0.00000002  1.52e-13  8.27e-12  6  3    16.60
  10      1.13054623    -0.38455126  -115.44519387    -0.00000000    -0.00000001  1.09e-14  5.47e-13          18.33

 Norm of t1 vector:      0.05867247     S-energy:      0.00000000   T1 diagnostic:  0.01108805

 Time per iteration:                      1.83 sec

 RESULTS
 =======

  Reference energy                   -115.060642610265
  CCSD correlation energy              -0.384551258883
 !CCSD total energy                  -115.445193869148

 Starting CP-CCSD iterations.   Author: W. Gyorffy (2012)

 ITER.      NRM1           NRM2      VAR(S)+VAR(P)   DIIS    TIME
   1     0.00196943     0.37062632     6.24e-04      1  1    1.81
   2     0.00180069     0.36608226     5.63e-05      2  2    3.76
   3     0.00167011     0.36558247     6.68e-06      3  3    5.61
   4     0.00160002     0.36508047     1.15e-06      4  4    7.44
   5     0.00156575     0.36496962     9.71e-08      5  5    9.29
   6     0.00155414     0.36493682     9.92e-09      6  0   11.28
   7     0.00155115     0.36493425     1.05e-09      6  1   13.28
   8     0.00155048     0.36493374     1.47e-10      6  2   15.20
   9     0.00155039     0.36493370     2.20e-11      6  3   17.04
  10     0.00155036     0.36493364     2.64e-12      6  4   18.83
  11     0.00155037     0.36493361     2.73e-13             20.66


 Time per iteration:                      1.88 sec


 Starting Coupled-perturbed Hartree-Fock, convergence threshold= 1.0D-06

 ITER   MIC  DIIS      VAR         VARC       CPU
   1     0     1    0.60D-02    0.78D-03     0.06
   2     4     2    0.14D-03    0.47D-04     0.09
   3     4     3    0.31D-05    0.63D-06     0.13
   4     2     4    0.27D-06    0.17D-07     0.16

 CPHF convergence reached in  4 macroiterations and   10 microiterations.   Accuracy: 2.7017D-07

 CPHF solution written to record  8500.2

 Dipole moments (unrelaxed):           -0.02958924     0.55006713    -0.36936364
 Orbital relaxation contribution:      -0.00008735     0.00513024    -0.00401528
 !CCSD STATE 1.1 Dipole moment         -0.02967659     0.55519737    -0.37337892
 Dipole moment /Debye                  -0.07543037     1.41117095    -0.94903456

 CPU-time for coupled-perturbed hartree-fock:          0.25 sec

 Number of N-1 electron functions:               7
 Number of N-2 electron functions:              28
 Number of singly external CSFs:               511
 Number of doubly external CSFs:            130816
 Total number of CSFs:                      131328

 CCSD gradient info saved on record        55555.1




 **********************************************************************************************************************************
 DATASETS  * FILE   NREC   LENGTH (MB)   RECORD NAMES
              1      21       81.17       500      610      700      900      950      970     1000      129      960     1100   
                                          VAR    BASINP    GEOM    SYMINP    ZMAT    AOBASIS   BASIS     P2S    ABASIS      S 
                                         1400     1410     1200     1210     1080     1600     1650     1300     1700     1380   
                                           T        V       H0       H01     AOSYM     SMH    MOLCAS    ERIS     OPER     JKOP   
                                        55555   
                                         CCSD   

              2       8        1.26       700     1000      520     2100      200     2101     8500     9001   
                                         GEOM     BASIS   MCVARS     RHF    OPTIONS    RHF     CPHF    DEN_MP2    

 PROGRAMS   *        TOTAL      CCSD    HF-SCF       INT      CCSD    HF-SCF      CCSD    HF-SCF      CCSD    HF-SCF      CCSD
 CPU TIMES  *      1289.86     56.45      1.28      0.74    319.64      0.33     55.54      1.56     50.79      1.93     54.67
 REAL TIME  *       181.65 SEC
 DISK USED  *       201.58 MB
 **********************************************************************************************************************************

 Inactive variables:    AHH2

 Active variables:      RCO ROH ACOH RCH1 AOCH1 AHH1
                        RCH2 AOCH2 RCH3 AOCH3 AHH3

 Geometry written to block  1 of record 700

 XYZ inputs for each point on the optimization path will be saved in files ch3oh_maxima_mp2_xx.xyz

 Making model hessian for Z-matrix coordinates

 Entering Rational Function Geometry Optimization

 ITER.   ENERGY(OLD)    ENERGY(NEW)      DE          GRADMAX     GRADNORM    GRADRMS     STEPMAX     STEPLEN     STEPRMS   CPU-time
   1  -115.44519387  -115.44526739    -0.00007352  0.00271947  0.00425691  0.00128351  0.03149534  0.04444679  0.00404062    128.18
   2  -115.44526739  -115.44526907    -0.00000168  0.00044261  0.00085539  0.00025791  0.00335951  0.00486650  0.00044241    195.38
   3  -115.44526907  -115.44526910    -0.00000003  0.00009890  0.00014231  0.00004291  0.00023239  0.00036345  0.00003304    259.87

 END OF GEOMETRY OPTIMIZATION.

 Optimized variables
 RCO=                 1.43256250 ANGSTROM
 ROH=                 0.96353523 ANGSTROM
 ACOH=              108.13275803 DEGREE
 RCH1=                1.10569618 ANGSTROM
 AOCH1=             111.82217418 DEGREE
 AHH1=               66.23320454 DEGREE
 RCH2=                1.10022947 ANGSTROM
 AOCH2=             106.56118077 DEGREE
 RCH3=                1.10570861 ANGSTROM
 AOCH3=             111.85872717 DEGREE
 AHH3=              303.40968098 DEGREE

 **********************************************************************************************************************************

 Geometry written to block  1 of record 700

 Recomputing wavefunction for reoriented structure

 Current geometry (xyz format, in Angstrom)


 Dump information in style XYZ to ch3oh_maxima_mp2.xyz                                                            

    6
 CCSD/AUG-CC-PVDZ  ENERGY=-115.44526910
 C          0.0003559600        0.0131449760       -0.7344264107
 O          0.0003109549       -0.0642344826        0.6960447477
 H         -0.0012677249        0.8339140370        1.0449385345
 H          0.9390718223        0.4500278865       -1.1223824573
 H         -0.0897469779       -1.0191118984       -1.1043346459
 H         -0.8572347774        0.5981468124       -1.1150870357

 **********************************************************************************************************************************


 **********************************************************************************************************************************
 DATASETS  * FILE   NREC   LENGTH (MB)   RECORD NAMES
              1      21       80.91       500      610      700      900      950      970     1000      129      960     1100   
                                          VAR    BASINP    GEOM    SYMINP    ZMAT    AOBASIS   BASIS     P2S    ABASIS      S 
                                         1400     1410     1200     1210     1080     1600     1650     1300     1700     1380   
                                           T        V       H0       H01     AOSYM     SMH    MOLCAS    ERIS     OPER     JKOP   
                                        55555   
                                         CCSD   

              2       8        1.26       700     1000      520     2100      200     2101     8500     9001   
                                         GEOM     BASIS   MCVARS     RHF    OPTIONS    RHF     CPHF    DEN_MP2    

 PROGRAMS   *        TOTAL      OPTG    HF-SCF      CCSD    HF-SCF      CCSD    HF-SCF      CCSD    HF-SCF      CCSD    HF-SCF
 CPU TIMES  *      1849.57    358.01      0.30     55.22      1.56     58.03      1.94     60.59      1.89     56.45      1.28
 REAL TIME  *       247.85 SEC
 DISK USED  *       201.58 MB
 **********************************************************************************************************************************

 DO I                   =        75.00000000   
 SETTING TAU            =        75.00000000                                  
 SETTING AHH2           =       186.66666667  DEGREE                          


 PROGRAM * OPT (Geometry optimization)     Authors: F. Eckert and H.-J. Werner


 BFGS update of hessian

 Geometry optimization using procedure=RUNCCSD

 Running procedure: RUNCCSD


 Recomputing integrals since geometry changed


 PROGRAM * SEWARD (Integral evaluation for generally contracted gaussian basis sets)     Author: Roland Lindh, 1990

 Geometry written to block  1 of record 700

 Orientation using atomic masses  
 Molecule type: Asymmetric top
 Rotational constants:      23.5519334     24.3848265    125.7673008 GHz  (calculated with average atomic masses)

 Point group  C1  



 ATOMIC COORDINATES

 NR  ATOM    CHARGE       X              Y              Z

   1  C       6.00    0.004152972    0.024564201   -1.387872247
   2  O       8.00    0.004974818   -0.121188822    1.315351891
   3  H       1.00   -0.071125408    1.574503171    1.974301410
   4  H1      1.00    1.742967866    0.924396254   -2.117721878
   5  H2      1.00   -0.139913178   -1.928328147   -2.086619613
   6  H3      1.00   -1.660384796    1.060386738   -2.110602703

 Bond lengths in Bohr (Angstrom)

 1-2  2.707150782  1-4  2.089462956  1-5  2.079132381  1-6  2.089486449  2-3  1.820817687
     ( 1.432562500)     ( 1.105696180)     ( 1.100229475)     ( 1.105708611)     ( 0.963535225)

 Bond angles

  1-2-3  108.13275803   2-1-4  111.82217418   2-1-5  106.56118077   2-1-6  111.85872717

  4-1-5  110.16810746   4-1-6  109.18571233   5-1-6  107.10876792

 NUCLEAR CHARGE:                   18
 NUMBER OF PRIMITIVE AOS:         118
 NUMBER OF SYMMETRY AOS:          114
 NUMBER OF CONTRACTIONS:           82   (   82A   )
 NUMBER OF INNER CORE ORBITALS:     0   (    0A   )
 NUMBER OF OUTER CORE ORBITALS:     2   (    2A   )
 NUMBER OF VALENCE ORBITALS:       12   (   12A   )


 NUCLEAR REPULSION ENERGY   39.97956409

 Eigenvalues of metric

         1 0.675E-03 0.820E-03 0.839E-03 0.114E-02 0.255E-02 0.444E-02 0.514E-02 0.543E-02


 Contracted 2-electron integrals neglected if value below      1.0D-11
 AO integral compression algorithm  1   Integral accuracy      1.0D-11

     31.719 MB (compressed) written to integral file ( 55.7%)


 NUMBER OF SORTED TWO-ELECTRON INTEGRALS:    5791906.     BUFFER LENGTH:  32768
 NUMBER OF SEGMENTS:   1  SEGMENT LENGTH:    5791906      RECORD LENGTH: 524288

 Memory used in sort:       6.35 MW

 SORT1 READ     7174542. AND WROTE     5719857. INTEGRALS IN     17 RECORDS. CPU TIME:     0.05 SEC, REAL TIME:     0.07 SEC
 SORT2 READ     5719857. AND WROTE     5791906. INTEGRALS IN    121 RECORDS. CPU TIME:     0.10 SEC, REAL TIME:     0.12 SEC

 FILE SIZES:   FILE 1:    62.0 MBYTE,  FILE 4:    71.3 MBYTE,   TOTAL:    133.3 MBYTE

 OPERATOR DM      FOR CENTER  0  COORDINATES:    0.000000    0.000000    0.000000


 **********************************************************************************************************************************
 DATASETS  * FILE   NREC   LENGTH (MB)   RECORD NAMES
              1      19       53.95       500      610      700      900      950      970     1000      129      960     1100   
                                          VAR    BASINP    GEOM    SYMINP    ZMAT    AOBASIS   BASIS     P2S    ABASIS      S 
                                         1400     1410     1200     1210     1080     1600     1650     1300     1700   
                                           T        V       H0       H01     AOSYM     SMH    MOLCAS    ERIS     OPER   

              2       8        1.26       700     1000      520     2100      200     2101     8500     9001   
                                         GEOM     BASIS   MCVARS     RHF    OPTIONS    RHF     CPHF    DEN_MP2    

 PROGRAMS   *        TOTAL       INT      CCSD    HF-SCF      CCSD    HF-SCF      CCSD    HF-SCF      CCSD    HF-SCF      CCSD
 CPU TIMES  *      1850.33      0.74    358.01      0.30     55.22      1.56     58.03      1.94     60.59      1.89     56.45
 REAL TIME  *       248.53 SEC
 DISK USED  *       201.58 MB
 **********************************************************************************************************************************


 Program * Restricted Hartree-Fock

 Molecular orbitals read from record     2101.2  Type=RHF/CANONICAL (state 1.1)

 Initial occupancy:   9

 NELEC=   18   SYM=1   MS2= 0   THRE=1.0D-09   THRD=1.0D-07   THRG=1.0D-07  HFMA2=F  DIIS_START=2   DIIS_MAX=10   DIIS_INCORE=F

 Level shifts:    0.00 (CLOSED)    0.00 (OPEN)    0.30 (GAP_MIN)

 ITER           ETOT              DE          GRAD        DDIFF     DIIS  NEXP   TIME(IT)  TIME(TOT)  DIAG
   1     -115.06000616    -115.06000616     0.00D+00     0.99D-01     0     0       0.14      0.14    start
   2     -115.06056809      -0.00056193     0.84D-03     0.13D-02     1     0       0.09      0.23    diag
   3     -115.06061611      -0.00004802     0.20D-03     0.34D-03     2     0       0.12      0.35    diag
   4     -115.06061834      -0.00000223     0.34D-04     0.60D-04     3     0       0.12      0.47    diag
   5     -115.06061851      -0.00000017     0.12D-04     0.17D-04     4     0       0.12      0.59    diag
   6     -115.06061855      -0.00000004     0.49D-05     0.92D-05     5     0       0.11      0.70    diag
   7     -115.06061856      -0.00000000     0.14D-05     0.26D-05     6     0       0.11      0.81    diag
   8     -115.06061856      -0.00000000     0.31D-06     0.78D-06     7     0       0.11      0.92    fixocc
   9     -115.06061856      -0.00000000     0.83D-07     0.16D-06     8     0       0.12      1.04    diag
  10     -115.06061856      -0.00000000     0.19D-07     0.48D-07     9     0       0.11      1.15    diag/orth
  11     -115.06061856      -0.00000000     0.29D-08     0.65D-08     0     0       0.13      1.28    diag

 Final occupancy:   9

 !RHF STATE 1.1 Energy               -115.060618558134
  RHF One-electron energy            -236.116046089696
  RHF Two-electron energy              81.075863445328
  RHF Kinetic energy                  114.798068834593
  RHF Nuclear energy                   39.979564086235
  RHF Virial quotient                  -1.002287056971

 !RHF STATE 1.1 Dipole moment          -0.03243407     0.59124578    -0.40436653
 Dipole moment /Debye                  -0.08243919     1.50279687    -1.02779721

 Orbital energies:

           1.1          2.1          3.1          4.1          5.1          6.1          7.1          8.1          9.1         10.1
    -20.569493   -11.284955    -1.356663    -0.923371    -0.687957    -0.616530    -0.589246    -0.503033    -0.450911     0.034482

          11.1
      0.051688


 HOMO      9.1    -0.450911 =     -12.2699eV
 LUMO     10.1     0.034482 =       0.9383eV
 LUMO-HOMO         0.485394 =      13.2082eV

 Orbitals saved in record  2101.2


 **********************************************************************************************************************************
 DATASETS  * FILE   NREC   LENGTH (MB)   RECORD NAMES
              1      19       53.95       500      610      700      900      950      970     1000      129      960     1100   
                                          VAR    BASINP    GEOM    SYMINP    ZMAT    AOBASIS   BASIS     P2S    ABASIS      S 
                                         1400     1410     1200     1210     1080     1600     1650     1300     1700   
                                           T        V       H0       H01     AOSYM     SMH    MOLCAS    ERIS     OPER   

              2       8        1.26       700     1000      520     2100      200     2101     8500     9001   
                                         GEOM     BASIS   MCVARS     RHF    OPTIONS    RHF     CPHF    DEN_MP2    

 PROGRAMS   *        TOTAL    HF-SCF       INT      CCSD    HF-SCF      CCSD    HF-SCF      CCSD    HF-SCF      CCSD    HF-SCF
 CPU TIMES  *      1851.62      1.29      0.74    358.01      0.30     55.22      1.56     58.03      1.94     60.59      1.89
 REAL TIME  *       249.00 SEC
 DISK USED  *       201.58 MB
 **********************************************************************************************************************************


 PROGRAM * CCSD (Closed-shell coupled cluster)     Authors: C. Hampel, H.-J. Werner, 1991, M. Deegan, P.J. Knowles, 1992


 Convergence thresholds:  THRVAR = 1.00D-12  THRDEN = 1.00D-08

 Using ITF CCSD gradient implementation

 Number of core orbitals:           2 (   2 )
 Number of closed-shell orbitals:   7 (   7 )
 Number of external orbitals:      73 (  73 )

 Molecular orbitals read from record     2101.2  Type=RHF/CANONICAL (state 1.1)

 Integral transformation finished. Total CPU:   0.81 sec, npass=  1  Memory used:   2.72 MW
  Reference energy                   -115.060618558134

  MP2 correlation energy               -0.361162032317
  MP2 total energy                   -115.421780590451

 ITER.      SQ.NORM     CORR.ENERGY   TOTAL ENERGY   ENERGY CHANGE        DEN1      VAR(S)    VAR(P)  DIIS     TIME
   1      1.11728943    -0.38286965  -115.44348821    -0.02170762    -0.01150404  1.99e-03  1.98e-03  1  1     1.72
   2      1.12576808    -0.38441613  -115.44503469    -0.00154648    -0.00863898  2.80e-05  3.07e-04  2  2     3.72
   3      1.12890936    -0.38455882  -115.44517738    -0.00014269    -0.00210349  3.85e-06  3.45e-05  3  3     5.59
   4      1.13021652    -0.38457331  -115.44519187    -0.00001449    -0.00091003  5.35e-08  2.91e-06  4  4     7.33
   5      1.13048757    -0.38455378  -115.44517234     0.00001953    -0.00018738  3.57e-08  2.49e-07  5  5     9.14
   6      1.13054199    -0.38455332  -115.44517188     0.00000046    -0.00004036  3.76e-10  1.25e-08  6  0    10.97
   7      1.13054791    -0.38455250  -115.44517106     0.00000082    -0.00000560  3.51e-11  1.13e-09  6  1    12.78
   8      1.13054811    -0.38455240  -115.44517096     0.00000010    -0.00000050  3.12e-12  9.30e-11  6  2    14.56
   9      1.13054807    -0.38455240  -115.44517095     0.00000000     0.00000002  1.53e-13  8.28e-12  6  3    16.27
  10      1.13054810    -0.38455240  -115.44517096    -0.00000000    -0.00000001  1.09e-14  5.48e-13          18.07

 Norm of t1 vector:      0.05867823     S-energy:      0.00000000   T1 diagnostic:  0.01108914

 Time per iteration:                      1.81 sec

 RESULTS
 =======

  Reference energy                   -115.060618558134
  CCSD correlation energy              -0.384552397734
 !CCSD total energy                  -115.445170955868

 Starting CP-CCSD iterations.   Author: W. Gyorffy (2012)

 ITER.      NRM1           NRM2      VAR(S)+VAR(P)   DIIS    TIME
   1     0.00196983     0.37063133     6.24e-04      1  1    1.79
   2     0.00180104     0.36608690     5.63e-05      2  2    3.62
   3     0.00167042     0.36558703     6.68e-06      3  3    5.42
   4     0.00160030     0.36508494     1.15e-06      4  4    7.23
   5     0.00156601     0.36497405     9.72e-08      5  5    9.10
   6     0.00155439     0.36494123     9.94e-09      6  0   10.95
   7     0.00155139     0.36493865     1.06e-09      6  1   12.85
   8     0.00155072     0.36493814     1.47e-10      6  2   14.71
   9     0.00155063     0.36493810     2.20e-11      6  3   16.55
  10     0.00155060     0.36493804     2.64e-12      6  4   18.45
  11     0.00155061     0.36493801     2.74e-13             20.22


 Time per iteration:                      1.84 sec


 Starting Coupled-perturbed Hartree-Fock, convergence threshold= 1.0D-06

 ITER   MIC  DIIS      VAR         VARC       CPU
   1     0     1    0.60D-02    0.78D-03     0.05
   2     4     2    0.14D-03    0.47D-04     0.09
   3     4     3    0.31D-05    0.63D-06     0.12
   4     2     4    0.27D-06    0.17D-07     0.16

 CPHF convergence reached in  4 macroiterations and   10 microiterations.   Accuracy: 2.7021D-07

 CPHF solution written to record  8500.2

 Dipole moments (unrelaxed):           -0.03110016     0.55037051    -0.36945826
 Orbital relaxation contribution:      -0.00006405     0.00512520    -0.00401320
 !CCSD STATE 1.1 Dipole moment         -0.03116420     0.55549571    -0.37347146
 Dipole moment /Debye                  -0.07921150     1.41192926    -0.94926978

 CPU-time for coupled-perturbed hartree-fock:          0.16 sec

 Number of N-1 electron functions:               7
 Number of N-2 electron functions:              28
 Number of singly external CSFs:               511
 Number of doubly external CSFs:            130816
 Total number of CSFs:                      131328

 CCSD gradient info saved on record        55555.1




 **********************************************************************************************************************************
 DATASETS  * FILE   NREC   LENGTH (MB)   RECORD NAMES
              1      21       81.18       500      610      700      900      950      970     1000      129      960     1100   
                                          VAR    BASINP    GEOM    SYMINP    ZMAT    AOBASIS   BASIS     P2S    ABASIS      S 
                                         1400     1410     1200     1210     1080     1600     1650     1300     1700     1380   
                                           T        V       H0       H01     AOSYM     SMH    MOLCAS    ERIS     OPER     JKOP   
                                        55555   
                                         CCSD   

              2       8        1.26       700     1000      520     2100      200     2101     8500     9001   
                                         GEOM     BASIS   MCVARS     RHF    OPTIONS    RHF     CPHF    DEN_MP2    

 PROGRAMS   *        TOTAL      CCSD    HF-SCF       INT      CCSD    HF-SCF      CCSD    HF-SCF      CCSD    HF-SCF      CCSD
 CPU TIMES  *      1904.27     52.65      1.29      0.74    358.01      0.30     55.22      1.56     58.03      1.94     60.59
 REAL TIME  *       256.74 SEC
 DISK USED  *       201.58 MB
 **********************************************************************************************************************************

 Inactive variables:    AHH2

 Active variables:      RCO ROH ACOH RCH1 AOCH1 AHH1
                        RCH2 AOCH2 RCH3 AOCH3 AHH3

 Geometry written to block  1 of record 700

 XYZ inputs for each point on the optimization path will be saved in files ch3oh_maxima_mp2_xx.xyz

 Making model hessian for Z-matrix coordinates

 Entering Rational Function Geometry Optimization

 ITER.   ENERGY(OLD)    ENERGY(NEW)      DE          GRADMAX     GRADNORM    GRADRMS     STEPMAX     STEPLEN     STEPRMS   CPU-time
   1  -115.44517096  -115.44524455    -0.00007360  0.00272016  0.00425744  0.00128367  0.03152326  0.04445467  0.00404133    119.13
   2  -115.44524455  -115.44524623    -0.00000167  0.00044513  0.00085537  0.00025790  0.00336111  0.00483912  0.00043992    182.98
   3  -115.44524623  -115.44524626    -0.00000003  0.00009952  0.00014282  0.00004306  0.00023410  0.00037056  0.00003369    252.10

 END OF GEOMETRY OPTIMIZATION.

 Optimized variables
 RCO=                 1.43261163 ANGSTROM
 ROH=                 0.96350921 ANGSTROM
 ACOH=              108.13828127 DEGREE
 RCH1=                1.10568904 ANGSTROM
 AOCH1=             111.80819745 DEGREE
 AHH1=               67.83631845 DEGREE
 RCH2=                1.10025024 ANGSTROM
 AOCH2=             106.58027821 DEGREE
 RCH3=                1.10568075 ANGSTROM
 AOCH3=             111.85968317 DEGREE
 AHH3=              305.02816918 DEGREE

 **********************************************************************************************************************************

 Geometry written to block  1 of record 700

 Recomputing wavefunction for reoriented structure

 Current geometry (xyz format, in Angstrom)


 Dump information in style XYZ to ch3oh_maxima_mp2.xyz                                                            

    6
 CCSD/AUG-CC-PVDZ  ENERGY=-115.44524626
 C          0.0004671724        0.0131185419       -0.7344527392
 O          0.0004083599       -0.0642510212        0.6960681537
 H         -0.0016312624        0.8338417759        1.0450311358
 H          0.9503296207        0.4241087888       -1.1235498868
 H         -0.1196209385       -1.0160373507       -1.1045440694
 H         -0.8411264712        0.6216411467       -1.1138605765

 **********************************************************************************************************************************


 **********************************************************************************************************************************
 DATASETS  * FILE   NREC   LENGTH (MB)   RECORD NAMES
              1      21       80.95       500      610      700      900      950      970     1000      129      960     1100   
                                          VAR    BASINP    GEOM    SYMINP    ZMAT    AOBASIS   BASIS     P2S    ABASIS      S 
                                         1400     1410     1200     1210     1080     1600     1650     1300     1700     1380   
                                           T        V       H0       H01     AOSYM     SMH    MOLCAS    ERIS     OPER     JKOP   
                                        55555   
                                         CCSD   

              2       8        1.26       700     1000      520     2100      200     2101     8500     9001   
                                         GEOM     BASIS   MCVARS     RHF    OPTIONS    RHF     CPHF    DEN_MP2    

 PROGRAMS   *        TOTAL      OPTG    HF-SCF      CCSD    HF-SCF      CCSD    HF-SCF      CCSD    HF-SCF      CCSD    HF-SCF
 CPU TIMES  *      2523.94    421.96      0.29     60.00      1.60     54.68      1.89     54.99      1.92     52.65      1.29
 REAL TIME  *       328.01 SEC
 DISK USED  *       201.58 MB
 **********************************************************************************************************************************

 DO I                   =        80.00000000   
 SETTING TAU            =        80.00000000                                  
 SETTING AHH2           =       188.33333333  DEGREE                          


 PROGRAM * OPT (Geometry optimization)     Authors: F. Eckert and H.-J. Werner


 BFGS update of hessian

 Geometry optimization using procedure=RUNCCSD

 Running procedure: RUNCCSD


 Recomputing integrals since geometry changed


 PROGRAM * SEWARD (Integral evaluation for generally contracted gaussian basis sets)     Author: Roland Lindh, 1990

 Geometry written to block  1 of record 700

 Orientation using atomic masses  
 Molecule type: Asymmetric top
 Rotational constants:      23.5527107     24.3807816    125.7713926 GHz  (calculated with average atomic masses)

 Point group  C1  



 ATOMIC COORDINATES

 NR  ATOM    CHARGE       X              Y              Z

   1  C       6.00    0.004363480    0.024385083   -1.387925869
   2  O       8.00    0.005120887   -0.121185599    1.315401086
   3  H       1.00   -0.071270833    1.574430422    1.974376525
   4  H1      1.00    1.766582437    0.875583316   -2.119940177
   5  H2      1.00   -0.197098802   -1.923375437   -2.086922698
   6  H3      1.00   -1.631495425    1.106402995   -2.108298347

 Bond lengths in Bohr (Angstrom)

 1-2  2.707243621  1-4  2.089449457  1-5  2.079171629  1-6  2.089433805  2-3  1.820768523
     ( 1.432611628)     ( 1.105689036)     ( 1.100250244)     ( 1.105680753)     ( 0.963509209)

 Bond angles

  1-2-3  108.13828127   2-1-4  111.80819745   2-1-5  106.58027821   2-1-6  111.85968317

  4-1-5  110.21669616   4-1-6  109.18126731   5-1-6  107.05878690

 NUCLEAR CHARGE:                   18
 NUMBER OF PRIMITIVE AOS:         118
 NUMBER OF SYMMETRY AOS:          114
 NUMBER OF CONTRACTIONS:           82   (   82A   )
 NUMBER OF INNER CORE ORBITALS:     0   (    0A   )
 NUMBER OF OUTER CORE ORBITALS:     2   (    2A   )
 NUMBER OF VALENCE ORBITALS:       12   (   12A   )


 NUCLEAR REPULSION ENERGY   39.97889908

 Eigenvalues of metric

         1 0.672E-03 0.817E-03 0.842E-03 0.115E-02 0.255E-02 0.445E-02 0.514E-02 0.543E-02


 Contracted 2-electron integrals neglected if value below      1.0D-11
 AO integral compression algorithm  1   Integral accuracy      1.0D-11

     31.719 MB (compressed) written to integral file ( 55.7%)


 NUMBER OF SORTED TWO-ELECTRON INTEGRALS:    5791906.     BUFFER LENGTH:  32768
 NUMBER OF SEGMENTS:   1  SEGMENT LENGTH:    5791906      RECORD LENGTH: 524288

 Memory used in sort:       6.35 MW

 SORT1 READ     7174542. AND WROTE     5719809. INTEGRALS IN     17 RECORDS. CPU TIME:     0.05 SEC, REAL TIME:     0.06 SEC
 SORT2 READ     5719809. AND WROTE     5791906. INTEGRALS IN    121 RECORDS. CPU TIME:     0.09 SEC, REAL TIME:     0.12 SEC

 FILE SIZES:   FILE 1:    62.0 MBYTE,  FILE 4:    71.3 MBYTE,   TOTAL:    133.3 MBYTE

 OPERATOR DM      FOR CENTER  0  COORDINATES:    0.000000    0.000000    0.000000


 **********************************************************************************************************************************
 DATASETS  * FILE   NREC   LENGTH (MB)   RECORD NAMES
              1      19       53.95       500      610      700      900      950      970     1000      129      960     1100   
                                          VAR    BASINP    GEOM    SYMINP    ZMAT    AOBASIS   BASIS     P2S    ABASIS      S 
                                         1400     1410     1200     1210     1080     1600     1650     1300     1700   
                                           T        V       H0       H01     AOSYM     SMH    MOLCAS    ERIS     OPER   

              2       8        1.26       700     1000      520     2100      200     2101     8500     9001   
                                         GEOM     BASIS   MCVARS     RHF    OPTIONS    RHF     CPHF    DEN_MP2    

 PROGRAMS   *        TOTAL       INT      CCSD    HF-SCF      CCSD    HF-SCF      CCSD    HF-SCF      CCSD    HF-SCF      CCSD
 CPU TIMES  *      2524.69      0.74    421.96      0.29     60.00      1.60     54.68      1.89     54.99      1.92     52.65
 REAL TIME  *       328.63 SEC
 DISK USED  *       201.58 MB
 **********************************************************************************************************************************


 Program * Restricted Hartree-Fock

 Molecular orbitals read from record     2101.2  Type=RHF/CANONICAL (state 1.1)

 Initial occupancy:   9

 NELEC=   18   SYM=1   MS2= 0   THRE=1.0D-09   THRD=1.0D-07   THRG=1.0D-07  HFMA2=F  DIIS_START=2   DIIS_MAX=10   DIIS_INCORE=F

 Level shifts:    0.00 (CLOSED)    0.00 (OPEN)    0.30 (GAP_MIN)

 ITER           ETOT              DE          GRAD        DDIFF     DIIS  NEXP   TIME(IT)  TIME(TOT)  DIAG
   1     -115.05998619    -115.05998619     0.00D+00     0.99D-01     0     0       0.15      0.16    start
   2     -115.06053848      -0.00055230     0.83D-03     0.13D-02     1     0       0.09      0.25    diag
   3     -115.06058565      -0.00004717     0.19D-03     0.34D-03     2     0       0.11      0.36    diag
   4     -115.06058784      -0.00000219     0.34D-04     0.59D-04     3     0       0.13      0.49    diag
   5     -115.06058802      -0.00000018     0.12D-04     0.17D-04     4     0       0.12      0.61    diag
   6     -115.06058806      -0.00000004     0.49D-05     0.93D-05     5     0       0.12      0.73    diag
   7     -115.06058807      -0.00000000     0.14D-05     0.27D-05     6     0       0.12      0.85    diag
   8     -115.06058807      -0.00000000     0.31D-06     0.77D-06     7     0       0.12      0.97    fixocc
   9     -115.06058807      -0.00000000     0.91D-07     0.18D-06     8     0       0.11      1.08    diag
  10     -115.06058807      -0.00000000     0.19D-07     0.49D-07     9     0       0.12      1.20    diag/orth
  11     -115.06058807       0.00000000     0.29D-08     0.65D-08     0     0       0.10      1.30    diag

 Final occupancy:   9

 !RHF STATE 1.1 Energy               -115.060588065625
  RHF One-electron energy            -236.114803651652
  RHF Two-electron energy              81.075316510298
  RHF Kinetic energy                  114.798045162727
  RHF Nuclear energy                   39.978899075729
  RHF Virial quotient                  -1.002286998028

 !RHF STATE 1.1 Dipole moment          -0.03367326     0.59163397    -0.40446323
 Dipole moment /Debye                  -0.08558889     1.50378355    -1.02804300

 Orbital energies:

           1.1          2.1          3.1          4.1          5.1          6.1          7.1          8.1          9.1         10.1
    -20.569470   -11.284958    -1.356640    -0.923375    -0.687941    -0.616641    -0.589180    -0.502915    -0.450967     0.034476

          11.1
      0.051702


 HOMO      9.1    -0.450967 =     -12.2714eV
 LUMO     10.1     0.034476 =       0.9381eV
 LUMO-HOMO         0.485443 =      13.2096eV

 Orbitals saved in record  2101.2


 **********************************************************************************************************************************
 DATASETS  * FILE   NREC   LENGTH (MB)   RECORD NAMES
              1      19       53.95       500      610      700      900      950      970     1000      129      960     1100   
                                          VAR    BASINP    GEOM    SYMINP    ZMAT    AOBASIS   BASIS     P2S    ABASIS      S 
                                         1400     1410     1200     1210     1080     1600     1650     1300     1700   
                                           T        V       H0       H01     AOSYM     SMH    MOLCAS    ERIS     OPER   

              2       8        1.26       700     1000      520     2100      200     2101     8500     9001   
                                         GEOM     BASIS   MCVARS     RHF    OPTIONS    RHF     CPHF    DEN_MP2    

 PROGRAMS   *        TOTAL    HF-SCF       INT      CCSD    HF-SCF      CCSD    HF-SCF      CCSD    HF-SCF      CCSD    HF-SCF
 CPU TIMES  *      2525.99      1.30      0.74    421.96      0.29     60.00      1.60     54.68      1.89     54.99      1.92
 REAL TIME  *       329.09 SEC
 DISK USED  *       201.58 MB
 **********************************************************************************************************************************


 PROGRAM * CCSD (Closed-shell coupled cluster)     Authors: C. Hampel, H.-J. Werner, 1991, M. Deegan, P.J. Knowles, 1992


 Convergence thresholds:  THRVAR = 1.00D-12  THRDEN = 1.00D-08

 Using ITF CCSD gradient implementation

 Number of core orbitals:           2 (   2 )
 Number of closed-shell orbitals:   7 (   7 )
 Number of external orbitals:      73 (  73 )

 Molecular orbitals read from record     2101.2  Type=RHF/CANONICAL (state 1.1)

 Integral transformation finished. Total CPU:   0.80 sec, npass=  1  Memory used:   2.72 MW
  Reference energy                   -115.060588065625

  MP2 correlation energy               -0.361162782511
  MP2 total energy                   -115.421750848136

 ITER.      SQ.NORM     CORR.ENERGY   TOTAL ENERGY   ENERGY CHANGE        DEN1      VAR(S)    VAR(P)  DIIS     TIME
   1      1.11729067    -0.38287085  -115.44345892    -0.02170807    -0.01150449  1.99e-03  1.98e-03  1  1     1.83
   2      1.12576979    -0.38441743  -115.44500549    -0.00154658    -0.00863897  2.80e-05  3.07e-04  2  2     3.58
   3      1.12891148    -0.38456013  -115.44514820    -0.00014270    -0.00210358  3.85e-06  3.45e-05  3  3     5.32
   4      1.13021884    -0.38457463  -115.44516270    -0.00001450    -0.00091006  5.35e-08  2.91e-06  4  4     7.14
   5      1.13048993    -0.38455510  -115.44514317     0.00001953    -0.00018739  3.57e-08  2.49e-07  5  5     9.00
