
 Working directory              : /tmp/asmola/molpro.IRkkRaAnLd/
 Global scratch directory       : /tmp/asmola/molpro.IRkkRaAnLd/
 Wavefunction directory         : /home/asmola/wfu/
 Main file repository           : /tmp/asmola/molpro.IRkkRaAnLd/

 id        : uclcc

 Nodes                        nprocs
 vincent.theory.phys.ucl.ac.uk    1
 GA implementation: MPI file
 GA implementation (serial work in mppx): MPI file

 Using customized tuning parameters: mindgm=1; mindgv=20; mindgc=4; mindgr=1; noblas=0; minvec=7
 default implementation of scratch files=df  


 Variables initialized (1015), CPU time= 0.00 sec
 ***,Methanol Ground State Energy with CCSD(T) and aug-cc-pVTZ
 memory,500,m;
 
 geometry={angstrom
 c
 o , 1, rco
 h , 2, roh, 1, acoh
 h1, 1, rch1, 2, aoch1  3  ahh1
 h2, 1, rch2, 2, aoch2, 3, ahh2
 h3, 1, rch3, 2, aoch3, 3, ahh3
 }
 
 rco= 1.41997934
 roh= 0.95818958
 rch1= 1.09312547
 rch2= 1.08754749
 rch3= 1.09312547
 acoh= 108.21042647
 aoch1= 111.89503696
 aoch2= 106.72939010
 aoch3= 111.89503696
 ahh1=61.38282783
 ahh2=180.00
 ahh3=298.61717217
 
 
 Sa = -1.6936112928100562
 Sb = 2.9334208074194277
 tau = 60
 ahh1 = tau+1.0/3.0*sqrt(2.0)*Sb
 ahh2 = 120.0+tau-1.0/6.0*sqrt(2.0)*Sb-1.0/6.0*sqrt(6.0)*Sa
 ahh3 = 240.0+tau+1.0/6.0*sqrt(6.0)*Sa-1.0/6.0*sqrt(2.0)*Sb
 
 
 basis=aug-cc-pVTZ
 
 hf
 mp2
 
                                                                                 ! Loop over tau values
 do i = 60, 120, 5
     tau = i
     ahh1 = tau+1.0/3.0*sqrt(2.0)*Sb
     ahh2 = 120.0+tau-1.0/6.0*sqrt(2.0)*Sb-1.0/6.0*sqrt(6.0)*Sa
     ahh3 = 240.0+tau-1.0/6.0*sqrt(2.0)*Sb-1.0/6.0*sqrt(6.0)*Sa
 
     geometry={angstrom
     c
     o , 1, rco
     h , 2, roh, 1, acoh
     h1, 1, rch1, 2, aoch1  3  ahh1
     h2, 1, rch2, 2, aoch2, 3, ahh2
     h3, 1, rch3, 2, aoch3, 3, ahh3
     }
 
     {OPTG,
     METHOD,SLNR,
     CONSTRAINT,tau,1/3,dihedral,atoms=[h1,c,o,h],1/3,dihedral,atoms=[h2,c,o,h],1/3,dihedral,atoms=[h3,c,o,h]
     END}
 
 enddo
 
 Commands initialized (818), CPU time= 0.01 sec, 672 directives.
 Default parameters read. Elapsed time= 0.09 sec

 Checking input...
 Passed
1


                                         ***  PROGRAM SYSTEM MOLPRO  ***
                                       Copyright, TTI GmbH Stuttgart, 2015
                                    Version 2022.1 linked Mar  3 2022 23:20:00


 **********************************************************************************************************************************
 LABEL *   Methanol Ground State Energy with CCSD(T) and aug-cc-pVTZ                     
  (14 PROC) 64 bit serial version                                                        DATE: 15-Feb-25          TIME: 18:23:50  
 **********************************************************************************************************************************

 SHA1:             31073afc4d8441e10870424e0d77336a33bc4286
 **********************************************************************************************************************************

 Memory per process:       500 MW
 Total memory per node:    500 MW

 GA preallocation disabled
 GA check disabled

 Variable memory set to 500.0 MW

 SETTING RCO            =         1.41997934                                  
 SETTING ROH            =         0.95818958                                  
 SETTING RCH1           =         1.09312547                                  
 SETTING RCH2           =         1.08754749                                  
 SETTING RCH3           =         1.09312547                                  
 SETTING ACOH           =       108.21042647                                  
 SETTING AOCH1          =       111.89503696                                  
 SETTING AOCH2          =       106.72939010                                  
 SETTING AOCH3          =       111.89503696                                  
 SETTING AHH1           =        61.38282783                                  
 SETTING AHH2           =       180.00000000                                  
 SETTING AHH3           =       298.61717217                                  
 SETTING SA             =        -1.69361129                                  
 SETTING SB             =         2.93342081                                  
 SETTING TAU            =        60.00000000                                  
 SETTING AHH1           =        61.38282783                                  
 SETTING AHH2           =       180.00000000                                  
 SETTING AHH3           =       298.61717217                                  
 SETTING BASIS          =    AUG-CC-PVTZ


 Recomputing integrals since basis changed


 Using spherical harmonics

 Library entry C      S aug-cc-pVTZ          selected for orbital group  1
 Library entry C      P aug-cc-pVTZ          selected for orbital group  1
 Library entry C      D aug-cc-pVTZ          selected for orbital group  1
 Library entry C      F aug-cc-pVTZ          selected for orbital group  1
 Library entry O      S aug-cc-pVTZ          selected for orbital group  2
 Library entry O      P aug-cc-pVTZ          selected for orbital group  2
 Library entry O      D aug-cc-pVTZ          selected for orbital group  2
 Library entry O      F aug-cc-pVTZ          selected for orbital group  2
 Library entry H      S aug-cc-pVTZ          selected for orbital group  3
 Library entry H      P aug-cc-pVTZ          selected for orbital group  3
 Library entry H      D aug-cc-pVTZ          selected for orbital group  3


 PROGRAM * SEWARD (Integral evaluation for generally contracted gaussian basis sets)     Author: Roland Lindh, 1990

 Geometry written to block  1 of record 700

 Orientation using atomic masses  
 Molecule type: Asymmetric top
 Symmetry elements: X
 Rotational constants:      23.9613761     24.8267954    128.5481154 GHz  (calculated with average atomic masses)

 Point group  Cs  



 ATOMIC COORDINATES

 NR  ATOM    CHARGE       X              Y              Z

   1  C       6.00    0.000000000    0.024794255   -1.375691575
   2  O       8.00    0.000000000   -0.120926336    1.303720879
   3  H       1.00    0.000000000    1.565832922    1.962154785
   4  H1      1.00    1.682559542    0.983287284   -2.095019762
   5  H3      1.00   -1.682559542    0.983287284   -2.095019762
   6  H2      1.00    0.000000000   -1.908357421   -2.073284295

 Bond lengths in Bohr (Angstrom)

 1-2  2.683372055  1-4  2.065707758  1-5  2.065707758  1-6  2.055166904  2-3  1.810715882
     ( 1.419979340)     ( 1.093125470)     ( 1.093125470)     ( 1.087547490)     ( 0.958189580)

 Bond angles

  1-2-3  108.21042647   2-1-4  111.89503696   2-1-5  111.89503696   2-1-6  106.72939010

  4-1-5  109.07978552   4-1-6  108.55746630   5-1-6  108.55746630

 NUCLEAR CHARGE:                   18
 NUMBER OF PRIMITIVE AOS:         242
 NUMBER OF SYMMETRY AOS:          216
 NUMBER OF CONTRACTIONS:          184   (  115A'  +   69A"  )
 NUMBER OF INNER CORE ORBITALS:     0   (    0A'  +    0A"  )
 NUMBER OF OUTER CORE ORBITALS:     2   (    2A'  +    0A"  )
 NUMBER OF VALENCE ORBITALS:       12   (    9A'  +    3A"  )


 NUCLEAR REPULSION ENERGY   40.34537859

 Eigenvalues of metric

         1 0.607E-04 0.742E-04 0.202E-03 0.410E-03 0.485E-03 0.761E-03 0.101E-02 0.164E-02
         2 0.893E-04 0.781E-03 0.163E-02 0.268E-02 0.491E-02 0.523E-02 0.636E-02 0.690E-02


 Contracted 2-electron integrals neglected if value below      1.0D-11
 AO integral compression algorithm  1   Integral accuracy      1.0D-11

     382.468 MB (compressed) written to integral file ( 53.5%)


 NUMBER OF SORTED TWO-ELECTRON INTEGRALS:   73489255.     BUFFER LENGTH:  32768
 NUMBER OF SEGMENTS:   5  SEGMENT LENGTH:   15997996      RECORD LENGTH: 524288

 Memory used in sort:      16.56 MW

 SORT1 READ    89369882. AND WROTE    72723497. INTEGRALS IN    212 RECORDS. CPU TIME:     1.24 SEC, REAL TIME:     1.68 SEC
 SORT2 READ    72723497. AND WROTE    73489255. INTEGRALS IN   1459 RECORDS. CPU TIME:     1.21 SEC, REAL TIME:     2.03 SEC

 FILE SIZES:   FILE 1:   413.4 MBYTE,  FILE 4:   889.2 MBYTE,   TOTAL:   1302.6 MBYTE

 OPERATOR DM      FOR CENTER  0  COORDINATES:    0.000000    0.000000    0.000000


 **********************************************************************************************************************************
 DATASETS  * FILE   NREC   LENGTH (MB)   RECORD NAMES
              1      19      336.41       500      610      700      900      950      970     1000      129      960     1100   
                                          VAR    BASINP    GEOM    SYMINP    ZMAT    AOBASIS   BASIS     P2S    ABASIS      S 
                                         1400     1410     1200     1210     1080     1600     1650     1300     1700   
                                           T        V       H0       H01     AOSYM     SMH    MOLCAS    ERIS     OPER   

 PROGRAMS   *        TOTAL       INT
 CPU TIMES  *        99.90     99.74
 REAL TIME  *        49.03 SEC
 DISK USED  *         1.21 GB
 **********************************************************************************************************************************


 Program * Restricted Hartree-Fock

 Orbital guess generated from atomic densities. Full valence occupancy:   11   3

 Initial occupancy:   7   2

 NELEC=   18   SYM=1   MS2= 0   THRE=1.0D-08   THRD=1.0D-06   THRG=1.0D-06  HFMA2=F  DIIS_START=2   DIIS_MAX=10   DIIS_INCORE=F

 Level shifts:    0.00 (CLOSED)    0.00 (OPEN)    0.30 (GAP_MIN)

 ITER           ETOT              DE          GRAD        DDIFF     DIIS  NEXP   TIME(IT)  TIME(TOT)  DIAG
   1     -115.05633764    -115.05633764     0.00D+00     0.63D-01     0     0       6.68     18.33    start
   2     -115.08437699      -0.02803935     0.65D-02     0.73D-02     1     0       5.37     23.70    diag
   3     -115.09166827      -0.00729129     0.36D-02     0.23D-02     2     0       7.62     31.32    diag
   4     -115.09219404      -0.00052576     0.70D-03     0.61D-03     3     0       5.97     37.29    diag
   5     -115.09222616      -0.00003213     0.14D-03     0.14D-03     4     0       8.85     46.14    diag
   6     -115.09222762      -0.00000146     0.26D-04     0.36D-04     5     0       9.71     55.85    diag
   7     -115.09222769      -0.00000007     0.53D-05     0.82D-05     6     0       9.73     65.58    diag
   8     -115.09222769      -0.00000000     0.13D-05     0.21D-05     7     0       5.34     70.92    fixocc
   9     -115.09222769      -0.00000000     0.40D-06     0.60D-06     8     0      19.99     90.91    diag
  10     -115.09222769      -0.00000000     0.10D-06     0.12D-06     0     0      18.45    109.36    diag/orth

 Final occupancy:   7   2

 !RHF STATE 1.1 Energy               -115.092227693867
  RHF One-electron energy            -236.922129700981
  RHF Two-electron energy              81.484523414287
  RHF Kinetic energy                  114.923123806511
  RHF Nuclear energy                   40.345378592827
  RHF Virial quotient                  -1.001471452235

 !RHF STATE 1.1 Dipole moment           0.00000000     0.58930356    -0.39215944
 Dipole moment /Debye                   0.00000000     1.49786025    -0.99676987

 Orbital energies:

           1.1          2.1          3.1          4.1          5.1          6.1          7.1          8.1          9.1
    -20.558889   -11.271344    -1.358314    -0.925968    -0.691674    -0.593608    -0.504289     0.028517     0.042984

           1.2          2.2          3.2          4.2
     -0.620739    -0.451724     0.046612     0.129174


 HOMO      2.2    -0.451724 =     -12.2920eV
 LUMO      8.1     0.028517 =       0.7760eV
 LUMO-HOMO         0.480241 =      13.0680eV

 Orbitals saved in record  2100.2


 **********************************************************************************************************************************
 DATASETS  * FILE   NREC   LENGTH (MB)   RECORD NAMES
              1      19      336.41       500      610      700      900      950      970     1000      129      960     1100   
                                          VAR    BASINP    GEOM    SYMINP    ZMAT    AOBASIS   BASIS     P2S    ABASIS      S 
                                         1400     1410     1200     1210     1080     1600     1650     1300     1700   
                                           T        V       H0       H01     AOSYM     SMH    MOLCAS    ERIS     OPER   

              2       4        0.71       700     1000      520     2100   
                                         GEOM     BASIS   MCVARS     RHF  

 PROGRAMS   *        TOTAL    HF-SCF       INT
 CPU TIMES  *       209.47    109.57     99.74
 REAL TIME  *       103.03 SEC
 DISK USED  *         1.21 GB
 **********************************************************************************************************************************


 PROGRAM * MP2 (Closed-shell)     Authors: C. Hampel, H.-J. Werner, 1991, M. Deegan, P.J. Knowles, 1992


 Convergence thresholds:  THRVAR = 1.00D-12  THRDEN = 1.00D-08

 Number of core orbitals:           2 (   2   0 )
 Number of closed-shell orbitals:   7 (   5   2 )
 Number of external orbitals:     175 ( 108  67 )

 Molecular orbitals read from record     2100.2  Type=RHF/CANONICAL  

 Number of N-1 electron functions:               7
 Number of N-2 electron functions:              28
 Number of singly external CSFs:               674
 Number of doubly external CSFs:            379551
 Total number of CSFs:                      380226

 Length of J-op  integral file:               0.00 MB
 Length of K-op  integral file:               1.27 MB

 Integral transformation finished. Total CPU:  14.28 sec, npass=  1  Memory used:   0.71 MW

 Memory needed for MP2:                      0.09 MW

 SCS-MP2 correlation energy:           -0.437446453232   (PS=  1.200000  PT=  0.333333)
 SCS-MP2 total energy:               -115.529674147099


  Reference energy                   -115.092227693867
  MP2 singlet pair energy              -0.286762682082
  MP2 triplet pair energy              -0.149996627252
  MP2 correlation energy               -0.436759309333

 !MP2 total energy                   -115.528987003200


 **********************************************************************************************************************************
 DATASETS  * FILE   NREC   LENGTH (MB)   RECORD NAMES
              1      20      342.23       500      610      700      900      950      970     1000      129      960     1100   
                                          VAR    BASINP    GEOM    SYMINP    ZMAT    AOBASIS   BASIS     P2S    ABASIS      S 
                                         1400     1410     1200     1210     1080     1600     1650     1300     1700     1380   
                                           T        V       H0       H01     AOSYM     SMH    MOLCAS    ERIS     OPER     JKOP   

              2       4        0.71       700     1000      520     2100   
                                         GEOM     BASIS   MCVARS     RHF  

 PROGRAMS   *        TOTAL       MP2    HF-SCF       INT
 CPU TIMES  *       242.45     32.97    109.57     99.74
 REAL TIME  *       111.36 SEC
 DISK USED  *         1.21 GB
 **********************************************************************************************************************************

 DO I                   =        60.00000000   
 SETTING TAU            =        60.00000000                                  
 SETTING AHH1           =        61.38282783                                  
 SETTING AHH2           =       180.00000000                                  
 SETTING AHH3           =       300.00000000                                  


 PROGRAM * OPT (Geometry optimization)     Authors: F. Eckert and H.-J. Werner


 BFGS update of hessian


********** USER DEFINED INT/FIX/CONSTRAINTS ****************

List of primitive internal coordinates

     N      Name     Type   Natoms   Atom list

     1    Di0001     Dihedral    4      H1   C    O    H   
     2    Di0002     Dihedral    4      H2   C    O    H   
     3    Di0003     Dihedral    4      H3   C    O    H   

List of user defined internal/fixed coordinates and constraints

- - - - - - - - - - - - - - - - - - - - - - - - - - - - - - - - - 
    N      Name   Type      Pname     Coeff       Value   Unit
- - - - - - - - - - - - - - - - - - - - - - - - - - - - - - - - - 
    1    Cns001    Con     Di0001     0.333    60.00000   Degree
                           Di0002     0.333
                           Di0003     0.333
- - - - - - - - - - - - - - - - - - - - - - - - - - - - - - - - - 


******************************************************************



 *** Long output written to logfile /scratch/vol1/asmola/Methanol/MolPro/RunMolPro/CH3OH_MEP_AUG-PVTZ.log ***


 Geometry optimization using default procedure for command MP2


 Recomputing integrals since geometry and symmetry changed


 Using spherical harmonics

 Library entry C      S aug-cc-pVTZ          selected for orbital group  1
 Library entry C      P aug-cc-pVTZ          selected for orbital group  1
 Library entry C      D aug-cc-pVTZ          selected for orbital group  1
 Library entry C      F aug-cc-pVTZ          selected for orbital group  1
 Library entry O      S aug-cc-pVTZ          selected for orbital group  2
 Library entry O      P aug-cc-pVTZ          selected for orbital group  2
 Library entry O      D aug-cc-pVTZ          selected for orbital group  2
 Library entry O      F aug-cc-pVTZ          selected for orbital group  2
 Library entry H      S aug-cc-pVTZ          selected for orbital group  3
 Library entry H      P aug-cc-pVTZ          selected for orbital group  3
 Library entry H      D aug-cc-pVTZ          selected for orbital group  3


 PROGRAM * SEWARD (Integral evaluation for generally contracted gaussian basis sets)     Author: Roland Lindh, 1990

 Geometry written to block  1 of record 701

 Orientation using atomic masses  
 Molecule type: Asymmetric top
 Rotational constants:      23.9381917     24.8562574    128.5027451 GHz  (calculated with average atomic masses)

 Point group  C1  



 ATOMIC COORDINATES

 NR  ATOM    CHARGE       X              Y              Z

   1  C       6.00   -0.001516018    0.021610466   -1.375791274
   2  O       8.00   -0.001566742   -0.120341391    1.303823484
   3  H       1.00    0.026289046    1.567116823    1.959872899
   4  H1      1.00    1.695710201    0.951747492   -2.097883247
   5  H2      1.00   -0.033391732   -1.912262471   -2.070651265
   6  H3      1.00   -1.645672603    1.046102434   -2.092948070

 Bond lengths in Bohr (Angstrom)

 1-2  2.683372055  1-4  2.065707758  1-5  2.055166904  1-6  2.065707758  2-3  1.810715882
     ( 1.419979340)     ( 1.093125470)     ( 1.087547490)     ( 1.093125470)     ( 0.958189580)

 Bond angles

  1-2-3  108.21042647   2-1-4  111.89503696   2-1-5  106.72939010   2-1-6  111.89503696

  4-1-5  108.55746630   4-1-6  108.01571661   5-1-6  109.69153596

 NUCLEAR CHARGE:                   18
 NUMBER OF PRIMITIVE AOS:         242
 NUMBER OF SYMMETRY AOS:          216
 NUMBER OF CONTRACTIONS:          184   (  184A   )
 NUMBER OF INNER CORE ORBITALS:     0   (    0A   )
 NUMBER OF OUTER CORE ORBITALS:     2   (    2A   )
 NUMBER OF VALENCE ORBITALS:       12   (   12A   )

 SYMMETRY CHANGED: INITIALIZING OCCUPATION


 NUCLEAR REPULSION ENERGY   40.34607418

 Eigenvalues of metric

         1 0.608E-04 0.738E-04 0.893E-04 0.201E-03 0.406E-03 0.482E-03 0.761E-03 0.780E-03


 Contracted 2-electron integrals neglected if value below      1.0D-11
 AO integral compression algorithm  1   Integral accuracy      1.0D-11

     705.430 MB (compressed) written to integral file ( 52.0%)


 NUMBER OF SORTED TWO-ELECTRON INTEGRALS:  144848710.     BUFFER LENGTH:  32768
 NUMBER OF SEGMENTS:  10  SEGMENT LENGTH:   15999503      RECORD LENGTH: 524288

 Memory used in sort:      16.56 MW

 SORT1 READ   169623812. AND WROTE   143463501. INTEGRALS IN    414 RECORDS. CPU TIME:     1.97 SEC, REAL TIME:     3.36 SEC
 SORT2 READ   143463501. AND WROTE   144848710. INTEGRALS IN   2691 RECORDS. CPU TIME:     1.91 SEC, REAL TIME:     2.49 SEC

 FILE SIZES:   FILE 1:   737.0 MBYTE,  FILE 4:  1736.5 MBYTE,   TOTAL:   2473.4 MBYTE

 OPERATOR DM      FOR CENTER  0  COORDINATES:    0.000000    0.000000    0.000000


 **********************************************************************************************************************************
 DATASETS  * FILE   NREC   LENGTH (MB)   RECORD NAMES
              1      20      620.24       500      610      700      701      900      950      970     1001      129      960   
                                          VAR    BASINP    GEOM     GEOM    SYMINP    ZMAT    AOBASIS   BASIS     P2S    ABASIS    
                                         1100     1400     1410     1200     1210     1080     1600     1650     1300     1700   
                                           S        T        V       H0       H01     AOSYM     SMH    MOLCAS    ERIS     OPER   

              2       6        1.19       700     1000      520     2100      701     1001   
                                         GEOM     BASIS   MCVARS     RHF     GEOM     BASIS   

 PROGRAMS   *        TOTAL       INT       MP2    HF-SCF       INT
 CPU TIMES  *       390.56    148.11     32.97    109.57     99.74
 REAL TIME  *       180.65 SEC
 DISK USED  *         2.30 GB
 **********************************************************************************************************************************


 Program * Restricted Hartree-Fock

 Orbital guess generated from atomic densities. Full valence occupancy:   14

 Initial occupancy:   9

 NELEC=   18   SYM=1   MS2= 0   THRE=1.0D-08   THRD=1.0D-06   THRG=1.0D-06  HFMA2=F  DIIS_START=2   DIIS_MAX=10   DIIS_INCORE=F

 Level shifts:    0.00 (CLOSED)    0.00 (OPEN)    0.30 (GAP_MIN)

 ITER           ETOT              DE          GRAD        DDIFF     DIIS  NEXP   TIME(IT)  TIME(TOT)  DIAG
   1     -115.05626591    -115.05626591     0.00D+00     0.46D-01     0     0     780.90   1631.73    start
   2     -115.08432232      -0.02805641     0.49D-02     0.53D-02     1     0     771.80   2403.53    diag
   3     -115.09161844      -0.00729612     0.27D-02     0.17D-02     2     0     957.67   3361.20    diag
   4     -115.09214480      -0.00052636     0.53D-03     0.45D-03     3     0     910.30   4271.50    diag
   5     -115.09217702      -0.00003222     0.10D-03     0.10D-03     4     0    1001.94   5273.44    diag
   6     -115.09217849      -0.00000147     0.19D-04     0.26D-04     5     0     819.30   6092.74    diag
   7     -115.09217855      -0.00000007     0.40D-05     0.60D-05     6     0     779.44   6872.18    diag
