
 Working directory              : /tmp/asmola/molpro.MsnVF8Obux/
 Global scratch directory       : /tmp/asmola/molpro.MsnVF8Obux/
 Wavefunction directory         : /home/asmola/wfu/
 Main file repository           : /tmp/asmola/molpro.MsnVF8Obux/

 id        : uclcc

 Nodes                        nprocs
 vincent.theory.phys.ucl.ac.uk    1
 GA implementation: MPI file
 GA implementation (serial work in mppx): MPI file

 Using customized tuning parameters: mindgm=1; mindgv=20; mindgc=4; mindgr=1; noblas=0; minvec=7
 default implementation of scratch files=df  


 Variables initialized (1015), CPU time= 0.00 sec
 ***,Methanol Ground State Energy with CCSD(T) and aug-cc-pVTZ
 memory,500,m;
 
 symmetry,nosym
 geometry={angstrom
 c
 o , 1, rco
 h , 2, roh, 1, acoh
 h1, 1, rch1, 2, aoch1  3  ahh1
 h2, 1, rch2, 2, aoch2, 3, ahh2
 h3, 1, rch3, 2, aoch3, 3, ahh3
 }
 
 rco= 1.41997934
 roh= 0.95818958
 rch1= 1.09312547
 rch2= 1.08754749
 rch3= 1.09312547
 acoh= 108.21042647
 aoch1= 111.89503696
 aoch2= 106.72939010
 aoch3= 111.89503696
 ahh1=61.38282783
 ahh2=180.00
 ahh3=298.61717217
 
 
 Sa = -1.6936112928100562
 Sb = 2.9334208074194277
 tau = 60
 ahh1 = tau+1.0/3.0*sqrt(2.0)*Sb
 ahh2 = 120.0+tau-1.0/6.0*sqrt(2.0)*Sb-1.0/6.0*sqrt(6.0)*Sa
 ahh3 = 240.0+tau+1.0/6.0*sqrt(6.0)*Sa-1.0/6.0*sqrt(2.0)*Sb
 
 
 basis=aug-cc-pVDZ
 
 hf
 mp2
 
 {OPTG,method=qsdpath,idir=-1,numhess=5,hesscentral,saveact=CH3OH_path_VDZ
 END}
 
 
 Commands initialized (818), CPU time= 0.01 sec, 672 directives.
 Default parameters read. Elapsed time= 0.16 sec

 Checking input...
 Passed
1


                                         ***  PROGRAM SYSTEM MOLPRO  ***
                                       Copyright, TTI GmbH Stuttgart, 2015
                                    Version 2022.1 linked Mar  3 2022 23:20:00


 **********************************************************************************************************************************
 LABEL *   Methanol Ground State Energy with CCSD(T) and aug-cc-pVTZ                     
  (14 PROC) 64 bit serial version                                                        DATE: 15-Feb-25          TIME: 20:23:10  
 **********************************************************************************************************************************

 SHA1:             31073afc4d8441e10870424e0d77336a33bc4286
 **********************************************************************************************************************************

 Memory per process:       500 MW
 Total memory per node:    500 MW

 GA preallocation disabled
 GA check disabled

 Variable memory set to 500.0 MW

 ZSYMEL=NOSYM

 SETTING RCO            =         1.41997934                                  
 SETTING ROH            =         0.95818958                                  
 SETTING RCH1           =         1.09312547                                  
 SETTING RCH2           =         1.08754749                                  
 SETTING RCH3           =         1.09312547                                  
 SETTING ACOH           =       108.21042647                                  
 SETTING AOCH1          =       111.89503696                                  
 SETTING AOCH2          =       106.72939010                                  
 SETTING AOCH3          =       111.89503696                                  
 SETTING AHH1           =        61.38282783                                  
 SETTING AHH2           =       180.00000000                                  
 SETTING AHH3           =       298.61717217                                  
 SETTING SA             =        -1.69361129                                  
 SETTING SB             =         2.93342081                                  
 SETTING TAU            =        60.00000000                                  
 SETTING AHH1           =        61.38282783                                  
 SETTING AHH2           =       180.00000000                                  
 SETTING AHH3           =       298.61717217                                  
 SETTING BASIS          =    AUG-CC-PVDZ


 Recomputing integrals since basis changed


 Using spherical harmonics

 Library entry C      S aug-cc-pVDZ          selected for orbital group  1
 Library entry C      P aug-cc-pVDZ          selected for orbital group  1
 Library entry C      D aug-cc-pVDZ          selected for orbital group  1
 Library entry O      S aug-cc-pVDZ          selected for orbital group  2
 Library entry O      P aug-cc-pVDZ          selected for orbital group  2
 Library entry O      D aug-cc-pVDZ          selected for orbital group  2
 Library entry H      S aug-cc-pVDZ          selected for orbital group  3
 Library entry H      P aug-cc-pVDZ          selected for orbital group  3


 PROGRAM * SEWARD (Integral evaluation for generally contracted gaussian basis sets)     Author: Roland Lindh, 1990

 Geometry written to block  1 of record 700

 Orientation using atomic masses  
 Molecule type: Asymmetric top
 Rotational constants:      23.9613761     24.8267954    128.5481154 GHz  (calculated with average atomic masses)

 Point group  C1  



 ATOMIC COORDINATES

 NR  ATOM    CHARGE       X              Y              Z

   1  C       6.00   -0.000000000    0.024794255   -1.375691575
   2  O       8.00   -0.000000000   -0.120926336    1.303720879
   3  H       1.00   -0.000000000    1.565832922    1.962154785
   4  H1      1.00    1.682559542    0.983287284   -2.095019762
   5  H2      1.00    0.000000000   -1.908357421   -2.073284295
   6  H3      1.00   -1.682559542    0.983287284   -2.095019762

 Bond lengths in Bohr (Angstrom)

 1-2  2.683372055  1-4  2.065707758  1-5  2.055166904  1-6  2.065707758  2-3  1.810715882
     ( 1.419979340)     ( 1.093125470)     ( 1.087547490)     ( 1.093125470)     ( 0.958189580)

 Bond angles

  1-2-3  108.21042647   2-1-4  111.89503696   2-1-5  106.72939010   2-1-6  111.89503696

  4-1-5  108.55746630   4-1-6  109.07978552   5-1-6  108.55746630

 NUCLEAR CHARGE:                   18
 NUMBER OF PRIMITIVE AOS:         118
 NUMBER OF SYMMETRY AOS:          114
 NUMBER OF CONTRACTIONS:           82   (   82A   )
 NUMBER OF INNER CORE ORBITALS:     0   (    0A   )
 NUMBER OF OUTER CORE ORBITALS:     2   (    2A   )
 NUMBER OF VALENCE ORBITALS:       12   (   12A   )


 NUCLEAR REPULSION ENERGY   40.34537859


 Eigenvalues of metric

         1 0.653E-03 0.797E-03 0.810E-03 0.110E-02 0.247E-02 0.437E-02 0.496E-02 0.523E-02


 Contracted 2-electron integrals neglected if value below      1.0D-11
 AO integral compression algorithm  1   Integral accuracy      1.0D-11

     26.739 MB (compressed) written to integral file ( 46.9%)


 NUMBER OF SORTED TWO-ELECTRON INTEGRALS:    5791906.     BUFFER LENGTH:  32768
 NUMBER OF SEGMENTS:   1  SEGMENT LENGTH:    5791906      RECORD LENGTH: 524288

 Memory used in sort:       6.35 MW

 SORT1 READ     7174542. AND WROTE     4703197. INTEGRALS IN     14 RECORDS. CPU TIME:     0.04 SEC, REAL TIME:     0.06 SEC
 SORT2 READ     4703197. AND WROTE     5791906. INTEGRALS IN    102 RECORDS. CPU TIME:     0.10 SEC, REAL TIME:     0.12 SEC

 FILE SIZES:   FILE 1:    57.0 MBYTE,  FILE 4:    58.8 MBYTE,   TOTAL:    115.8 MBYTE

 OPERATOR DM      FOR CENTER  0  COORDINATES:    0.000000    0.000000    0.000000


 **********************************************************************************************************************************
 DATASETS  * FILE   NREC   LENGTH (MB)   RECORD NAMES
              1      19       50.11       500      610      700      900      950      970     1000      129      960     1100   
                                          VAR    BASINP    GEOM    SYMINP    ZMAT    AOBASIS   BASIS     P2S    ABASIS      S 
                                         1400     1410     1200     1210     1080     1600     1650     1300     1700   
                                           T        V       H0       H01     AOSYM     SMH    MOLCAS    ERIS     OPER   

 PROGRAMS   *        TOTAL       INT
 CPU TIMES  *         1.00      0.84
 REAL TIME  *         1.61 SEC
 DISK USED  *       110.74 MB
 **********************************************************************************************************************************


 Program * Restricted Hartree-Fock

 Orbital guess generated from atomic densities. Full valence occupancy:   14

 Initial occupancy:   9

 NELEC=   18   SYM=1   MS2= 0   THRE=1.0D-08   THRD=1.0D-06   THRG=1.0D-06  HFMA2=F  DIIS_START=2   DIIS_MAX=10   DIIS_INCORE=F

 Level shifts:    0.00 (CLOSED)    0.00 (OPEN)    0.30 (GAP_MIN)

 ITER           ETOT              DE          GRAD        DDIFF     DIIS  NEXP   TIME(IT)  TIME(TOT)  DIAG
   1     -115.02729657    -115.02729657     0.00D+00     0.97D-01     0     0       0.15      0.24    start
   2     -115.05451940      -0.02722282     0.71D-02     0.12D-01     1     0       0.10      0.34    diag
   3     -115.06113108      -0.00661168     0.37D-02     0.38D-02     2     0       0.11      0.45    diag
   4     -115.06165225      -0.00052118     0.78D-03     0.12D-02     3     0       0.10      0.55    diag
   5     -115.06167980      -0.00002755     0.15D-03     0.28D-03     4     0       0.12      0.67    diag
   6     -115.06168099      -0.00000119     0.26D-04     0.59D-04     5     0       0.12      0.79    diag
   7     -115.06168104      -0.00000005     0.51D-05     0.12D-04     6     0       0.11      0.90    diag
   8     -115.06168104      -0.00000000     0.12D-05     0.27D-05     7     0       0.11      1.01    fixocc
   9     -115.06168104      -0.00000000     0.33D-06     0.63D-06     8     0       0.12      1.13    diag
  10     -115.06168104      -0.00000000     0.90D-07     0.17D-06     0     0       0.11      1.24    diag/orth

 Final occupancy:   9

 !RHF STATE 1.1 Energy               -115.061681037767
  RHF One-electron energy            -236.818100394940
  RHF Two-electron energy              81.411040764347
  RHF Kinetic energy                  114.890077710112
  RHF Nuclear energy                   40.345378592827
  RHF Virial quotient                  -1.001493630530

 !RHF STATE 1.1 Dipole moment          -0.00000000     0.59035160    -0.39453503
 Dipole moment /Debye                  -0.00000000     1.50052410    -1.00280803

 Orbital energies:

           1.1          2.1          3.1          4.1          5.1          6.1          7.1          8.1          9.1         10.1
    -20.568208   -11.279238    -1.361817    -0.927493    -0.692525    -0.620218    -0.593914    -0.504096    -0.450493     0.034537

          11.1
      0.051710


 HOMO      9.1    -0.450493 =     -12.2585eV
 LUMO     10.1     0.034537 =       0.9398eV
 LUMO-HOMO         0.485030 =      13.1983eV

 Orbitals saved in record  2100.2


 **********************************************************************************************************************************
 DATASETS  * FILE   NREC   LENGTH (MB)   RECORD NAMES
              1      19       50.11       500      610      700      900      950      970     1000      129      960     1100   
                                          VAR    BASINP    GEOM    SYMINP    ZMAT    AOBASIS   BASIS     P2S    ABASIS      S 
                                         1400     1410     1200     1210     1080     1600     1650     1300     1700   
                                           T        V       H0       H01     AOSYM     SMH    MOLCAS    ERIS     OPER   

              2       4        0.52       700     1000      520     2100   
                                         GEOM     BASIS   MCVARS     RHF  

 PROGRAMS   *        TOTAL    HF-SCF       INT
 CPU TIMES  *         2.27      1.27      0.84
 REAL TIME  *         2.06 SEC
 DISK USED  *       110.74 MB
 **********************************************************************************************************************************


 PROGRAM * MP2 (Closed-shell)     Authors: C. Hampel, H.-J. Werner, 1991, M. Deegan, P.J. Knowles, 1992


 Convergence thresholds:  THRVAR = 1.00D-12  THRDEN = 1.00D-08

 Number of core orbitals:           2 (   2 )
 Number of closed-shell orbitals:   7 (   7 )
 Number of external orbitals:      73 (  73 )

 Molecular orbitals read from record     2100.2  Type=RHF/CANONICAL  

 Number of N-1 electron functions:               7
 Number of N-2 electron functions:              28
 Number of singly external CSFs:               511
 Number of doubly external CSFs:            130816
 Total number of CSFs:                      131328

 Length of J-op  integral file:               0.00 MB
 Length of K-op  integral file:               0.49 MB

 Integral transformation finished. Total CPU:   0.09 sec, npass=  1  Memory used:   0.49 MW

 Memory needed for MP2:                      0.03 MW

 SCS-MP2 correlation energy:           -0.357362616432   (PS=  1.200000  PT=  0.333333)
 SCS-MP2 total energy:               -115.419043654199


  Reference energy                   -115.061681037767
  MP2 singlet pair energy              -0.230966218239
  MP2 triplet pair energy              -0.128897926948
  MP2 correlation energy               -0.359864145187

 !MP2 total energy                   -115.421545182954

 KEXT needed  1 integral passes. Memory used:   0.46 MW  CPU time:      1.16 sec

 CPHF start vector      0.2 not found

 Starting Coupled-perturbed Hartree-Fock, convergence threshold= 1.0D-06

 ITER   MIC  DIIS      VAR         VARC       CPU
   1     0     1    0.35D-01    0.11D-02     0.07
   2     5     2    0.29D-03    0.12D-03     0.11
   3     3     3    0.10D-04    0.17D-05     0.14
   4     3     4    0.25D-06    0.44D-07     0.18

 CPHF convergence reached in  4 macroiterations and   11 microiterations.   Accuracy: 2.5061D-07

 CPHF solution written to record  4100.2

 Dipole moments (unrelaxed):           -0.00000000     0.57830535    -0.38311370
 Orbital relaxation contribution:      -0.00000000    -0.02289457     0.01594307
 !MP2 STATE 1.1 Dipole moment          -0.00000000     0.55541078    -0.36717063
 Dipole moment /Debye                  -0.00000000     1.41171340    -0.93325465

 CPU-time for density and lagrangian:                  1.31 sec
 CPU-time for coupled-perturbed hartree-fock:          0.48 sec

 MP2 gradient info saved on record         5200.1


 **********************************************************************************************************************************
 DATASETS  * FILE   NREC   LENGTH (MB)   RECORD NAMES
              1      21       53.68       500      610      700      900      950      970     1000      129      960     1100   
                                          VAR    BASINP    GEOM    SYMINP    ZMAT    AOBASIS   BASIS     P2S    ABASIS      S 
                                         1400     1410     1200     1210     1080     1600     1650     1300     1700     1380   
                                           T        V       H0       H01     AOSYM     SMH    MOLCAS    ERIS     OPER     JKOP   
                                         5200   
                                          MP2  

              2       5        0.70       700     1000      520     2100     4100   
                                         GEOM     BASIS   MCVARS     RHF     CPHF   

 PROGRAMS   *        TOTAL       MP2    HF-SCF       INT
 CPU TIMES  *         8.98      6.71      1.27      0.84
 REAL TIME  *         3.04 SEC
 DISK USED  *       110.74 MB
 **********************************************************************************************************************************


 PROGRAM * OPT (Geometry optimization)     Authors: F. Eckert and H.-J. Werner


 *** Long output written to logfile /scratch/vol1/asmola/Methanol/MolPro/RunMolPro/CH3OH_ReactionPath_AUG-PVDZ.log ***


 Geometry optimization using default procedure for command MP2

 Geometry written to block  1 of record 700

 Optimized active variables along the reaction path will be saved in file ch3oh_path_vdz.act

 Numerically approximating hessian using central gradient differences

 Task list generated. Total number of displacements:     24

    5 tasks completed, CPU=1m 2s Elapsed=14s
   10 tasks completed, CPU=2m 7s Elapsed=29s
   15 tasks completed, CPU=3m 12s Elapsed=44s
   20 tasks completed, CPU=4m 21s Elapsed=1m 0s

 Numerical MP2 hessian completed. CPU-time:   311.85 sec, Elapsed:    72.36 sec

 MP2 hessian saved to record  5300.2

 Combined Powell-Murtagh-Sargent Update of Hessian

 Quadratic Steepest Descent -  Reaction Path Following using exact Hessian

 Hessian eigenvalues:     0.056225  0.149490  0.173690  0.177754  0.241720  0.271421  0.326248  0.361739  0.375219  0.384058
                          0.464317  0.559709

 QSDPATH1: Starting point is not a critical point.
 Performing a regular QSD step. Stepsize =  0.102902    Curvature =  0.46343D+01

 ITER.   ENERGY(OLD)    ENERGY(NEW)      DE          GRADMAX     GRADNORM    GRADRMS     STEPMAX     STEPLEN     STEPRMS   CPU-time
   1  -115.42154518  -115.42193094    -0.00038576  0.00987901  0.01744015  0.00503454  0.02686180  1.00000000  0.08333333    316.94

 Hessian eigenvalues:     0.056225  0.149414  0.173690  0.177331  0.240886  0.271421  0.326008  0.361739  0.370780  0.383265
                          0.459038  0.558548

 Performing a regular QSD step. Stepsize =  0.076778    Curvature =  0.15308D+03
   2  -115.42193094  -115.42193138    -0.00000044  0.00042148  0.00056901  0.00016426  0.00123380  0.00158718  0.00013227    329.21

 Hessian eigenvalues:     0.056225  0.149131  0.173690  0.176369  0.237654  0.271421  0.325882  0.361739  0.368584  0.383086
                          0.449811  0.558425

 Performing a regular QSD step. Stepsize =  0.075116    Curvature =  0.42468D+04
   3  -115.42193138  -115.42193138     0.00000000  0.00002301  0.00002425  0.00000700  0.00007271  0.00007841  0.00000653    338.78

 END OF GEOMETRY OPTIMIZATION.

 Optimized variables
 RCO=                 1.43488537 ANGSTROM
 ROH=                 0.96575029 ANGSTROM
 ACOH=              107.89719294 DEGREE
 RCH1=                1.10302033 ANGSTROM
 AOCH1=             111.87262158 DEGREE
 AHH1=               61.48524635 DEGREE
 RCH2=                1.09742790 ANGSTROM
 AOCH2=             106.29910793 DEGREE
 AHH2=              179.99999990 DEGREE
 RCH3=                1.10302033 ANGSTROM
 AOCH3=             111.87262148 DEGREE
 AHH3=              298.51475319 DEGREE

 **********************************************************************************************************************************

 Geometry written to block  1 of record 700

 Recomputing wavefunction for reoriented structure

 Current geometry (xyz format, in Angstrom)

    6
 MP2/AUG-CC-PVDZ  ENERGY=-115.42193138
 C          0.0000000001        0.0131778345       -0.7357632761
 O          0.0000000002       -0.0642005077        0.6970342016
 H         -0.0000000020        0.8374747929        1.0429464458
 H          0.8994478486        0.5232867483       -1.1197376302
 H          0.0000000045       -1.0220022898       -1.1001121526
 H         -0.8994478554        0.5232867373       -1.1197376290

 **********************************************************************************************************************************


 **********************************************************************************************************************************
 DATASETS  * FILE   NREC   LENGTH (MB)   RECORD NAMES
              1      22       55.31       500      610      700      900      950      970     1000      129      960     1100   
                                          VAR    BASINP    GEOM    SYMINP    ZMAT    AOBASIS   BASIS     P2S    ABASIS      S 
                                         1400     1410     1200     1210     1080     1600     1650     1300     1700     1380   
                                           T        V       H0       H01     AOSYM     SMH    MOLCAS    ERIS     OPER     JKOP   
                                         5200     5201   
                                          MP2      MP2  

              2       8        0.74       700     1000      520     2100     4100     5300     9001     5500   
                                         GEOM     BASIS   MCVARS     RHF     CPHF     HESS    DEN_MP2   HINFO   

 PROGRAMS   *        TOTAL      OPTG       MP2    HF-SCF       INT
 CPU TIMES  *       351.48    342.50      6.71      1.27      0.84
 REAL TIME  *        84.56 SEC
 DISK USED  *       127.95 MB
 **********************************************************************************************************************************

 MP2/aug-cc-pVDZ//MP2/aug-cc-pVDZ energy=   -115.421931378109

       OPTG(MP2)             MP2          HF-SCF
   -115.42193138   -115.42154518   -115.06168104
 **********************************************************************************************************************************
 Molpro calculation terminated
