
 PROGRAM * ALASKA (Gradient of the energy)     Author: R. Lindh


 CCSD Gradient info restored from record   55555.1

 Number of core orbitals:           2 (   2   0 )
 Number of closed-shell orbitals:   7 (   5   2 )
 Number of external orbitals:     175 ( 108  67 )

 Integral thresholds in T2TRAN:            1.0D-10 (PROD)

 Available memory for Transformation: 497363197 words
 Memory needed for incore algorithm:    5963754 words
 Minimum memory needed:                 2459558 words

 Memory used for transformation:           9.04 MW
 Available memory for gradients:         490.32 MW

 CPU for transformation:                  58.98 sec
 CPU for integrals and gradient:          70.39 sec
 Total CPU:                              129.37 sec

 Prescreening statistics:
 ========================

 Total number of shell quadruplets:        1.18D+04
 Number of shell quadruplets processed:    1.18D+04 (100.00%)

 CCSD GRADIENT FOR STATE 1.1

 Atom          dE/dx               dE/dy               dE/dz

   1         0.000000000        -0.003657226        -0.000728194
   2         0.000000000        -0.000704422         0.004161319
   3         0.000000000         0.003318834         0.000620968
   4         0.000000000         0.001157805         0.001555812
   5        -0.000034880        -0.000057496        -0.002804952
   6         0.000034880        -0.000057496        -0.002804952

 Nuclear force contribution to virial =         0.024207072
 Reading points 1 to 1 from record 700.2,  wavefunction type=CCSD            

 Making model hessian for Z-matrix coordinates
 No hessian update for point  1

 Entering Rational Function Geometry Optimization

 Optimization point 1

 Variable                      Last           Current        Next           Gradient       Hessian

 E(CCSD) / Hartree           0.00000000  -115.54475041  -115.54495439
 RCO / ANGSTROM              0.00000000     1.42960000     1.42558908     0.00875297     2.17329175
 ROH / ANGSTROM              0.00000000     0.95887000     0.95653563     0.00627319     2.53482453
 ACOH / DEGREE               0.00000000   107.98120000   108.19442146    -0.00001950     0.00007174
 RCH1 / ANGSTROM             0.00000000     1.09229400     1.09146004     0.00120112     1.71867740
 AOCH1 / DEGREE              0.00000000   110.66460000   112.22139750    -0.00006601     0.00006929
 RCH2 / ANGSTROM             0.00000000     1.09229400     1.09129865     0.00199885     1.71898652
 AOCH2 / DEGREE              0.00000000   110.66460000   109.32104143     0.00009334     0.00007131
 AHH2 / DEGREE               0.00000000   120.00000000   120.39618688     0.00000675     0.00005091
 RCH3 / ANGSTROM             0.00000000     1.09229400     1.09129865     0.00199885     1.71898652
 AOCH3 / DEGREE              0.00000000   110.66460000   109.32104143     0.00009334     0.00007131
 AHH3 / DEGREE               0.00000000   240.00000000   239.60381312    -0.00000675     0.00005091
 Convergence:                0.00000000  (line search)     0.04509969     0.01040066  (total)

 Geometry written to block  2 of record 700

 Running procedure: RUNCCSD


 Recomputing integrals since geometry changed


 PROGRAM * SEWARD (Integral evaluation for generally contracted gaussian basis sets)     Author: Roland Lindh, 1990

 Geometry written to block  2 of record 700

 Orientation using atomic masses  
 Molecule type: Asymmetric top
 Symmetry elements: X
 Rotational constants:      23.7952780     24.6608150    128.7042461 GHz  (calculated with average atomic masses)

 Point group  Cs  



 ATOMIC COORDINATES

 NR  ATOM    CHARGE       X              Y              Z

   1  C       6.00    0.000000000    0.022418344   -1.380999418
   2  O       8.00    0.000000000   -0.122943663    1.309048915
   3  H       1.00    0.000000000    1.561315601    1.965290975
   4  H1      1.00    0.000000000    1.971098898   -2.056869299
   5  H2      1.00    1.678610568   -0.924015197   -2.115457145
   6  H3      1.00   -1.678610568   -0.924015197   -2.115457145

 Bond lengths in Bohr (Angstrom)

 1-2  2.693972930  1-4  2.062560544  1-5  2.062255571  1-6  2.062255571  2-3  1.807590361
     ( 1.425589081)     ( 1.091460036)     ( 1.091298651)     ( 1.091298651)     ( 0.956535625)

 Bond angles

  1-2-3  108.19442146   2-1-4  112.22139750   2-1-5  109.32104143   2-1-6  109.32104143

  4-1-5  108.47492951   4-1-6  108.47492951   5-1-6  108.97094526

 NUCLEAR CHARGE:                   18
 NUMBER OF PRIMITIVE AOS:         242
 NUMBER OF SYMMETRY AOS:          216
 NUMBER OF CONTRACTIONS:          184   (  115A'  +   69A"  )
 NUMBER OF INNER CORE ORBITALS:     0   (    0A'  +    0A"  )
 NUMBER OF OUTER CORE ORBITALS:     2   (    2A'  +    0A"  )
 NUMBER OF VALENCE ORBITALS:       12   (    9A'  +    3A"  )


 NUCLEAR REPULSION ENERGY   40.26170356

 Eigenvalues of metric

         1 0.615E-04 0.723E-04 0.213E-03 0.417E-03 0.449E-03 0.778E-03 0.104E-02 0.152E-02
         2 0.974E-04 0.799E-03 0.193E-02 0.293E-02 0.475E-02 0.518E-02 0.650E-02 0.771E-02


 Contracted 2-electron integrals neglected if value below      1.0D-11
 AO integral compression algorithm  1   Integral accuracy      1.0D-11

     385.614 MB (compressed) written to integral file ( 53.5%)


 NUMBER OF SORTED TWO-ELECTRON INTEGRALS:   73489255.     BUFFER LENGTH:  32768
 NUMBER OF SEGMENTS:   5  SEGMENT LENGTH:   15997996      RECORD LENGTH: 524288

 Memory used in sort:      16.56 MW

 SORT1 READ    90126720. AND WROTE    72736886. INTEGRALS IN    210 RECORDS. CPU TIME:     0.75 SEC, REAL TIME:     1.06 SEC
 SORT2 READ    72736886. AND WROTE    73489255. INTEGRALS IN   1471 RECORDS. CPU TIME:     0.82 SEC, REAL TIME:     1.03 SEC

 FILE SIZES:   FILE 1:   416.6 MBYTE,  FILE 4:   880.8 MBYTE,   TOTAL:   1297.4 MBYTE

 OPERATOR DM      FOR CENTER  0  COORDINATES:    0.000000    0.000000    0.000000

 Program * Restricted Hartree-Fock

 Molecular orbitals read from record     2101.2  Type=RHF/CANONICAL  

 NELEC=   18   SYM=1   MS2= 0   THRE=1.0D-09   THRD=1.0D-06   THRG=1.0D-06  HFMA2=F  DIIS_START=2   DIIS_MAX=10   DIIS_INCORE=F

 Level shifts:    0.00 (CLOSED)    0.00 (OPEN)    0.30 (GAP_MIN)

 ITER           ETOT              DE          GRAD        DDIFF     DIIS  NEXP   TIME(IT)  TIME(TOT)  DIAG
   1     -115.09023584    -115.09023584     0.00D+00     0.65D-01     0     0       1.34      1.35    start
   2     -115.09041990      -0.00018405     0.39D-03     0.40D-03     1     0       1.29      2.64    diag
   3     -115.09044467      -0.00002477     0.12D-03     0.12D-03     2     0       1.28      3.92    diag
   4     -115.09044853      -0.00000386     0.56D-04     0.46D-04     3     0       1.28      5.20    diag
   5     -115.09044917      -0.00000064     0.18D-04     0.22D-04     4     0       1.28      6.48    diag
   6     -115.09044919      -0.00000003     0.40D-05     0.46D-05     5     0       1.29      7.77    diag
   7     -115.09044920      -0.00000000     0.11D-05     0.14D-05     6     0       1.29      9.06    diag
   8     -115.09044920      -0.00000000     0.30D-06     0.38D-06     7     0       1.40     10.46    fixocc
   9     -115.09044920      -0.00000000     0.69D-07     0.67D-07     0     0       1.27     11.73    diag

 Final occupancy:   7   2

 !RHF STATE 1.1 Energy               -115.090449195275
  RHF One-electron energy            -236.762314169967
  RHF Two-electron energy              81.410161413704
  RHF Kinetic energy                  114.916303365023
  RHF Nuclear energy                   40.261703560988
  RHF Virial quotient                  -1.001515414481

 !RHF STATE 1.1 Dipole moment           0.00000000     0.61436352    -0.40069102
 Dipole moment /Debye                   0.00000000     1.56155631    -1.01845499

 Orbital energies:

           1.1          2.1          3.1          4.1          5.1          6.1          7.1          8.1          9.1
    -20.557572   -11.271981    -1.356237    -0.926020    -0.691686    -0.593596    -0.504773     0.028108     0.042879

           1.2          2.2          3.2          4.2
     -0.618997    -0.450136     0.050387     0.121272


 HOMO      2.2    -0.450136 =     -12.2488eV
 LUMO      8.1     0.028108 =       0.7648eV
 LUMO-HOMO         0.478243 =      13.0137eV

 Orbitals saved in record  2101.2


 **********************************************************************************************************************************
 DATASETS  * FILE   NREC   LENGTH (MB)   RECORD NAMES
              1      19      336.39       500      610      700      900      950      970     1000      129      960     1100   
                                          VAR    BASINP    GEOM    SYMINP    ZMAT    AOBASIS   BASIS     P2S    ABASIS      S 
                                         1400     1410     1200     1210     1080     1600     1650     1300     1700   
                                           T        V       H0       H01     AOSYM     SMH    MOLCAS    ERIS     OPER   

              2       8        2.35       700     1000      520     2100      200     2101     8500     9001   
                                         GEOM     BASIS   MCVARS     RHF    OPTIONS    RHF     CPHF    DEN_MP2    

 PROGRAMS   *        TOTAL    HF-SCF    HF-SCF       INT
 CPU TIMES  *       653.46     25.80     14.35     14.20
 REAL TIME  *       104.14 SEC
 DISK USED  *         1.21 GB
 **********************************************************************************************************************************


 PROGRAM * CCSD (Closed-shell coupled cluster)     Authors: C. Hampel, H.-J. Werner, 1991, M. Deegan, P.J. Knowles, 1992


 Convergence thresholds:  THRVAR = 1.00D-12  THRDEN = 1.00D-08

 Using ITF CCSD gradient implementation

 Number of core orbitals:           2 (   2   0 )
 Number of closed-shell orbitals:   7 (   5   2 )
 Number of external orbitals:     175 ( 108  67 )

 Molecular orbitals read from record     2101.2  Type=RHF/CANONICAL (state 1.1)

 Integral transformation finished. Total CPU:   9.32 sec, npass=  1  Memory used:   8.42 MW
  Reference energy                   -115.090449195275

  MP2 correlation energy               -0.436953162919
  MP2 total energy                   -115.527402358194

 ITER.      SQ.NORM     CORR.ENERGY   TOTAL ENERGY   ENERGY CHANGE        DEN1      VAR(S)    VAR(P)  DIIS     TIME
   1      1.12056223    -0.45340446  -115.54385365    -0.01645130    -0.00556175  1.71e-03  1.94e-03  1  1    16.11
   2      1.12859743    -0.45439038  -115.54483958    -0.00098592    -0.00938574  4.24e-05  2.72e-04  2  2    31.81
   3      1.13100616    -0.45450969  -115.54495888    -0.00011931    -0.00141034  4.50e-06  3.52e-05  3  3    48.01
   4      1.13227033    -0.45451289  -115.54496209    -0.00000320    -0.00092854  1.48e-07  3.42e-06  4  4    63.16
   5      1.13257685    -0.45449201  -115.54494120     0.00002089    -0.00019230  1.88e-08  3.27e-07  5  5    78.52
   6      1.13265781    -0.45448953  -115.54493872     0.00000248    -0.00004958  3.92e-10  1.48e-08  6  0    94.10
   7      1.13266623    -0.45448834  -115.54493754     0.00000119    -0.00000627  6.49e-11  1.06e-09  6  1   110.47
   8      1.13266647    -0.45448820  -115.54493739     0.00000014    -0.00000047  4.32e-12  1.06e-10  6  2   125.67
   9      1.13266639    -0.45448818  -115.54493738     0.00000002     0.00000001  1.92e-13  1.14e-11  6  3   141.54
  10      1.13266645    -0.45448818  -115.54493737     0.00000000    -0.00000004  3.03e-14  7.77e-13         156.71

 Norm of t1 vector:      0.05301989     S-energy:      0.00000001   T1 diagnostic:  0.01001982

 Time per iteration:                     15.67 sec

 RESULTS
 =======

  Reference energy                   -115.090449195275
  CCSD correlation energy              -0.454488175265
 !CCSD total energy                  -115.544937370541

 Starting CP-CCSD iterations.   Author: W. Gyorffy (2012)

 ITER.      NRM1           NRM2      VAR(S)+VAR(P)   DIIS    TIME
   1     0.00165829     0.38369701     5.33e-04      1  1   16.02
   2     0.00150419     0.37985086     3.91e-05      2  2   31.87
   3     0.00139636     0.37936494     4.90e-06      3  3   48.08
   4     0.00134426     0.37896544     9.49e-07      4  4   64.54
   5     0.00131512     0.37886791     1.02e-07      5  5   80.19
   6     0.00130390     0.37883266     1.05e-08      6  0   96.08
   7     0.00130083     0.37882831     1.20e-09      6  1  113.31
   8     0.00130004     0.37882694     1.47e-10      6  2  129.14
   9     0.00129989     0.37882682     1.84e-11      6  3  145.36
  10     0.00129985     0.37882677     2.25e-12      6  4  162.10
  11     0.00129986     0.37882677     2.79e-13            177.70


 Time per iteration:                     16.15 sec


 CPHF trial vector read from record  8500.2

 Starting Coupled-perturbed Hartree-Fock, convergence threshold= 1.0D-06

 ITER   MIC  DIIS      VAR         VARC       CPU
   1     0     1    0.14D-01    0.90D-03     1.26
   2     3     2    0.33D-04    0.20D-04     2.50
   3     3     3    0.13D-05    0.72D-06     3.72
   4     1     4    0.23D-06    0.21D-07     4.94

 CPHF convergence reached in  4 macroiterations and    7 microiterations.   Accuracy: 2.3409D-07

 CPHF solution written to record  8500.2

 Dipole moments (unrelaxed):            0.00000000     0.57804868    -0.37497310
 Orbital relaxation contribution:      -0.00000000     0.00422312    -0.00305048
 !CCSD STATE 1.1 Dipole moment          0.00000000     0.58227181    -0.37802358
 Dipole moment /Debye                   0.00000000     1.47998731    -0.96084011

 CPU-time for coupled-perturbed hartree-fock:          4.96 sec

 Number of N-1 electron functions:               7
 Number of N-2 electron functions:              28
 Number of singly external CSFs:               674
 Number of doubly external CSFs:            379551
 Total number of CSFs:                      380226

 CCSD gradient info saved on record        55555.1




 **********************************************************************************************************************************
 DATASETS  * FILE   NREC   LENGTH (MB)   RECORD NAMES
              1      21      455.49       500      610      700      900      950      970     1000      129      960     1100   
                                          VAR    BASINP    GEOM    SYMINP    ZMAT    AOBASIS   BASIS     P2S    ABASIS      S 
                                         1400     1410     1200     1210     1080     1600     1650     1300     1700     1380   
                                           T        V       H0       H01     AOSYM     SMH    MOLCAS    ERIS     OPER     JKOP   
                                        55555   
                                         CCSD   

              2       8        2.35       700     1000      520     2100      200     2101     8500     9001   
                                         GEOM     BASIS   MCVARS     RHF    OPTIONS    RHF     CPHF    DEN_MP2    

 PROGRAMS   *        TOTAL      CCSD    HF-SCF       INT
 CPU TIMES  *      1116.95    463.48     14.35     14.20
 REAL TIME  *       165.47 SEC
 DISK USED  *         1.21 GB
 **********************************************************************************************************************************

 Current geometry (xyz format, in Angstrom)


 Dump information in style XYZ to ch3oh_maxima_mp2_1.xyz                                                          

    6
 CCSD/AUG-CC-PVTZ  OPTSTEP=1  ENERGY=-115.54493737
 C          0.0000000000        0.0118632769       -0.7307934201
 O          0.0000000000       -0.0650589849        0.6927188538
 H          0.0000000000        0.8262126351        1.0399871969
 H          0.0000000000        1.0430606171       -1.0884483591
 H          0.8882824586       -0.4889677850       -1.1194517118
 H         -0.8882824586       -0.4889677850       -1.1194517118

 **********************************************************************************************************************************

 PROGRESS OF GEOMETRY OPTIMIZATION.    TOTAL CPU:      1088.3 SEC
   1  -115.54475041  -115.54493737    -0.00018696  0.00534821  0.01040066  0.00313592  0.02717124  0.04509969  0.00409997

 **********************************************************************************************************************************

 Current geometry (xyz format, in Angstrom)


 Dump information in style XYZ to ch3oh_maxima_mp2.xyz                                                            

    6
 CCSD/AUG-CC-PVTZ  ENERGY=-115.54493737
 C          0.0000000000        0.0118632769       -0.7307934201
 O          0.0000000000       -0.0650589849        0.6927188538
 H          0.0000000000        0.8262126351        1.0399871969
 H          0.0000000000        1.0430606171       -1.0884483591
 H          0.8882824586       -0.4889677850       -1.1194517118
 H         -0.8882824586       -0.4889677850       -1.1194517118

 **********************************************************************************************************************************

 Current variables
 RCO=                 1.42558908 ANGSTROM
 ROH=                 0.95653563 ANGSTROM
 ACOH=              108.19442146 DEGREE
 RCH1=                1.09146004 ANGSTROM
 AOCH1=             112.22139750 DEGREE
 RCH2=                1.09129865 ANGSTROM
 AOCH2=             109.32104143 DEGREE
 AHH2=              120.39618688 DEGREE
 RCH3=                1.09129865 ANGSTROM
 AOCH3=             109.32104143 DEGREE
 AHH3=              239.60381312 DEGREE

 **********************************************************************************************************************************

 PROGRAM * ALASKA (Gradient of the energy)     Author: R. Lindh


 CCSD Gradient info restored from record   55555.1

 Number of core orbitals:           2 (   2   0 )
 Number of closed-shell orbitals:   7 (   5   2 )
 Number of external orbitals:     175 ( 108  67 )

 Integral thresholds in T2TRAN:            1.0D-10 (PROD)

 Available memory for Transformation: 497363197 words
 Memory needed for incore algorithm:    5963754 words
 Minimum memory needed:                 2459558 words

 Memory used for transformation:           9.04 MW
 Available memory for gradients:         490.32 MW

 CPU for transformation:                  56.41 sec
 CPU for integrals and gradient:          69.97 sec
 Total CPU:                              126.38 sec

 Prescreening statistics:
 ========================

 Total number of shell quadruplets:        1.18D+04
 Number of shell quadruplets processed:    1.18D+04 (100.00%)

 CCSD GRADIENT FOR STATE 1.1

 Atom          dE/dx               dE/dy               dE/dz

   1         0.000000000         0.001331088        -0.000542089
   2         0.000000000        -0.002159917         0.001411604
   3         0.000000000         0.000948102        -0.000682490
   4         0.000000000         0.000178279        -0.000504680
   5         0.000469678        -0.000148776         0.000158827
   6        -0.000469678        -0.000148776         0.000158827

 Nuclear force contribution to virial =         0.005600104
 Reading points 1 to 2 from record 700.2,  wavefunction type=CCSD            

 Making model hessian for Z-matrix coordinates
 BFGS update of hessian using  1 points

 Entering Rational Function Geometry Optimization

 Optimization point 2

 Variable                      Last           Current        Next           Gradient       Hessian

 E(CCSD) / Hartree        -115.54475041  -115.54493737  -115.54494808
 RCO / ANGSTROM              1.42960000     1.42558908     1.42469517     0.00149938     2.12348394
 ROH / ANGSTROM              0.95887000     0.95653563     0.95593340     0.00120118     2.51237315
 ACOH / DEGREE             107.98120000   108.19442146   108.61502457    -0.00003092     0.00007233
 RCH1 / ANGSTROM             1.09229400     1.09146004     1.09111760     0.00063081     1.71935235
 AOCH1 / DEGREE            110.66460000   112.22139750   112.02055986     0.00001506     0.00007370
 RCH2 / ANGSTROM             1.09229400     1.09129865     1.09083642     0.00074458     1.71899185
 AOCH2 / DEGREE            110.66460000   109.32104143   109.43312663    -0.00001133     0.00007584
 AHH2 / DEGREE             120.00000000   120.39618688   120.38044264    -0.00000397     0.00005260
 RCH3 / ANGSTROM             1.09229400     1.09129865     1.09083642     0.00074458     1.71899185
 AOCH3 / DEGREE            110.66460000   109.32104143   109.43312663    -0.00001133     0.00007584
 AHH3 / DEGREE             240.00000000   239.60381312   239.61955736     0.00000397     0.00005260
 Convergence:                0.00000000  (line search)     0.00894842     0.00250699  (total)

 Geometry written to block  3 of record 700

 Running procedure: RUNCCSD


 Recomputing integrals since geometry changed


 PROGRAM * SEWARD (Integral evaluation for generally contracted gaussian basis sets)     Author: Roland Lindh, 1990

 Geometry written to block  3 of record 700

 Orientation using atomic masses  
 Molecule type: Asymmetric top
 Symmetry elements: X
 Rotational constants:      23.8103733     24.6745201    128.9710869 GHz  (calculated with average atomic masses)

 Point group  Cs  



 ATOMIC COORDINATES

 NR  ATOM    CHARGE       X              Y              Z

   1  C       6.00    0.000000000    0.022836569   -1.380477995
   2  O       8.00    0.000000000   -0.123300647    1.307836588
   3  H       1.00    0.000000000    1.554823121    1.976544748
   4  H1      1.00    0.000000000    1.973477572   -2.048674579
   5  H2      1.00    1.677015747   -0.921616891   -2.118666270
   6  H3      1.00   -1.677015747   -0.921616891   -2.118666270

 Bond lengths in Bohr (Angstrom)

 1-2  2.692283674  1-4  2.061913432  1-5  2.061382080  1-6  2.061382080  2-3  1.806452319
     ( 1.424695166)     ( 1.091117599)     ( 1.090836420)     ( 1.090836420)     ( 0.955933400)

 Bond angles

  1-2-3  108.61502457   2-1-4  112.02055986   2-1-5  109.43312663   2-1-6  109.43312663

  4-1-5  108.50519950   4-1-6  108.50519950   5-1-6  108.88641177

 NUCLEAR CHARGE:                   18
 NUMBER OF PRIMITIVE AOS:         242
 NUMBER OF SYMMETRY AOS:          216
 NUMBER OF CONTRACTIONS:          184   (  115A'  +   69A"  )
 NUMBER OF INNER CORE ORBITALS:     0   (    0A'  +    0A"  )
 NUMBER OF OUTER CORE ORBITALS:     2   (    2A'  +    0A"  )
 NUMBER OF VALENCE ORBITALS:       12   (    9A'  +    3A"  )


 NUCLEAR REPULSION ENERGY   40.27843572

 Eigenvalues of metric

         1 0.615E-04 0.723E-04 0.213E-03 0.418E-03 0.448E-03 0.776E-03 0.104E-02 0.152E-02
         2 0.971E-04 0.796E-03 0.193E-02 0.293E-02 0.475E-02 0.517E-02 0.650E-02 0.769E-02


 Contracted 2-electron integrals neglected if value below      1.0D-11
 AO integral compression algorithm  1   Integral accuracy      1.0D-11

     385.614 MB (compressed) written to integral file ( 53.5%)


 NUMBER OF SORTED TWO-ELECTRON INTEGRALS:   73489255.     BUFFER LENGTH:  32768
 NUMBER OF SEGMENTS:   5  SEGMENT LENGTH:   15997996      RECORD LENGTH: 524288

 Memory used in sort:      16.56 MW

 SORT1 READ    90126720. AND WROTE    72736684. INTEGRALS IN    210 RECORDS. CPU TIME:     0.75 SEC, REAL TIME:     1.05 SEC
 SORT2 READ    72736684. AND WROTE    73489255. INTEGRALS IN   1471 RECORDS. CPU TIME:     0.81 SEC, REAL TIME:     1.04 SEC

 FILE SIZES:   FILE 1:   416.6 MBYTE,  FILE 4:   880.8 MBYTE,   TOTAL:   1297.4 MBYTE

 OPERATOR DM      FOR CENTER  0  COORDINATES:    0.000000    0.000000    0.000000

 Program * Restricted Hartree-Fock

 Molecular orbitals read from record     2101.2  Type=RHF/CANONICAL (state 1.1)

 NELEC=   18   SYM=1   MS2= 0   THRE=1.0D-09   THRD=1.0D-07   THRG=1.0D-07  HFMA2=F  DIIS_START=2   DIIS_MAX=10   DIIS_INCORE=F

 Level shifts:    0.00 (CLOSED)    0.00 (OPEN)    0.30 (GAP_MIN)

 ITER           ETOT              DE          GRAD        DDIFF     DIIS  NEXP   TIME(IT)  TIME(TOT)  DIAG
   1     -115.09054904    -115.09054904     0.00D+00     0.65D-01     0     0       1.39      1.39    start
   2     -115.09055807      -0.00000902     0.10D-03     0.11D-03     1     0       1.28      2.67    diag
   3     -115.09055878      -0.00000071     0.25D-04     0.26D-04     2     0       1.27      3.94    diag
   4     -115.09055888      -0.00000010     0.11D-04     0.82D-05     3     0       1.28      5.22    diag
   5     -115.09055889      -0.00000002     0.29D-05     0.31D-05     4     0       1.27      6.49    diag
   6     -115.09055889      -0.00000000     0.87D-06     0.11D-05     5     0       1.28      7.77    diag
   7     -115.09055889      -0.00000000     0.24D-06     0.36D-06     6     0       1.29      9.06    diag
   8     -115.09055889      -0.00000000     0.68D-07     0.84D-07     7     0       1.30     10.36    fixocc
   9     -115.09055889      -0.00000000     0.16D-07     0.17D-07     0     0       1.26     11.62    diag

 Final occupancy:   7   2

 !RHF STATE 1.1 Energy               -115.090558893875
  RHF One-electron energy            -236.795382880419
  RHF Two-electron energy              81.426388263074
  RHF Kinetic energy                  114.919813011347
  RHF Nuclear energy                   40.278435723471
  RHF Virial quotient                  -1.001485782808

 !RHF STATE 1.1 Dipole moment           0.00000000     0.61340793    -0.39632253
 Dipole moment /Debye                   0.00000000     1.55912744    -1.00735140

 Orbital energies:

           1.1          2.1          3.1          4.1          5.1          6.1          7.1          8.1          9.1
    -20.557292   -11.271793    -1.356362    -0.926339    -0.691883    -0.594410    -0.504182     0.028131     0.042856

           1.2          2.2          3.2          4.2
     -0.619007    -0.450036     0.050396     0.121324


 HOMO      2.2    -0.450036 =     -12.2461eV
 LUMO      8.1     0.028131 =       0.7655eV
 LUMO-HOMO         0.478167 =      13.0116eV

 Orbitals saved in record  2101.2


 **********************************************************************************************************************************
 DATASETS  * FILE   NREC   LENGTH (MB)   RECORD NAMES
              1      19      336.38       500      610      700      900      950      970     1000      129      960     1100   
                                          VAR    BASINP    GEOM    SYMINP    ZMAT    AOBASIS   BASIS     P2S    ABASIS      S 
                                         1400     1410     1200     1210     1080     1600     1650     1300     1700   
                                           T        V       H0       H01     AOSYM     SMH    MOLCAS    ERIS     OPER   

              2       8        2.35       700     1000      520     2100      200     2101     8500     9001   
                                         GEOM     BASIS   MCVARS     RHF    OPTIONS    RHF     CPHF    DEN_MP2    

 PROGRAMS   *        TOTAL    HF-SCF    HF-SCF       INT
 CPU TIMES  *      1270.23     25.69     14.35     14.20
 REAL TIME  *       195.76 SEC
 DISK USED  *         1.21 GB
 **********************************************************************************************************************************


 PROGRAM * CCSD (Closed-shell coupled cluster)     Authors: C. Hampel, H.-J. Werner, 1991, M. Deegan, P.J. Knowles, 1992


 Convergence thresholds:  THRVAR = 1.00D-12  THRDEN = 1.00D-08

 Using ITF CCSD gradient implementation

 Number of core orbitals:           2 (   2   0 )
 Number of closed-shell orbitals:   7 (   5   2 )
 Number of external orbitals:     175 ( 108  67 )

 Molecular orbitals read from record     2101.2  Type=RHF/CANONICAL (state 1.1)

 Integral transformation finished. Total CPU:   9.14 sec, npass=  1  Memory used:   8.42 MW
  Reference energy                   -115.090558893875

  MP2 correlation energy               -0.436846328844
  MP2 total energy                   -115.527405222719

 ITER.      SQ.NORM     CORR.ENERGY   TOTAL ENERGY   ENERGY CHANGE        DEN1      VAR(S)    VAR(P)  DIIS     TIME
   1      1.12047140    -0.45330872  -115.54386761    -0.01646239    -0.00558940  1.70e-03  1.94e-03  1  1    19.89
   2      1.12849177    -0.45429455  -115.54485345    -0.00098584    -0.00937194  4.23e-05  2.71e-04  2  2    35.72
   3      1.13089655    -0.45441339  -115.54497228    -0.00011883    -0.00141007  4.49e-06  3.51e-05  3  3    58.44
   4      1.13215669    -0.45441649  -115.54497539    -0.00000311    -0.00092628  1.47e-07  3.40e-06  4  4    88.64
   5      1.13246195    -0.45439567  -115.54495457     0.00002082    -0.00019169  1.88e-08  3.25e-07  5  5   104.85
   6      1.13254255    -0.45439320  -115.54495210     0.00000247    -0.00004940  3.90e-10  1.48e-08  6  0   124.34
   7      1.13255094    -0.45439202  -115.54495092     0.00000118    -0.00000625  6.43e-11  1.06e-09  6  1   145.31
   8      1.13255118    -0.45439188  -115.54495078     0.00000014    -0.00000047  4.31e-12  1.06e-10  6  2   162.92
   9      1.13255111    -0.45439186  -115.54495076     0.00000002     0.00000001  1.93e-13  1.13e-11  6  3   186.33
  10      1.13255117    -0.45439186  -115.54495075     0.00000000    -0.00000004  3.00e-14  7.72e-13         208.60

 Norm of t1 vector:      0.05296799     S-energy:      0.00000000   T1 diagnostic:  0.01001001

 Time per iteration:                     20.86 sec

 RESULTS
 =======

  Reference energy                   -115.090558893875
  CCSD correlation energy              -0.454391858042
 !CCSD total energy                  -115.544950751917

 Starting CP-CCSD iterations.   Author: W. Gyorffy (2012)

 ITER.      NRM1           NRM2      VAR(S)+VAR(P)   DIIS    TIME
   1     0.00165517     0.38350128     5.31e-04      1  1   16.07
   2     0.00150129     0.37966127     3.90e-05      2  2   32.91
   3     0.00139366     0.37917556     4.89e-06      3  3   54.96
   4     0.00134163     0.37877666     9.47e-07      4  4   73.78
   5     0.00131255     0.37867923     1.02e-07      5  5   92.29
   6     0.00130135     0.37864400     1.05e-08      6  0  118.28
   7     0.00129828     0.37863965     1.20e-09      6  1  139.92
   8     0.00129749     0.37863828     1.47e-10      6  2  159.37
   9     0.00129734     0.37863816     1.85e-11      6  3  178.34
  10     0.00129731     0.37863811     2.27e-12      6  4  197.25
  11     0.00129731     0.37863811     2.83e-13            212.60


 Time per iteration:                     19.33 sec


 CPHF trial vector read from record  8500.2

 Starting Coupled-perturbed Hartree-Fock, convergence threshold= 1.0D-06

 ITER   MIC  DIIS      VAR         VARC       CPU
   1     0     1    0.18D-02    0.18D-03     1.42
   2     3     2    0.77D-05    0.38D-05     2.69
   3     2     3    0.27D-06    0.11D-06     3.90

 CPHF convergence reached in  3 macroiterations and    5 microiterations.   Accuracy: 2.6912D-07

 CPHF solution written to record  8500.2

 Dipole moments (unrelaxed):            0.00000000     0.57740591    -0.37105512
 Orbital relaxation contribution:      -0.00000000     0.00417415    -0.00300495
 !CCSD STATE 1.1 Dipole moment          0.00000000     0.58158007    -0.37406007
 Dipole moment /Debye                   0.00000000     1.47822908    -0.95076586

 CPU-time for coupled-perturbed hartree-fock:          3.92 sec

 Number of N-1 electron functions:               7
 Number of N-2 electron functions:              28
 Number of singly external CSFs:               674
 Number of doubly external CSFs:            379551
 Total number of CSFs:                      380226

 CCSD gradient info saved on record        55555.1




 **********************************************************************************************************************************
 DATASETS  * FILE   NREC   LENGTH (MB)   RECORD NAMES
              1      21      455.49       500      610      700      900      950      970     1000      129      960     1100   
                                          VAR    BASINP    GEOM    SYMINP    ZMAT    AOBASIS   BASIS     P2S    ABASIS      S 
                                         1400     1410     1200     1210     1080     1600     1650     1300     1700     1380   
                                           T        V       H0       H01     AOSYM     SMH    MOLCAS    ERIS     OPER     JKOP   
                                        55555   
                                         CCSD   

              2       8        2.35       700     1000      520     2100      200     2101     8500     9001   
                                         GEOM     BASIS   MCVARS     RHF    OPTIONS    RHF     CPHF    DEN_MP2    

 PROGRAMS   *        TOTAL      CCSD    HF-SCF       INT
 CPU TIMES  *      1812.93    542.69     14.35     14.20
 REAL TIME  *       263.28 SEC
 DISK USED  *         1.21 GB
 **********************************************************************************************************************************

 Current geometry (xyz format, in Angstrom)


 Dump information in style XYZ to ch3oh_maxima_mp2_2.xyz                                                          

    6
 CCSD/AUG-CC-PVTZ  OPTSTEP=2  ENERGY=-115.54495075
 C          0.0000000000        0.0120845917       -0.7305174952
 O          0.0000000000       -0.0652478924        0.6920773178
 H          0.0000000000        0.8227769624        1.0459424368
 H          0.0000000000        1.0443193576       -1.0841118997
 H          0.8874385156       -0.4876986558       -1.1211499074
 H         -0.8874385156       -0.4876986558       -1.1211499074

 **********************************************************************************************************************************

 PROGRESS OF GEOMETRY OPTIMIZATION.    TOTAL CPU:      1784.3 SEC
   1  -115.54475041  -115.54493737    -0.00018696  0.00534821  0.01040066  0.00313592  0.02717124  0.04509969  0.00409997
   2  -115.54493737  -115.54495075    -0.00001338  0.00177167  0.00250699  0.00075589  0.00734091  0.00894842  0.00081349

 **********************************************************************************************************************************

 Current geometry (xyz format, in Angstrom)


 Dump information in style XYZ to ch3oh_maxima_mp2.xyz                                                            

    6
 CCSD/AUG-CC-PVTZ  ENERGY=-115.54495075
 C          0.0000000000        0.0120845917       -0.7305174952
 O          0.0000000000       -0.0652478924        0.6920773178
 H          0.0000000000        0.8227769624        1.0459424368
 H          0.0000000000        1.0443193576       -1.0841118997
 H          0.8874385156       -0.4876986558       -1.1211499074
 H         -0.8874385156       -0.4876986558       -1.1211499074

 **********************************************************************************************************************************

 Current variables
 RCO=                 1.42469517 ANGSTROM
 ROH=                 0.95593340 ANGSTROM
 ACOH=              108.61502457 DEGREE
 RCH1=                1.09111760 ANGSTROM
 AOCH1=             112.02055986 DEGREE
 RCH2=                1.09083642 ANGSTROM
 AOCH2=             109.43312663 DEGREE
 AHH2=              120.38044264 DEGREE
 RCH3=                1.09083642 ANGSTROM
 AOCH3=             109.43312663 DEGREE
 AHH3=              239.61955736 DEGREE

 **********************************************************************************************************************************

 PROGRAM * ALASKA (Gradient of the energy)     Author: R. Lindh


 CCSD Gradient info restored from record   55555.1

 Number of core orbitals:           2 (   2   0 )
 Number of closed-shell orbitals:   7 (   5   2 )
 Number of external orbitals:     175 ( 108  67 )

 Integral thresholds in T2TRAN:            1.0D-10 (PROD)

 Available memory for Transformation: 497363197 words
 Memory needed for incore algorithm:    5963754 words
 Minimum memory needed:                 2459558 words

 Memory used for transformation:           9.04 MW
 Available memory for gradients:         490.32 MW

 CPU for transformation:                  57.15 sec
 CPU for integrals and gradient:          69.19 sec
 Total CPU:                              126.34 sec

 Prescreening statistics:
 ========================

 Total number of shell quadruplets:        1.18D+04
 Number of shell quadruplets processed:    1.18D+04 (100.00%)

 CCSD GRADIENT FOR STATE 1.1

 Atom          dE/dx               dE/dy               dE/dz

   1         0.000000000         0.000280187        -0.000681046
   2         0.000000000        -0.000496409         0.000778013
   3         0.000000000         0.000237949        -0.000168665
   4         0.000000000         0.000072623        -0.000025931
   5         0.000099699        -0.000047175         0.000048815
   6        -0.000099699        -0.000047175         0.000048815

 Nuclear force contribution to virial =         0.002472833
 Reading points 1 to 3 from record 700.2,  wavefunction type=CCSD            

 Making model hessian for Z-matrix coordinates
 BFGS update of hessian using  2 points

 Entering Rational Function Geometry Optimization

 Optimization point 3

 Variable                      Last           Current        Next           Gradient       Hessian

 E(CCSD) / Hartree        -115.54493737  -115.54495075  -115.54495210
 RCO / ANGSTROM              1.42558908     1.42469517     1.42383797     0.00117631     2.02826308
 ROH / ANGSTROM              0.95653563     0.95593340     0.95569547     0.00029973     2.49890780
 ACOH / DEGREE             108.19442146   108.61502457   108.78584724    -0.00000772     0.00006123
 RCH1 / ANGSTROM             1.09146004     1.09111760     1.09098413     0.00014571     1.71739607
 AOCH1 / DEGREE            112.22139750   112.02055986   112.01877301     0.00000004     0.00007731
 RCH2 / ANGSTROM             1.09129865     1.09083642     1.09067328     0.00016109     1.71670716
 AOCH2 / DEGREE            109.32104143   109.43312663   109.47019530    -0.00000304     0.00007423
 AHH2 / DEGREE             120.39618688   120.38044264   120.38052017    -0.00000041     0.00005268
 RCH3 / ANGSTROM             1.09129865     1.09083642     1.09067328     0.00016109     1.71670716
 AOCH3 / DEGREE            109.32104143   109.43312663   109.47019530    -0.00000304     0.00007423
 AHH3 / DEGREE             239.60381312   239.61955736   239.61947983     0.00000041     0.00005268
 Convergence:                0.00000000  (line search)     0.00357866     0.00083089  (total)

 Geometry written to block  4 of record 700

 Running procedure: RUNCCSD


 Recomputing integrals since geometry changed


 PROGRAM * SEWARD (Integral evaluation for generally contracted gaussian basis sets)     Author: Roland Lindh, 1990

 Geometry written to block  4 of record 700

 Orientation using atomic masses  
 Molecule type: Asymmetric top
 Symmetry elements: X
 Rotational constants:      23.8279367     24.6914153    129.1040314 GHz  (calculated with average atomic masses)

 Point group  Cs  



 ATOMIC COORDINATES

 NR  ATOM    CHARGE       X              Y              Z

   1  C       6.00    0.000000000    0.022995307   -1.379702206
   2  O       8.00    0.000000000   -0.123345355    1.306979052
   3  H       1.00    0.000000000    1.552287011    1.980701460
   4  H1      1.00    0.000000000    1.973490973   -2.047544698
   5  H2      1.00    1.676380529   -0.920946490   -2.119125879
   6  H3      1.00   -1.676380529   -0.920946490   -2.119125879

 Bond lengths in Bohr (Angstrom)

 1-2  2.690663817  1-4  2.061661208  1-5  2.061073789  1-6  2.061073789  2-3  1.806002688
     ( 1.423837974)     ( 1.090984128)     ( 1.090673279)     ( 1.090673279)     ( 0.955695465)

 Bond angles

  1-2-3  108.78584724   2-1-4  112.01877301   2-1-5  109.47019530   2-1-6  109.47019530

  4-1-5  108.48625841   4-1-6  108.48625841   5-1-6  108.84966665

 NUCLEAR CHARGE:                   18
 NUMBER OF PRIMITIVE AOS:         242
 NUMBER OF SYMMETRY AOS:          216
 NUMBER OF CONTRACTIONS:          184   (  115A'  +   69A"  )
 NUMBER OF INNER CORE ORBITALS:     0   (    0A'  +    0A"  )
 NUMBER OF OUTER CORE ORBITALS:     2   (    2A'  +    0A"  )
 NUMBER OF VALENCE ORBITALS:       12   (    9A'  +    3A"  )


 NUCLEAR REPULSION ENERGY   40.29220549

 Eigenvalues of metric

         1 0.615E-04 0.722E-04 0.212E-03 0.418E-03 0.447E-03 0.775E-03 0.104E-02 0.152E-02
         2 0.970E-04 0.795E-03 0.193E-02 0.292E-02 0.474E-02 0.517E-02 0.649E-02 0.768E-02


 Contracted 2-electron integrals neglected if value below      1.0D-11
 AO integral compression algorithm  1   Integral accuracy      1.0D-11

     385.614 MB (compressed) written to integral file ( 53.5%)


 NUMBER OF SORTED TWO-ELECTRON INTEGRALS:   73489255.     BUFFER LENGTH:  32768
 NUMBER OF SEGMENTS:   5  SEGMENT LENGTH:   15997996      RECORD LENGTH: 524288

 Memory used in sort:      16.56 MW

 SORT1 READ    90126720. AND WROTE    72736631. INTEGRALS IN    210 RECORDS. CPU TIME:     0.73 SEC, REAL TIME:     1.07 SEC
 SORT2 READ    72736631. AND WROTE    73489255. INTEGRALS IN   1471 RECORDS. CPU TIME:     0.81 SEC, REAL TIME:     1.05 SEC

 FILE SIZES:   FILE 1:   416.6 MBYTE,  FILE 4:   880.8 MBYTE,   TOTAL:   1297.4 MBYTE

 OPERATOR DM      FOR CENTER  0  COORDINATES:    0.000000    0.000000    0.000000

 Program * Restricted Hartree-Fock

 Molecular orbitals read from record     2101.2  Type=RHF/CANONICAL (state 1.1)

 NELEC=   18   SYM=1   MS2= 0   THRE=1.0D-09   THRD=1.0D-07   THRG=1.0D-07  HFMA2=F  DIIS_START=2   DIIS_MAX=10   DIIS_INCORE=F

 Level shifts:    0.00 (CLOSED)    0.00 (OPEN)    0.30 (GAP_MIN)

 ITER           ETOT              DE          GRAD        DDIFF     DIIS  NEXP   TIME(IT)  TIME(TOT)  DIAG
   1     -115.09060749    -115.09060749     0.00D+00     0.65D-01     0     0       1.35      1.36    start
   2     -115.09060894      -0.00000145     0.42D-04     0.46D-04     1     0       1.30      2.66    diag
   3     -115.09060905      -0.00000011     0.96D-05     0.10D-04     2     0       1.29      3.95    diag
   4     -115.09060906      -0.00000001     0.38D-05     0.29D-05     3     0       1.28      5.23    diag
   5     -115.09060906      -0.00000000     0.10D-05     0.10D-05     4     0       1.28      6.51    diag
   6     -115.09060906      -0.00000000     0.32D-06     0.32D-06     5     0       1.27      7.78    diag
   7     -115.09060906      -0.00000000     0.88D-07     0.13D-06     6     0       1.34      9.12    diag
   8     -115.09060906      -0.00000000     0.23D-07     0.31D-07     7     0       1.30     10.42    fixocc
   9     -115.09060906       0.00000000     0.52D-08     0.60D-08     0     0       1.48     11.90    diag

 Final occupancy:   7   2

 !RHF STATE 1.1 Energy               -115.090609063612
  RHF One-electron energy            -236.822097922102
  RHF Two-electron energy              81.439283364855
  RHF Kinetic energy                  114.922081081257
  RHF Nuclear energy                   40.292205493635
  RHF Virial quotient                  -1.001466454321

 !RHF STATE 1.1 Dipole moment           0.00000000     0.61313609    -0.39374486
 Dipole moment /Debye                   0.00000000     1.55843651    -1.00079960

 Orbital energies:

           1.1          2.1          3.1          4.1          5.1          6.1          7.1          8.1          9.1
    -20.557214   -11.271661    -1.356599    -0.926459    -0.692099    -0.594760    -0.503941     0.028140     0.042852

           1.2          2.2          3.2          4.2
     -0.619082    -0.449951     0.050406     0.121332


 HOMO      2.2    -0.449951 =     -12.2438eV
 LUMO      8.1     0.028140 =       0.7657eV
 LUMO-HOMO         0.478090 =      13.0095eV

 Orbitals saved in record  2101.2


 **********************************************************************************************************************************
 DATASETS  * FILE   NREC   LENGTH (MB)   RECORD NAMES
              1      19      336.38       500      610      700      900      950      970     1000      129      960     1100   
                                          VAR    BASINP    GEOM    SYMINP    ZMAT    AOBASIS   BASIS     P2S    ABASIS      S 
                                         1400     1410     1200     1210     1080     1600     1650     1300     1700   
                                           T        V       H0       H01     AOSYM     SMH    MOLCAS    ERIS     OPER   

              2       8        2.35       700     1000      520     2100      200     2101     8500     9001   
                                         GEOM     BASIS   MCVARS     RHF    OPTIONS    RHF     CPHF    DEN_MP2    

 PROGRAMS   *        TOTAL    HF-SCF    HF-SCF       INT
 CPU TIMES  *      1966.52     25.99     14.35     14.20
 REAL TIME  *       293.71 SEC
 DISK USED  *         1.21 GB
 **********************************************************************************************************************************


 PROGRAM * CCSD (Closed-shell coupled cluster)     Authors: C. Hampel, H.-J. Werner, 1991, M. Deegan, P.J. Knowles, 1992


 Convergence thresholds:  THRVAR = 1.00D-12  THRDEN = 1.00D-08

 Using ITF CCSD gradient implementation

 Number of core orbitals:           2 (   2   0 )
 Number of closed-shell orbitals:   7 (   5   2 )
 Number of external orbitals:     175 ( 108  67 )

 Molecular orbitals read from record     2101.2  Type=RHF/CANONICAL (state 1.1)

 Integral transformation finished. Total CPU:   9.35 sec, npass=  1  Memory used:   8.42 MW
  Reference energy                   -115.090609063612

  MP2 correlation energy               -0.436792332719
  MP2 total energy                   -115.527401396331

 ITER.      SQ.NORM     CORR.ENERGY   TOTAL ENERGY   ENERGY CHANGE        DEN1      VAR(S)    VAR(P)  DIIS     TIME
   1      1.12042057    -0.45326010  -115.54386917    -0.01646777    -0.00560480  1.70e-03  1.94e-03  1  1    16.04
   2      1.12843214    -0.45424608  -115.54485514    -0.00098597    -0.00936379  4.21e-05  2.71e-04  2  2    32.21
   3      1.13083436    -0.45436473  -115.54497380    -0.00011865    -0.00140991  4.48e-06  3.50e-05  3  3    47.20
   4      1.13209208    -0.45436778  -115.54497684    -0.00000304    -0.00092500  1.47e-07  3.39e-06  4  4    62.83
   5      1.13239657    -0.45434700  -115.54495607     0.00002078    -0.00019134  1.87e-08  3.24e-07  5  5    77.84
   6      1.13247692    -0.45434454  -115.54495360     0.00000246    -0.00004929  3.88e-10  1.47e-08  6  0    92.79
   7      1.13248529    -0.45434336  -115.54495243     0.00000118    -0.00000623  6.39e-11  1.05e-09  6  1   108.69
   8      1.13248553    -0.45434322  -115.54495228     0.00000014    -0.00000047  4.29e-12  1.05e-10  6  2   123.99
   9      1.13248546    -0.45434320  -115.54495226     0.00000002     0.00000001  1.92e-13  1.13e-11  6  3   139.67
  10      1.13248552    -0.45434320  -115.54495226     0.00000000    -0.00000004  2.99e-14  7.69e-13         155.60

 Norm of t1 vector:      0.05292917     S-energy:      0.00000000   T1 diagnostic:  0.01000267

 Time per iteration:                     15.56 sec

 RESULTS
 =======

  Reference energy                   -115.090609063612
  CCSD correlation energy              -0.454343196202
 !CCSD total energy                  -115.544952259814

 Starting CP-CCSD iterations.   Author: W. Gyorffy (2012)

 ITER.      NRM1           NRM2      VAR(S)+VAR(P)   DIIS    TIME
   1     0.00165305     0.38339361     5.30e-04      1  1   15.71
   2     0.00149933     0.37955883     3.89e-05      2  2   32.17
   3     0.00139188     0.37907325     4.88e-06      3  3   48.54
   4     0.00133993     0.37867496     9.44e-07      4  4   65.47
   5     0.00131091     0.37857764     1.02e-07      5  5   81.53
   6     0.00129973     0.37854246     1.05e-08      6  0   97.43
   7     0.00129667     0.37853812     1.20e-09      6  1  113.27
   8     0.00129588     0.37853675     1.47e-10      6  2  129.12
   9     0.00129573     0.37853663     1.84e-11      6  3  145.22
  10     0.00129570     0.37853658     2.27e-12      6  4  161.27
  11     0.00129570     0.37853658     2.83e-13            178.26


 Time per iteration:                     16.21 sec


 CPHF trial vector read from record  8500.2

 Starting Coupled-perturbed Hartree-Fock, convergence threshold= 1.0D-06

 ITER   MIC  DIIS      VAR         VARC       CPU
   1     0     1    0.41D-03    0.68D-04     1.28
   2     3     2    0.33D-05    0.12D-05     2.52
   3     1     3    0.22D-06    0.33D-07     3.75

 CPHF convergence reached in  3 macroiterations and    4 microiterations.   Accuracy: 2.2191D-07

 CPHF solution written to record  8500.2

 Dipole moments (unrelaxed):            0.00000000     0.57724150    -0.36877757
 Orbital relaxation contribution:      -0.00000000     0.00415872    -0.00297770
 !CCSD STATE 1.1 Dipole moment          0.00000000     0.58140022    -0.37175527
 Dipole moment /Debye                   0.00000000     1.47777196    -0.94490766

 CPU-time for coupled-perturbed hartree-fock:          3.80 sec

 Number of N-1 electron functions:               7
 Number of N-2 electron functions:              28
 Number of singly external CSFs:               674
 Number of doubly external CSFs:            379551
 Total number of CSFs:                      380226

 CCSD gradient info saved on record        55555.1




 **********************************************************************************************************************************
 DATASETS  * FILE   NREC   LENGTH (MB)   RECORD NAMES
              1      21      455.49       500      610      700      900      950      970     1000      129      960     1100   
                                          VAR    BASINP    GEOM    SYMINP    ZMAT    AOBASIS   BASIS     P2S    ABASIS      S 
                                         1400     1410     1200     1210     1080     1600     1650     1300     1700     1380   
                                           T        V       H0       H01     AOSYM     SMH    MOLCAS    ERIS     OPER     JKOP   
                                        55555   
                                         CCSD   

              2       8        2.35       700     1000      520     2100      200     2101     8500     9001   
                                         GEOM     BASIS   MCVARS     RHF    OPTIONS    RHF     CPHF    DEN_MP2    

 PROGRAMS   *        TOTAL      CCSD    HF-SCF       INT
 CPU TIMES  *      2423.36    456.83     14.35     14.20
 REAL TIME  *       354.82 SEC
 DISK USED  *         1.21 GB
 **********************************************************************************************************************************

 Current geometry (xyz format, in Angstrom)


 Dump information in style XYZ to ch3oh_maxima_mp2_3.xyz                                                          

    6
 CCSD/AUG-CC-PVTZ  OPTSTEP=3  ENERGY=-115.54495226
 C          0.0000000000        0.0121685923       -0.7301069655
 O          0.0000000000       -0.0652715512        0.6916235297
 H          0.0000000000        0.8214349110        1.0481420744
 H          0.0000000000        1.0443264489       -1.0835139926
 H          0.8871023729       -0.4873438950       -1.1213931222
 H         -0.8871023729       -0.4873438950       -1.1213931222

 **********************************************************************************************************************************

 PROGRESS OF GEOMETRY OPTIMIZATION.    TOTAL CPU:      2394.7 SEC
   1  -115.54475041  -115.54493737    -0.00018696  0.00534821  0.01040066  0.00313592  0.02717124  0.04509969  0.00409997
   2  -115.54493737  -115.54495075    -0.00001338  0.00177167  0.00250699  0.00075589  0.00734091  0.00894842  0.00081349
   3  -115.54495075  -115.54495226    -0.00000151  0.00062248  0.00083089  0.00025052  0.00298142  0.00357866  0.00032533

 **********************************************************************************************************************************

 Current geometry (xyz format, in Angstrom)


 Dump information in style XYZ to ch3oh_maxima_mp2.xyz                                                            

    6
 CCSD/AUG-CC-PVTZ  ENERGY=-115.54495226
 C          0.0000000000        0.0121685923       -0.7301069655
 O          0.0000000000       -0.0652715512        0.6916235297
 H          0.0000000000        0.8214349110        1.0481420744
 H          0.0000000000        1.0443264489       -1.0835139926
 H          0.8871023729       -0.4873438950       -1.1213931222
 H         -0.8871023729       -0.4873438950       -1.1213931222

 **********************************************************************************************************************************

 Current variables
 RCO=                 1.42383797 ANGSTROM
 ROH=                 0.95569547 ANGSTROM
 ACOH=              108.78584724 DEGREE
 RCH1=                1.09098413 ANGSTROM
 AOCH1=             112.01877301 DEGREE
 RCH2=                1.09067328 ANGSTROM
 AOCH2=             109.47019530 DEGREE
 AHH2=              120.38052017 DEGREE
 RCH3=                1.09067328 ANGSTROM
 AOCH3=             109.47019530 DEGREE
 AHH3=              239.61947983 DEGREE

 **********************************************************************************************************************************

 PROGRAM * ALASKA (Gradient of the energy)     Author: R. Lindh


 CCSD Gradient info restored from record   55555.1

 Number of core orbitals:           2 (   2   0 )
 Number of closed-shell orbitals:   7 (   5   2 )
 Number of external orbitals:     175 ( 108  67 )

 Integral thresholds in T2TRAN:            1.0D-10 (PROD)

 Available memory for Transformation: 497363197 words
 Memory needed for incore algorithm:    5963754 words
 Minimum memory needed:                 2459558 words

 Memory used for transformation:           9.04 MW
 Available memory for gradients:         490.32 MW

 CPU for transformation:                  56.53 sec
 CPU for integrals and gradient:          67.64 sec
 Total CPU:                              124.17 sec

 Prescreening statistics:
 ========================

 Total number of shell quadruplets:        1.18D+04
 Number of shell quadruplets processed:    1.18D+04 (100.00%)

 CCSD GRADIENT FOR STATE 1.1

 Atom          dE/dx               dE/dy               dE/dz

   1         0.000000000         0.000001905        -0.000367860
   2         0.000000000         0.000043866         0.000267246
   3         0.000000000        -0.000040955         0.000003823
   4         0.000000000        -0.000028748         0.000036770
   5        -0.000036400         0.000011966         0.000030011
   6         0.000036400         0.000011966         0.000030011

 Nuclear force contribution to virial =         0.000392160
 Reading points 1 to 4 from record 700.2,  wavefunction type=CCSD            

 Making model hessian for Z-matrix coordinates
 BFGS update of hessian using  3 points

 Entering Rational Function Geometry Optimization

 Optimization point 4

 Variable                      Last           Current        Next           Gradient       Hessian

 E(CCSD) / Hartree        -115.54495075  -115.54495226  -115.54495236
 RCO / ANGSTROM              1.42469517     1.42383797     1.42350566     0.00051119     1.70369265
 ROH / ANGSTROM              0.95593340     0.95569547     0.95570290    -0.00006911     2.52451872
 ACOH / DEGREE             108.61502457   108.78584724   108.79667944     0.00000059     0.00006827
 RCH1 / ANGSTROM             1.09111760     1.09098413     1.09101854    -0.00007390     1.73062447
 AOCH1 / DEGREE            112.02055986   112.01877301   112.02817953    -0.00000092     0.00007781
 RCH2 / ANGSTROM             1.09083642     1.09067328     1.09071271    -0.00008665     1.73387195
 AOCH2 / DEGREE            109.43312663   109.47019530   109.48013874    -0.00000054     0.00007355
 AHH2 / DEGREE             120.38044264   120.38052017   120.37911985     0.00000023     0.00005278
 RCH3 / ANGSTROM             1.09083642     1.09067328     1.09071271    -0.00008665     1.73387195
 AOCH3 / DEGREE            109.43312663   109.47019530   109.48013874    -0.00000054     0.00007355
 AHH3 / DEGREE             239.61955736   239.61947983   239.62088015    -0.00000023     0.00005278
 Convergence:                0.00000000  (line search)     0.00073076     0.00029391  (total)

 Geometry written to block  5 of record 700

 Running procedure: RUNCCSD


 Recomputing integrals since geometry changed


 PROGRAM * SEWARD (Integral evaluation for generally contracted gaussian basis sets)     Author: Roland Lindh, 1990

 Geometry written to block  5 of record 700

 Orientation using atomic masses  
 Molecule type: Asymmetric top
 Symmetry elements: X
 Rotational constants:      23.8354475     24.6992198    129.1134305 GHz  (calculated with average atomic masses)

 Point group  Cs  



 ATOMIC COORDINATES

 NR  ATOM    CHARGE       X              Y              Z

   1  C       6.00    0.000000000    0.023001071   -1.379345854
   2  O       8.00    0.000000000   -0.123352464    1.306705798
   3  H       1.00    0.000000000    1.552153730    1.980779562
   4  H1      1.00    0.000000000    1.973460287   -2.047495486
   5  H2      1.00    1.676362275   -0.920842427   -2.119144016
   6  H3      1.00   -1.676362275   -0.920842427   -2.119144016

 Bond lengths in Bohr (Angstrom)

 1-2  2.690035842  1-4  2.061726240  1-5  2.061148307  1-6  2.061148307  2-3  1.806016735
     ( 1.423505664)     ( 1.091018541)     ( 1.090712712)     ( 1.090712712)     ( 0.955702899)

 Bond angles

  1-2-3  108.79667944   2-1-4  112.02817953   2-1-5  109.48013874   2-1-6  109.48013874

  4-1-5  108.47496139   4-1-6  108.47496139   5-1-6  108.84213045

 NUCLEAR CHARGE:                   18
 NUMBER OF PRIMITIVE AOS:         242
 NUMBER OF SYMMETRY AOS:          216
 NUMBER OF CONTRACTIONS:          184   (  115A'  +   69A"  )
 NUMBER OF INNER CORE ORBITALS:     0   (    0A'  +    0A"  )
 NUMBER OF OUTER CORE ORBITALS:     2   (    2A'  +    0A"  )
 NUMBER OF VALENCE ORBITALS:       12   (    9A'  +    3A"  )


 NUCLEAR REPULSION ENERGY   40.29661139

 Eigenvalues of metric

         1 0.615E-04 0.722E-04 0.212E-03 0.418E-03 0.447E-03 0.775E-03 0.104E-02 0.152E-02
         2 0.970E-04 0.795E-03 0.193E-02 0.292E-02 0.474E-02 0.517E-02 0.649E-02 0.768E-02


 Contracted 2-electron integrals neglected if value below      1.0D-11
 AO integral compression algorithm  1   Integral accuracy      1.0D-11

     385.614 MB (compressed) written to integral file ( 53.5%)


 NUMBER OF SORTED TWO-ELECTRON INTEGRALS:   73489255.     BUFFER LENGTH:  32768
 NUMBER OF SEGMENTS:   5  SEGMENT LENGTH:   15997996      RECORD LENGTH: 524288

 Memory used in sort:      16.56 MW

 SORT1 READ    90126720. AND WROTE    72736620. INTEGRALS IN    210 RECORDS. CPU TIME:     0.75 SEC, REAL TIME:     1.07 SEC
 SORT2 READ    72736620. AND WROTE    73489255. INTEGRALS IN   1471 RECORDS. CPU TIME:     0.82 SEC, REAL TIME:     1.05 SEC

 FILE SIZES:   FILE 1:   416.6 MBYTE,  FILE 4:   880.8 MBYTE,   TOTAL:   1297.4 MBYTE

 OPERATOR DM      FOR CENTER  0  COORDINATES:    0.000000    0.000000    0.000000

 Program * Restricted Hartree-Fock

 Molecular orbitals read from record     2101.2  Type=RHF/CANONICAL (state 1.1)

 NELEC=   18   SYM=1   MS2= 0   THRE=1.0D-09   THRD=1.0D-07   THRG=1.0D-07  HFMA2=F  DIIS_START=2   DIIS_MAX=10   DIIS_INCORE=F

 Level shifts:    0.00 (CLOSED)    0.00 (OPEN)    0.30 (GAP_MIN)

 ITER           ETOT              DE          GRAD        DDIFF     DIIS  NEXP   TIME(IT)  TIME(TOT)  DIAG
   1     -115.09061650    -115.09061650     0.00D+00     0.65D-01     0     0       1.37      1.37    start
   2     -115.09061655      -0.00000005     0.72D-05     0.85D-05     1     0       1.28      2.65    diag
   3     -115.09061655      -0.00000000     0.15D-05     0.20D-05     2     0       1.30      3.95    diag
   4     -115.09061655      -0.00000000     0.29D-06     0.38D-06     3     0       1.29      5.24    diag
   5     -115.09061655      -0.00000000     0.76D-07     0.11D-06     4     0       1.29      6.53    diag
   6     -115.09061655      -0.00000000     0.25D-07     0.32D-07     5     0       1.28      7.81    diag
   7     -115.09061655      -0.00000000     0.71D-08     0.73D-08     0     0       1.29      9.10    diag

 Final occupancy:   7   2

 !RHF STATE 1.1 Energy               -115.090616553237
  RHF One-electron energy            -236.830542396141
  RHF Two-electron energy              81.443314455285
  RHF Kinetic energy                  114.922493430404
  RHF Nuclear energy                   40.296611387618
  RHF Virial quotient                  -1.001462926167

 !RHF STATE 1.1 Dipole moment           0.00000000     0.61316733    -0.39311375
 Dipole moment /Debye                   0.00000000     1.55851591    -0.99919550

 Orbital energies:

           1.1          2.1          3.1          4.1          5.1          6.1          7.1          8.1          9.1
    -20.557225   -11.271640    -1.356714    -0.926444    -0.692174    -0.594837    -0.503893     0.028140     0.042852

           1.2          2.2          3.2          4.2
     -0.619112    -0.449920     0.050409     0.121330


 HOMO      2.2    -0.449920 =     -12.2429eV
 LUMO      8.1     0.028140 =       0.7657eV
 LUMO-HOMO         0.478059 =      13.0087eV

 Orbitals saved in record  2101.2


 **********************************************************************************************************************************
 DATASETS  * FILE   NREC   LENGTH (MB)   RECORD NAMES
              1      19      336.38       500      610      700      900      950      970     1000      129      960     1100   
                                          VAR    BASINP    GEOM    SYMINP    ZMAT    AOBASIS   BASIS     P2S    ABASIS      S 
                                         1400     1410     1200     1210     1080     1600     1650     1300     1700   
                                           T        V       H0       H01     AOSYM     SMH    MOLCAS    ERIS     OPER   

              2       8        2.35       700     1000      520     2100      200     2101     8500     9001   
                                         GEOM     BASIS   MCVARS     RHF    OPTIONS    RHF     CPHF    DEN_MP2    

 PROGRAMS   *        TOTAL    HF-SCF    HF-SCF       INT
 CPU TIMES  *      2572.06     23.29     14.35     14.20
 REAL TIME  *       384.10 SEC
 DISK USED  *         1.21 GB
 **********************************************************************************************************************************


 PROGRAM * CCSD (Closed-shell coupled cluster)     Authors: C. Hampel, H.-J. Werner, 1991, M. Deegan, P.J. Knowles, 1992


 Convergence thresholds:  THRVAR = 1.00D-12  THRDEN = 1.00D-08

 Using ITF CCSD gradient implementation

 Number of core orbitals:           2 (   2   0 )
 Number of closed-shell orbitals:   7 (   5   2 )
 Number of external orbitals:     175 ( 108  67 )

 Molecular orbitals read from record     2101.2  Type=RHF/CANONICAL (state 1.1)

 Integral transformation finished. Total CPU:   9.20 sec, npass=  1  Memory used:   8.42 MW
  Reference energy                   -115.090616553237

  MP2 correlation energy               -0.436783508751
  MP2 total energy                   -115.527400061989

 ITER.      SQ.NORM     CORR.ENERGY   TOTAL ENERGY   ENERGY CHANGE        DEN1      VAR(S)    VAR(P)  DIIS     TIME
   1      1.12041178    -0.45325251  -115.54386906    -0.01646900    -0.00560816  1.70e-03  1.94e-03  1  1    15.40
   2      1.12842170    -0.45423869  -115.54485525    -0.00098618    -0.00936213  4.21e-05  2.71e-04  2  2    31.42
   3      1.13082346    -0.45435737  -115.54497393    -0.00011868    -0.00140996  4.48e-06  3.50e-05  3  3    46.49
   4      1.13208074    -0.45436040  -115.54497696    -0.00000303    -0.00092480  1.47e-07  3.39e-06  4  4    62.46
   5      1.13238510    -0.45433964  -115.54495619     0.00002076    -0.00019128  1.87e-08  3.24e-07  5  5    77.70
   6      1.13246539    -0.45433718  -115.54495373     0.00000246    -0.00004926  3.88e-10  1.47e-08  6  0    93.02
   7      1.13247376    -0.45433600  -115.54495255     0.00000118    -0.00000623  6.39e-11  1.05e-09  6  1   108.61
   8      1.13247400    -0.45433586  -115.54495241     0.00000014    -0.00000047  4.29e-12  1.05e-10  6  2   124.28
   9      1.13247393    -0.45433584  -115.54495239     0.00000002     0.00000001  1.92e-13  1.13e-11  6  3   140.37
  10      1.13247399    -0.45433583  -115.54495239     0.00000000    -0.00000004  2.99e-14  7.69e-13         155.14

 Norm of t1 vector:      0.05291904     S-energy:      0.00000000   T1 diagnostic:  0.01000076

 Time per iteration:                     15.52 sec

 RESULTS
 =======

  Reference energy                   -115.090616553237
  CCSD correlation energy              -0.454335834860
 !CCSD total energy                  -115.544952388097

 Starting CP-CCSD iterations.   Author: W. Gyorffy (2012)

 ITER.      NRM1           NRM2      VAR(S)+VAR(P)   DIIS    TIME
   1     0.00165258     0.38337385     5.30e-04      1  1   15.95
   2     0.00149889     0.37954069     3.88e-05      2  2   32.17
   3     0.00139150     0.37905512     4.87e-06      3  3   48.36
   4     0.00133957     0.37865702     9.43e-07      4  4   64.93
   5     0.00131057     0.37855975     1.01e-07      5  5   80.94
   6     0.00129941     0.37852459     1.05e-08      6  0   96.95
   7     0.00129635     0.37852024     1.20e-09      6  1  112.97
   8     0.00129556     0.37851888     1.47e-10      6  2  129.19
   9     0.00129541     0.37851876     1.84e-11      6  3  146.22
  10     0.00129538     0.37851872     2.27e-12      6  4  162.44
  11     0.00129538     0.37851871     2.83e-13            178.19


 Time per iteration:                     16.20 sec


 CPHF trial vector read from record  8500.2

 Starting Coupled-perturbed Hartree-Fock, convergence threshold= 1.0D-06

 ITER   MIC  DIIS      VAR         VARC       CPU
   1     0     1    0.76D-04    0.98D-05     1.23
   2     2     2    0.49D-06    0.21D-06     2.49

 CPHF convergence reached in  2 macroiterations and    2 microiterations.   Accuracy: 4.8842D-07

 CPHF solution written to record  8500.2

 Dipole moments (unrelaxed):            0.00000000     0.57728479    -0.36823224
 Orbital relaxation contribution:      -0.00000000     0.00415689    -0.00297060
 !CCSD STATE 1.1 Dipole moment          0.00000000     0.58144168    -0.37120285
 Dipole moment /Debye                   0.00000000     1.47787733    -0.94350353

 CPU-time for coupled-perturbed hartree-fock:          2.52 sec

 Number of N-1 electron functions:               7
 Number of N-2 electron functions:              28
 Number of singly external CSFs:               674
 Number of doubly external CSFs:            379551
 Total number of CSFs:                      380226

 CCSD gradient info saved on record        55555.1




 **********************************************************************************************************************************
 DATASETS  * FILE   NREC   LENGTH (MB)   RECORD NAMES
              1      21      455.49       500      610      700      900      950      970     1000      129      960     1100   
                                          VAR    BASINP    GEOM    SYMINP    ZMAT    AOBASIS   BASIS     P2S    ABASIS      S 
                                         1400     1410     1200     1210     1080     1600     1650     1300     1700     1380   
                                           T        V       H0       H01     AOSYM     SMH    MOLCAS    ERIS     OPER     JKOP   
                                        55555   
                                         CCSD   

              2       8        2.35       700     1000      520     2100      200     2101     8500     9001   
                                         GEOM     BASIS   MCVARS     RHF    OPTIONS    RHF     CPHF    DEN_MP2    

 PROGRAMS   *        TOTAL      CCSD    HF-SCF       INT
 CPU TIMES  *      3028.28    456.23     14.35     14.20
 REAL TIME  *       444.48 SEC
 DISK USED  *         1.21 GB
 **********************************************************************************************************************************

 Current geometry (xyz format, in Angstrom)


 Dump information in style XYZ to ch3oh_maxima_mp2_4.xyz                                                          

    6
 CCSD/AUG-CC-PVTZ  OPTSTEP=4  ENERGY=-115.54495239
 C          0.0000000000        0.0121716424       -0.7299183918
 O          0.0000000000       -0.0652753131        0.6914789295
 H          0.0000000000        0.8213643817        1.0481834040
 H          0.0000000000        1.0443102106       -1.0834879508
 H          0.8870927130       -0.4872888271       -1.1214027197
 H         -0.8870927130       -0.4872888271       -1.1214027197

 **********************************************************************************************************************************

 PROGRESS OF GEOMETRY OPTIMIZATION.    TOTAL CPU:      2999.6 SEC
   1  -115.54475041  -115.54493737    -0.00018696  0.00534821  0.01040066  0.00313592  0.02717124  0.04509969  0.00409997
   2  -115.54493737  -115.54495075    -0.00001338  0.00177167  0.00250699  0.00075589  0.00734091  0.00894842  0.00081349
   3  -115.54495075  -115.54495226    -0.00000151  0.00062248  0.00083089  0.00025052  0.00298142  0.00357866  0.00032533
   4  -115.54495226  -115.54495239    -0.00000013  0.00027051  0.00029391  0.00008862  0.00062797  0.00073076  0.00006643

 **********************************************************************************************************************************

 Current geometry (xyz format, in Angstrom)


 Dump information in style XYZ to ch3oh_maxima_mp2.xyz                                                            

    6
 CCSD/AUG-CC-PVTZ  ENERGY=-115.54495239
 C          0.0000000000        0.0121716424       -0.7299183918
 O          0.0000000000       -0.0652753131        0.6914789295
 H          0.0000000000        0.8213643817        1.0481834040
 H          0.0000000000        1.0443102106       -1.0834879508
 H          0.8870927130       -0.4872888271       -1.1214027197
 H         -0.8870927130       -0.4872888271       -1.1214027197

 **********************************************************************************************************************************

 Current variables
 RCO=                 1.42350566 ANGSTROM
 ROH=                 0.95570290 ANGSTROM
 ACOH=              108.79667944 DEGREE
 RCH1=                1.09101854 ANGSTROM
 AOCH1=             112.02817953 DEGREE
 RCH2=                1.09071271 ANGSTROM
 AOCH2=             109.48013874 DEGREE
 AHH2=              120.37911985 DEGREE
 RCH3=                1.09071271 ANGSTROM
 AOCH3=             109.48013874 DEGREE
 AHH3=              239.62088015 DEGREE

 **********************************************************************************************************************************

 Recomputing wavefunction for reoriented structure

 Running procedure: RUNCCSD


 Program * Restricted Hartree-Fock

 Molecular orbitals read from record     2101.2  Type=RHF/CANONICAL (state 1.1)

 NELEC=   18   SYM=1   MS2= 0   THRE=1.0D-10   THRD=1.0D-07   THRG=1.0D-07  HFMA2=F  DIIS_START=2   DIIS_MAX=10   DIIS_INCORE=F

 Level shifts:    0.00 (CLOSED)    0.00 (OPEN)    0.30 (GAP_MIN)

 ITER           ETOT              DE          GRAD        DDIFF     DIIS  NEXP   TIME(IT)  TIME(TOT)  DIAG
   1     -115.09061655    -115.09061655     0.00D+00     0.65D-01     0     0       1.35      1.36    start
   2     -115.09061655      -0.00000000     0.34D-08     0.36D-08     1     0       1.46      2.82    diag

 Final occupancy:   7   2

 !RHF STATE 1.1 Energy               -115.090616553237
  RHF One-electron energy            -236.830542800492
  RHF Two-electron energy              81.443314859636
  RHF Kinetic energy                  114.922493719400
  RHF Nuclear energy                   40.296611387618
  RHF Virial quotient                  -1.001462923649

 !RHF STATE 1.1 Dipole moment           0.00000000     0.61316742    -0.39311384
 Dipole moment /Debye                   0.00000000     1.55851612    -0.99919571

 Orbital energies:

           1.1          2.1          3.1          4.1          5.1          6.1          7.1          8.1          9.1
    -20.557225   -11.271640    -1.356714    -0.926444    -0.692174    -0.594837    -0.503893     0.028140     0.042852

           1.2          2.2          3.2          4.2
     -0.619112    -0.449920     0.050409     0.121330


 HOMO      2.2    -0.449920 =     -12.2429eV
 LUMO      8.1     0.028140 =       0.7657eV
 LUMO-HOMO         0.478059 =      13.0087eV

 Orbitals saved in record  2101.2


 **********************************************************************************************************************************
 DATASETS  * FILE   NREC   LENGTH (MB)   RECORD NAMES
              1      21      455.49       500      610      700      900      950      970     1000      129      960     1100   
                                          VAR    BASINP    GEOM    SYMINP    ZMAT    AOBASIS   BASIS     P2S    ABASIS      S 
                                         1400     1410     1200     1210     1080     1600     1650     1300     1700     1380   
                                           T        V       H0       H01     AOSYM     SMH    MOLCAS    ERIS     OPER     JKOP   
                                        55555   
                                         CCSD   

              2       8        2.35       700     1000      520     2100      200     2101     8500     9001   
                                         GEOM     BASIS   MCVARS     RHF    OPTIONS    RHF     CPHF    DEN_MP2    

 PROGRAMS   *        TOTAL    HF-SCF    HF-SCF       INT
 CPU TIMES  *      3031.14      2.85     14.35     14.20
 REAL TIME  *       445.36 SEC
 DISK USED  *         1.21 GB
 **********************************************************************************************************************************


 PROGRAM * CCSD (Closed-shell coupled cluster)     Authors: C. Hampel, H.-J. Werner, 1991, M. Deegan, P.J. Knowles, 1992


 Convergence thresholds:  THRVAR = 1.00D-12  THRDEN = 1.00D-08

 Number of core orbitals:           2 (   2   0 )
 Number of closed-shell orbitals:   7 (   5   2 )
 Number of external orbitals:     175 ( 108  67 )

 Molecular orbitals read from record     2101.2  Type=RHF/CANONICAL (state 1.1)

 Number of N-1 electron functions:               7
 Number of N-2 electron functions:              28
 Number of singly external CSFs:               674
 Number of doubly external CSFs:            379551
 Total number of CSFs:                      380226

 Length of J-op  integral file:               0.00 MB
 Length of K-op  integral file:               1.27 MB
 Length of 3-ext integral record:             0.00 MB

 Integral transformation finished. Total CPU:   9.26 sec, npass=  1  Memory used:   8.42 MW

 Reference energy:                   -115.09061655

 MP2 singlet pair energy:              -0.28678870
 MP2 triplet pair energy:              -0.14999482
 MP2 correlation energy:               -0.43678352
 MP2 total energy:                   -115.52740007

 SCS-MP2 correlation energy:           -0.43747655   (PS=  1.200000  PT=  0.333333)
 SCS-MP2 total energy:               -115.52809310

 ITER.      SQ.NORM     CORR.ENERGY   TOTAL ENERGY   ENERGY CHANGE        DEN1      VAR(S)    VAR(P)  DIIS     TIME  TIME/IT
   1      1.12029194    -0.45317075  -115.54378730    -0.01638723    -0.00561516  0.16D-02  0.19D-02  1  1    74.74     5.63
   2      1.12857190    -0.45426489  -115.54488144    -0.00109414    -0.00965363  0.20D-04  0.25D-03  2  2   135.88     5.60
   3      1.13144678    -0.45435470  -115.54497125    -0.00008981    -0.00185050  0.17D-04  0.11D-04  3  3   196.15     5.57
   4      1.13223237    -0.45433961  -115.54495616     0.00001509    -0.00036776  0.10D-05  0.13D-05  4  4   258.33     5.59
   5      1.13240771    -0.45434105  -115.54495760    -0.00000144    -0.00005368  0.27D-06  0.10D-06  5  5   318.97     5.57
   6      1.13245869    -0.45433698  -115.54495353     0.00000407    -0.00001040  0.40D-07  0.10D-07  6  6   381.54     5.59
   7      1.13247016    -0.45433598  -115.54495253     0.00000099    -0.00000155  0.50D-08  0.23D-08  6  2   439.84     5.55
   8      1.13247296    -0.45433589  -115.54495244     0.00000009     0.00000002  0.81D-09  0.28D-09  6  1   503.35     5.57
   9      1.13247407    -0.45433581  -115.54495236     0.00000008     0.00000019  0.69D-10  0.31D-10  6  3   566.11     5.59
  10      1.13247424    -0.45433581  -115.54495236    -0.00000000     0.00000001  0.11D-10  0.41D-11  6  4   630.88     5.61
  11      1.13247408    -0.45433583  -115.54495238    -0.00000002     0.00000011  0.16D-11  0.71D-12  6  6   688.22     5.58
  12      1.13247404    -0.45433583  -115.54495238    -0.00000000     0.00000002  0.24D-12  0.70D-13  6  5   754.39     5.61
  13      1.13247401    -0.45433584  -115.54495239    -0.00000000     0.00000001  0.30D-13  0.11D-13  6  1   818.29     5.63

 Norm of t1 vector:      0.05291918      S-energy:     0.00000000      T1 diagnostic:  0.01000078
                                                                       D1 diagnostic:  0.02384203
                                                                       D2 diagnostic:  0.13812433 (internal)


 RESULTS
 =======

  Reference energy                   -115.090616553237
  CCSD singlet pair energy             -0.318176443885
  CCSD triplet pair energy             -0.136159392435
  CCSD correlation energy              -0.454335835122

 !CCSD total energy                  -115.544952388360

 Timing summary (sec):

 STEP                 CPU(USER)    SYS     CPU(TOT)    WALL
 Transformation         12.46      0.18     12.64      1.66
 CCSD iterations       806.28     24.81    831.09     73.24

 Program statistics:

 Available memory in ccsd:               499998890
 Min. memory needed in ccsd:               1222254
 Max. memory used in ccsd:                 1536732
 Max. memory used in cckext:               2035678 (13 integral passes)



 **********************************************************************************************************************************
 DATASETS  * FILE   NREC   LENGTH (MB)   RECORD NAMES
              1      21      455.49       500      610      700      900      950      970     1000      129      960     1100   
                                          VAR    BASINP    GEOM    SYMINP    ZMAT    AOBASIS   BASIS     P2S    ABASIS      S 
                                         1400     1410     1200     1210     1080     1600     1650     1300     1700     1380   
                                           T        V       H0       H01     AOSYM     SMH    MOLCAS    ERIS     OPER     JKOP   
                                        55555   
                                         CCSD   

              2       8        2.35       700     1000      520     2100      200     2101     8500     9001   
                                         GEOM     BASIS   MCVARS     RHF    OPTIONS    RHF     CPHF    DEN_MP2    

 PROGRAMS   *        TOTAL      CCSD    HF-SCF       INT
 CPU TIMES  *      3849.94    818.79     14.35     14.20
 REAL TIME  *       520.31 SEC
 DISK USED  *         1.21 GB
 **********************************************************************************************************************************
