
 Working directory              : /tmp/asmola/molpro.Dge68WCBgP/
 Global scratch directory       : /tmp/asmola/molpro.Dge68WCBgP/
 Wavefunction directory         : /home/asmola/wfu/
 Main file repository           : /tmp/asmola/molpro.Dge68WCBgP/

 id        : uclcc

 Nodes                        nprocs
 vincent.theory.phys.ucl.ac.uk    1
 GA implementation: MPI file
 GA implementation (serial work in mppx): MPI file

 Using customized tuning parameters: mindgm=1; mindgv=20; mindgc=4; mindgr=1; noblas=0; minvec=7
 default implementation of scratch files=df  


 Variables initialized (1015), CPU time= 0.00 sec
 ***,Methanol Ground State Energy with CCSD and aug-cc-pVTZ
  memory,500,m;
 
  geometry={angstrom
  c
  o , 1, rco
  h , 2, roh, 1, acoh
  h1, 1, rch1, 2, aoch1  3  ahh1
  h2, 1, rch2, 2, aoch2, 3, ahh2
  h3, 1, rch3, 2, aoch3, 3, ahh3
  }
 
 rco=     1.50000000
 roh=     1.00000000
 rch1=    1.50000000
 rch2=    1.50000000
 rch3=    1.50000000
 acoh=  110.00000000
 aoch1= 115.00000000
 aoch2= 115.00000000
 aoch3= 115.00000000
 ahh1= -120.00000000
 ahh2=    0.00000000
 ahh3=  120.00000000
 
 
 basis=aug-cc-pVTZ
 
 hf
 ccsd
 runccsd = {hf;ccsd}
 
 {OPTG,procedure=runccsd,savexyz=CH3OH_maxima_mp2.xyz
 active,rco,roh,rch1,rch2,rch3,acoh,aoch1,aoch2,aoch3,ahh2,ahh3;
 END}
 
 xxx = "mmm"
 tau = (ahh1 + ahh2 + ahh3)/3
 table,xxx,rco,roh,rch1,rch2,rch3,acoh,aoch1,aoch2,aoch3,ahh1,ahh2,ahh3,tau
 DIGITS, 0, 8, 8, 8, 8, 8, 8, 8, 8, 8,  8,  8,  8, 8
 
 
  do i = -117.5, 240, 2.5
      rco=     1.50000000
      roh=     1.00000000
      rch1=    1.50000000
      rch2=    1.50000001
      rch3=    1.50000002
      acoh=  110.00000000
      aoch1= 115.00000000
      aoch2= 115.00000001
      aoch3= 115.00000002
      ahh1 = i
      ahh2 = i + 120
      ahh3 = i + 240
 
      geometry={angstrom
      c
      o , 1, rco
      h , 2, roh, 1, acoh
      h1, 1, rch1, 2, aoch1  3  ahh1
      h2, 1, rch2, 2, aoch2, 3, ahh2
      h3, 1, rch3, 2, aoch3, 3, ahh3
      }
 
      {OPTG,procedure=runccsd,savexyz=CH3OH_maxima_mp2.xyz
      active,rco,roh,rch1,rch2,rch3,acoh,aoch1,aoch2,aoch3,ahh2,ahh3;
      END}
 
      xxx = "mmm"
      tau = (ahh1 + ahh2 + ahh3)/3
      table,xxx,rco,roh,rch1,rch2,rch3,acoh,aoch1,aoch2,aoch3,ahh1,ahh2,ahh3,tau
      DIGITS, 0, 8, 8, 8, 8, 8, 8, 8, 8, 8,  8,  8,  8, 8
 
  enddo
 Commands initialized (818), CPU time= 0.01 sec, 672 directives.
 Default parameters read. Elapsed time= 0.06 sec

 Checking input...
 Passed
1


                                         ***  PROGRAM SYSTEM MOLPRO  ***
                                       Copyright, TTI GmbH Stuttgart, 2015
                                    Version 2022.1 linked Mar  3 2022 23:20:00


 **********************************************************************************************************************************
 LABEL *   Methanol Ground State Energy with CCSD and aug-cc-pVTZ                        
  (8 PROC) 64 bit serial version                                                         DATE: 26-Feb-25          TIME: 10:36:42  
 **********************************************************************************************************************************

 SHA1:             31073afc4d8441e10870424e0d77336a33bc4286
 **********************************************************************************************************************************

 Memory per process:       500 MW
 Total memory per node:    500 MW

 GA preallocation disabled
 GA check disabled

 Variable memory set to 500.0 MW

 SETTING RCO            =         1.50000000                                  
 SETTING ROH            =         1.00000000                                  
 SETTING RCH1           =         1.50000000                                  
 SETTING RCH2           =         1.50000000                                  
 SETTING RCH3           =         1.50000000                                  
 SETTING ACOH           =       110.00000000                                  
 SETTING AOCH1          =       115.00000000                                  
 SETTING AOCH2          =       115.00000000                                  
 SETTING AOCH3          =       115.00000000                                  
 SETTING AHH1           =      -120.00000000                                  
 SETTING AHH2           =      0.0000000D+00                                  
 SETTING AHH3           =       120.00000000                                  
 SETTING BASIS          =    AUG-CC-PVTZ


 Recomputing integrals since basis changed


 Using spherical harmonics

 Library entry C      S aug-cc-pVTZ          selected for orbital group  1
 Library entry C      P aug-cc-pVTZ          selected for orbital group  1
 Library entry C      D aug-cc-pVTZ          selected for orbital group  1
 Library entry C      F aug-cc-pVTZ          selected for orbital group  1
 Library entry O      S aug-cc-pVTZ          selected for orbital group  2
 Library entry O      P aug-cc-pVTZ          selected for orbital group  2
 Library entry O      D aug-cc-pVTZ          selected for orbital group  2
 Library entry O      F aug-cc-pVTZ          selected for orbital group  2
 Library entry H      S aug-cc-pVTZ          selected for orbital group  3
 Library entry H      P aug-cc-pVTZ          selected for orbital group  3
 Library entry H      D aug-cc-pVTZ          selected for orbital group  3


 PROGRAM * SEWARD (Integral evaluation for generally contracted gaussian basis sets)     Author: Roland Lindh, 1990

 Geometry written to block  1 of record 700

 Orientation using atomic masses  
 Molecule type: Asymmetric top
 Symmetry elements: X
 Rotational constants:      19.1393770     19.7418884     79.0358276 GHz  (calculated with average atomic masses)

 Point group  Cs  



 ATOMIC COORDINATES

 NR  ATOM    CHARGE       X              Y              Z

   1  C       6.00    0.000000000    0.020571051   -1.412779029
   2  O       8.00    0.000000000   -0.132718372    1.417662316
   3  H       1.00    0.000000000    1.605492812    2.159070913
   4  H1      1.00   -2.224828142   -1.197271556   -2.678438930
   5  H3      1.00    2.224828142   -1.197271556   -2.678438930
   6  H2      1.00    0.000000000    2.650604992   -2.470047833

 Bond lengths in Bohr (Angstrom)

 1-2  2.834589187  2-3  1.889726125
     ( 1.500000000)     ( 1.000000000)

 Bond angles

  1-2-3  110.00000000

 NUCLEAR CHARGE:                   18
 NUMBER OF PRIMITIVE AOS:         242
 NUMBER OF SYMMETRY AOS:          216
 NUMBER OF CONTRACTIONS:          184   (  115A'  +   69A"  )
 NUMBER OF INNER CORE ORBITALS:     0   (    0A'  +    0A"  )
 NUMBER OF OUTER CORE ORBITALS:     2   (    2A'  +    0A"  )
 NUMBER OF VALENCE ORBITALS:       12   (    9A'  +    3A"  )


 NUCLEAR REPULSION ENERGY   35.28947290

 Eigenvalues of metric

         1 0.251E-03 0.308E-03 0.413E-03 0.611E-03 0.710E-03 0.208E-02 0.248E-02 0.334E-02
         2 0.502E-03 0.346E-02 0.528E-02 0.644E-02 0.981E-02 0.109E-01 0.130E-01 0.193E-01


 Contracted 2-electron integrals neglected if value below      1.0D-11
 AO integral compression algorithm  1   Integral accuracy      1.0D-11

     368.574 MB (compressed) written to integral file ( 51.6%)


 NUMBER OF SORTED TWO-ELECTRON INTEGRALS:   73489255.     BUFFER LENGTH:  32768
 NUMBER OF SEGMENTS:   5  SEGMENT LENGTH:   15997996      RECORD LENGTH: 524288

 Memory used in sort:      16.56 MW

 SORT1 READ    89369882. AND WROTE    72396730. INTEGRALS IN    210 RECORDS. CPU TIME:     0.74 SEC, REAL TIME:     1.05 SEC
 SORT2 READ    72396730. AND WROTE    73489255. INTEGRALS IN   1406 RECORDS. CPU TIME:     0.83 SEC, REAL TIME:     1.10 SEC

 FILE SIZES:   FILE 1:   399.5 MBYTE,  FILE 4:   880.8 MBYTE,   TOTAL:   1280.3 MBYTE

 OPERATOR DM      FOR CENTER  0  COORDINATES:    0.000000    0.000000    0.000000


 **********************************************************************************************************************************
 DATASETS  * FILE   NREC   LENGTH (MB)   RECORD NAMES
              1      19      326.74       500      610      700      900      950      970     1000      129      960     1100   
                                          VAR    BASINP    GEOM    SYMINP    ZMAT    AOBASIS   BASIS     P2S    ABASIS      S 
                                         1400     1410     1200     1210     1080     1600     1650     1300     1700   
                                           T        V       H0       H01     AOSYM     SMH    MOLCAS    ERIS     OPER   

 PROGRAMS   *        TOTAL       INT
 CPU TIMES  *        17.53     17.41
 REAL TIME  *         6.90 SEC
 DISK USED  *         1.19 GB
 **********************************************************************************************************************************


 Program * Restricted Hartree-Fock

 Orbital guess generated from atomic densities. Full valence occupancy:   11   3

 Initial occupancy:   7   2

 NELEC=   18   SYM=1   MS2= 0   THRE=1.0D-08   THRD=1.0D-06   THRG=1.0D-06  HFMA2=F  DIIS_START=2   DIIS_MAX=10   DIIS_INCORE=F

 Level shifts:    0.00 (CLOSED)    0.00 (OPEN)    0.30 (GAP_MIN)

 ITER           ETOT              DE          GRAD        DDIFF     DIIS  NEXP   TIME(IT)  TIME(TOT)  DIAG
   1     -114.85168298    -114.85168298     0.00D+00     0.54D-01     0     0       1.47      2.75    start
   2     -114.88174606      -0.03006307     0.72D-02     0.72D-02     1     0       1.31      4.06    diag
   3     -114.89555655      -0.01381049     0.46D-02     0.30D-02     2     0       1.30      5.36    diag
   4     -114.89628002      -0.00072347     0.73D-03     0.64D-03     3     0       1.38      6.74    diag
   5     -114.89635471      -0.00007468     0.19D-03     0.23D-03     4     0       1.31      8.05    diag
   6     -114.89636115      -0.00000644     0.56D-04     0.74D-04     5     0       1.37      9.42    diag
   7     -114.89636229      -0.00000114     0.26D-04     0.29D-04     6     0       1.28     10.70    diag
   8     -114.89636242      -0.00000013     0.68D-05     0.11D-04     7     0       1.50     12.20    fixocc
   9     -114.89636242      -0.00000001     0.13D-05     0.23D-05     8     0       1.30     13.50    diag
  10     -114.89636242      -0.00000000     0.26D-06     0.37D-06     9     0       1.50     15.00    diag/orth
  11     -114.89636242      -0.00000000     0.68D-07     0.65D-07     0     0       1.30     16.30    diag

 Final occupancy:   7   2

 !RHF STATE 1.1 Energy               -114.896362421249
  RHF One-electron energy            -226.720135679189
  RHF Two-electron energy              76.534300354877
  RHF Kinetic energy                  113.552977631985
  RHF Nuclear energy                   35.289472903064
  RHF Virial quotient                  -1.011830467305

 !RHF STATE 1.1 Dipole moment           0.00000000     0.60047210    -0.21271453
 Dipole moment /Debye                   0.00000000     1.52624785    -0.54066640

 Orbital energies:

           1.1          2.1          3.1          4.1          5.1          6.1          7.1          8.1          9.1
    -20.596400   -11.402328    -1.346706    -0.838902    -0.659813    -0.561221    -0.440406     0.024391     0.038329

           1.2          2.2          3.2          4.2
     -0.563665    -0.416328     0.052911     0.118883


 HOMO      2.2    -0.416328 =     -11.3288eV
 LUMO      8.1     0.024391 =       0.6637eV
 LUMO-HOMO         0.440718 =      11.9925eV

 Orbitals saved in record  2100.2


 **********************************************************************************************************************************
 DATASETS  * FILE   NREC   LENGTH (MB)   RECORD NAMES
              1      19      326.74       500      610      700      900      950      970     1000      129      960     1100   
                                          VAR    BASINP    GEOM    SYMINP    ZMAT    AOBASIS   BASIS     P2S    ABASIS      S 
                                         1400     1410     1200     1210     1080     1600     1650     1300     1700   
                                           T        V       H0       H01     AOSYM     SMH    MOLCAS    ERIS     OPER   

              2       4        0.71       700     1000      520     2100   
                                         GEOM     BASIS   MCVARS     RHF  

 PROGRAMS   *        TOTAL    HF-SCF       INT
 CPU TIMES  *        33.87     16.35     17.41
 REAL TIME  *        13.92 SEC
 DISK USED  *         1.19 GB
 **********************************************************************************************************************************


 PROGRAM * CCSD (Closed-shell coupled cluster)     Authors: C. Hampel, H.-J. Werner, 1991, M. Deegan, P.J. Knowles, 1992


 Convergence thresholds:  THRVAR = 1.00D-12  THRDEN = 1.00D-08

 Using ITF CCSD gradient implementation

 Number of core orbitals:           2 (   2   0 )
 Number of closed-shell orbitals:   7 (   5   2 )
 Number of external orbitals:     175 ( 108  67 )

 Molecular orbitals read from record     2100.2  Type=RHF/CANONICAL  

 Integral transformation finished. Total CPU:   6.88 sec, npass=  1  Memory used:   8.42 MW
  Reference energy                   -114.896362421249

  MP2 correlation energy               -0.461498512378
  MP2 total energy                   -115.357860933626

 ITER.      SQ.NORM     CORR.ENERGY   TOTAL ENERGY   ENERGY CHANGE        DEN1      VAR(S)    VAR(P)  DIIS     TIME
   1      1.16181785    -0.47914129  -115.37550371    -0.01764277    -0.00041221  3.44e-03  3.96e-03  1  1    11.47
   2      1.17922265    -0.48115230  -115.37751472    -0.00201101    -0.01441229  1.52e-04  8.88e-04  2  2    19.11
   3      1.18591260    -0.48198378  -115.37834620    -0.00083148    -0.00232376  1.86e-05  1.97e-04  3  3    27.93
   4      1.19116116    -0.48210363  -115.37846605    -0.00011985    -0.00239357  2.54e-06  3.18e-05  4  4    36.52
   5      1.19319879    -0.48209107  -115.37845349     0.00001255    -0.00073612  1.56e-07  3.71e-06  5  5    44.26
   6      1.19391806    -0.48207147  -115.37843389     0.00001960    -0.00024253  9.24e-09  2.96e-07  6  0    52.00
   7      1.19402574    -0.48206553  -115.37842795     0.00000594    -0.00003659  4.78e-09  4.38e-08  6  1    59.80
   8      1.19404286    -0.48206330  -115.37842572     0.00000223    -0.00000556  9.67e-11  7.10e-09  6  2    67.62
   9      1.19404753    -0.48206309  -115.37842551     0.00000022    -0.00000120  5.99e-11  9.96e-10  6  3    75.60
  10      1.19405062    -0.48206301  -115.37842543     0.00000007    -0.00000082  2.19e-12  8.11e-11  6  4    83.69
  11      1.19405070    -0.48206299  -115.37842541     0.00000002    -0.00000003  2.93e-13  1.12e-11  6  5    91.44
  12      1.19405042    -0.48206300  -115.37842542    -0.00000001     0.00000006  7.51e-14  1.64e-12  6  0    99.23
  13      1.19405014    -0.48206300  -115.37842542     0.00000000     0.00000007  6.36e-15  2.00e-13         118.61

 Norm of t1 vector:      0.07580228     S-energy:     -0.00000002   T1 diagnostic:  0.01432528

 Time per iteration:                      9.12 sec

 RESULTS
 =======

  Reference energy                   -114.896362421249
  CCSD correlation energy              -0.482063000493
 !CCSD total energy                  -115.378425421742

 Starting CP-CCSD iterations.   Author: W. Gyorffy (2012)

 ITER.      NRM1           NRM2      VAR(S)+VAR(P)   DIIS    TIME
   1     0.00316788     0.44871287     1.86e-03      1  1   15.57
   2     0.00290146     0.44083308     1.24e-04      2  2   34.10
   3     0.00270594     0.43996295     1.63e-05      3  3   52.89
   4     0.00261549     0.43908691     3.12e-06      4  4   73.50
   5     0.00255246     0.43885172     3.98e-07      5  5   94.50
   6     0.00252675     0.43876202     4.94e-08      6  0  113.74
   7     0.00251804     0.43875362     6.47e-09      6  1  130.06
   8     0.00251509     0.43875216     1.04e-09      6  2  145.16
   9     0.00251409     0.43875284     1.59e-10      6  3  159.56
  10     0.00251388     0.43875337     2.18e-11      6  4  174.42
  11     0.00251385     0.43875347     2.96e-12      6  5  190.78
  12     0.00251384     0.43875348     4.63e-13            204.00


 Time per iteration:                     17.00 sec

 CPHF start vector      0.2 not found

 Starting Coupled-perturbed Hartree-Fock, convergence threshold= 1.0D-06

 ITER   MIC  DIIS      VAR         VARC       CPU
   1     0     1    0.11D-01    0.16D-02     1.68
   2     4     2    0.40D-03    0.89D-04     3.37
   3     4     3    0.88D-05    0.13D-05     4.99
   4     3     4    0.36D-06    0.68D-07     6.31

 CPHF convergence reached in  4 macroiterations and   11 microiterations.   Accuracy: 3.6116D-07

 CPHF solution written to record  8500.2

 Dipole moments (unrelaxed):            0.00000000     0.56955346    -0.20147134
 Orbital relaxation contribution:      -0.00000000     0.00383258    -0.00020965
 !CCSD STATE 1.1 Dipole moment          0.00000000     0.57338604    -0.20168100
 Dipole moment /Debye                   0.00000000     1.45740195    -0.51262196

 CPU-time for coupled-perturbed hartree-fock:          6.32 sec

 Number of N-1 electron functions:               7
 Number of N-2 electron functions:              28
 Number of singly external CSFs:               674
 Number of doubly external CSFs:            379551
 Total number of CSFs:                      380226

 CCSD gradient info saved on record        55555.1




 **********************************************************************************************************************************
 DATASETS  * FILE   NREC   LENGTH (MB)   RECORD NAMES
              1      21      445.84       500      610      700      900      950      970     1000      129      960     1100   
                                          VAR    BASINP    GEOM    SYMINP    ZMAT    AOBASIS   BASIS     P2S    ABASIS      S 
                                         1400     1410     1200     1210     1080     1600     1650     1300     1700     1380   
                                           T        V       H0       H01     AOSYM     SMH    MOLCAS    ERIS     OPER     JKOP   
                                        55555   
                                         CCSD   

              2       5        1.32       700     1000      520     2100     8500   
                                         GEOM     BASIS   MCVARS     RHF     CPHF   

 PROGRAMS   *        TOTAL      CCSD    HF-SCF       INT
 CPU TIMES  *       469.89    436.01     16.35     17.41
 REAL TIME  *        88.25 SEC
 DISK USED  *         1.19 GB
 **********************************************************************************************************************************


 PROGRAM * OPT (Geometry optimization)     Authors: F. Eckert and H.-J. Werner


 BFGS update of hessian

 Geometry optimization using procedure=RUNCCSD

 Running procedure: RUNCCSD


 Program * Restricted Hartree-Fock

 Molecular orbitals read from record     2100.2  Type=RHF/CANONICAL  

 NELEC=   18   SYM=1   MS2= 0   THRE=1.0D-09   THRD=1.0D-06   THRG=1.0D-06  HFMA2=F  DIIS_START=2   DIIS_MAX=10   DIIS_INCORE=F

 Level shifts:    0.00 (CLOSED)    0.00 (OPEN)    0.30 (GAP_MIN)

 ITER           ETOT              DE          GRAD        DDIFF     DIIS  NEXP   TIME(IT)  TIME(TOT)  DIAG
   1     -114.89636242    -114.89636242     0.00D+00     0.56D-01     0     0       1.73      1.96    start
   2     -114.89636242      -0.00000000     0.32D-07     0.32D-07     1     0       1.64      3.60    diag

 Final occupancy:   7   2

 !RHF STATE 1.1 Energy               -114.896362421251
  RHF One-electron energy            -226.720134218150
  RHF Two-electron energy              76.534298893835
  RHF Kinetic energy                  113.552975551853
  RHF Nuclear energy                   35.289472903064
  RHF Virial quotient                  -1.011830485840

 !RHF STATE 1.1 Dipole moment           0.00000000     0.60047142    -0.21271380
 Dipole moment /Debye                   0.00000000     1.52624612    -0.54066456

 Orbital energies:

           1.1          2.1          3.1          4.1          5.1          6.1          7.1          8.1          9.1
    -20.596399   -11.402328    -1.346706    -0.838902    -0.659813    -0.561220    -0.440406     0.024391     0.038329

           1.2          2.2          3.2          4.2
     -0.563665    -0.416328     0.052911     0.118883


 HOMO      2.2    -0.416328 =     -11.3289eV
 LUMO      8.1     0.024391 =       0.6637eV
 LUMO-HOMO         0.440718 =      11.9926eV

 Orbitals saved in record  2100.2


 **********************************************************************************************************************************
 DATASETS  * FILE   NREC   LENGTH (MB)   RECORD NAMES
              1      21      445.84       500      610      700      900      950      970     1000      129      960     1100   
                                          VAR    BASINP    GEOM    SYMINP    ZMAT    AOBASIS   BASIS     P2S    ABASIS      S 
                                         1400     1410     1200     1210     1080     1600     1650     1300     1700     1380   
                                           T        V       H0       H01     AOSYM     SMH    MOLCAS    ERIS     OPER     JKOP   
                                        55555   
                                         CCSD   

              2       6        1.47       700     1000      520     2100     8500      200   
                                         GEOM     BASIS   MCVARS     RHF     CPHF    OPTIONS    

 PROGRAMS   *        TOTAL    HF-SCF      CCSD    HF-SCF       INT
 CPU TIMES  *       473.61      3.71    436.01     16.35     17.41
 REAL TIME  *        89.38 SEC
 DISK USED  *         1.19 GB
 **********************************************************************************************************************************


 PROGRAM * CCSD (Closed-shell coupled cluster)     Authors: C. Hampel, H.-J. Werner, 1991, M. Deegan, P.J. Knowles, 1992


 Convergence thresholds:  THRVAR = 1.00D-12  THRDEN = 1.00D-08

 Using ITF CCSD gradient implementation

 Number of core orbitals:           2 (   2   0 )
 Number of closed-shell orbitals:   7 (   5   2 )
 Number of external orbitals:     175 ( 108  67 )

 Molecular orbitals read from record     2100.2  Type=RHF/CANONICAL (state 1.1)

 Integral transformation finished. Total CPU:   9.68 sec, npass=  1  Memory used:   8.42 MW
  Reference energy                   -114.896362421251

  MP2 correlation energy               -0.461498528863
  MP2 total energy                   -115.357860950114

 ITER.      SQ.NORM     CORR.ENERGY   TOTAL ENERGY   ENERGY CHANGE        DEN1      VAR(S)    VAR(P)  DIIS     TIME
   1      1.16181780    -0.47914128  -115.37550370    -0.01764275    -0.00041219  3.44e-03  3.96e-03  1  1     8.66
   2      1.17922259    -0.48115229  -115.37751471    -0.00201100    -0.01441229  1.52e-04  8.88e-04  2  2    17.36
   3      1.18591253    -0.48198377  -115.37834619    -0.00083148    -0.00232376  1.86e-05  1.97e-04  3  3    32.75
   4      1.19116108    -0.48210362  -115.37846604    -0.00011985    -0.00239357  2.54e-06  3.18e-05  4  4    41.23
   5      1.19319871    -0.48209106  -115.37845349     0.00001255    -0.00073613  1.56e-07  3.71e-06  5  5    49.67
   6      1.19391798    -0.48207146  -115.37843388     0.00001960    -0.00024253  9.24e-09  2.96e-07  6  0    58.23
   7      1.19402565    -0.48206552  -115.37842794     0.00000594    -0.00003659  4.78e-09  4.38e-08  6  1    73.22
   8      1.19404278    -0.48206329  -115.37842572     0.00000223    -0.00000556  9.67e-11  7.10e-09  6  2    81.41
   9      1.19404745    -0.48206308  -115.37842550     0.00000022    -0.00000120  5.99e-11  9.96e-10  6  3    89.23
  10      1.19405054    -0.48206301  -115.37842543     0.00000007    -0.00000082  2.19e-12  8.11e-11  6  4    97.61
  11      1.19405062    -0.48206298  -115.37842541     0.00000002    -0.00000003  2.93e-13  1.12e-11  6  5   105.76
  12      1.19405034    -0.48206299  -115.37842542    -0.00000001     0.00000006  7.51e-14  1.64e-12  6  0   114.24
  13      1.19405006    -0.48206299  -115.37842541     0.00000000     0.00000007  6.36e-15  2.00e-13         123.28

 Norm of t1 vector:      0.07580175     S-energy:      0.00000001   T1 diagnostic:  0.01432518

 Time per iteration:                      9.48 sec

 RESULTS
 =======

  Reference energy                   -114.896362421251
  CCSD correlation energy              -0.482062993408
 !CCSD total energy                  -115.378425414659

 Starting CP-CCSD iterations.   Author: W. Gyorffy (2012)

 ITER.      NRM1           NRM2      VAR(S)+VAR(P)   DIIS    TIME
   1     0.00316784     0.44871283     1.86e-03      1  1   25.61
   2     0.00290142     0.44083306     1.24e-04      2  2   34.76
   3     0.00270591     0.43996293     1.63e-05      3  3   44.08
   4     0.00261546     0.43908690     3.12e-06      4  4   53.24
   5     0.00255243     0.43885171     3.98e-07      5  5   68.38
   6     0.00252672     0.43876201     4.94e-08      6  0   78.14
   7     0.00251801     0.43875360     6.47e-09      6  1   87.13
   8     0.00251506     0.43875214     1.04e-09      6  2   96.12
   9     0.00251406     0.43875283     1.59e-10      6  3  110.73
  10     0.00251385     0.43875336     2.18e-11      6  4  121.84
  11     0.00251382     0.43875346     2.96e-12      6  5  130.26
  12     0.00251381     0.43875346     4.63e-13            139.47


 Time per iteration:                     11.62 sec


 CPHF trial vector read from record  8500.2

 Starting Coupled-perturbed Hartree-Fock, convergence threshold= 1.0D-06

 ITER   MIC  DIIS      VAR         VARC       CPU
   1     0     1    0.25D-05    0.19D-07     1.44
   2     2     2    0.95D-07    0.13D-07     2.88

 CPHF convergence reached in  2 macroiterations and    2 microiterations.   Accuracy: 9.4546D-08

 CPHF solution written to record  8500.2

 Dipole moments (unrelaxed):            0.00000000     0.56955348    -0.20147135
 Orbital relaxation contribution:      -0.00000000     0.00383197    -0.00020900
 !CCSD STATE 1.1 Dipole moment          0.00000000     0.57338544    -0.20168036
 Dipole moment /Debye                   0.00000000     1.45740043    -0.51262033

 CPU-time for coupled-perturbed hartree-fock:          2.90 sec

 Number of N-1 electron functions:               7
 Number of N-2 electron functions:              28
 Number of singly external CSFs:               674
 Number of doubly external CSFs:            379551
 Total number of CSFs:                      380226

 CCSD gradient info saved on record        55555.1




 **********************************************************************************************************************************
 DATASETS  * FILE   NREC   LENGTH (MB)   RECORD NAMES
              1      21      445.84       500      610      700      900      950      970     1000      129      960     1100   
                                          VAR    BASINP    GEOM    SYMINP    ZMAT    AOBASIS   BASIS     P2S    ABASIS      S 
                                         1400     1410     1200     1210     1080     1600     1650     1300     1700     1380   
                                           T        V       H0       H01     AOSYM     SMH    MOLCAS    ERIS     OPER     JKOP   
                                        55555   
                                         CCSD   

              2       6        1.47       700     1000      520     2100     8500      200   
                                         GEOM     BASIS   MCVARS     RHF     CPHF    OPTIONS    

 PROGRAMS   *        TOTAL      CCSD      CCSD    HF-SCF       INT
 CPU TIMES  *       824.06    350.44    436.01     16.35     17.41
 REAL TIME  *       146.89 SEC
 DISK USED  *         1.19 GB
 **********************************************************************************************************************************

 Inactive variables:    AHH1

 Active variables:      RCO ROH ACOH RCH1 AOCH1 RCH2
                        AOCH2 AHH2 RCH3 AOCH3 AHH3

 Geometry written to block  1 of record 700

 XYZ inputs for each point on the optimization path will be saved in files ch3oh_maxima_mp2_xx.xyz

 *** Long output written to logfile /scratch/vol1/asmola/Methanol/MolPro/RunMolPro/CH3OH_MEP_AUG-PVTZ-FREEZE-AHH1-FullCycle-3.log ***


 Making model hessian for Z-matrix coordinates

 Entering Rational Function Geometry Optimization
 The request for symmetry elements X, cannot be honoured
 ? Error
 ? Symmetry problem
 ? The problem occurs in zmatrix.f:zmat_orient

 GLOBAL ERROR fehler on processor   0                                         
