
 Working directory              : /tmp/asmola/molpro.yIltJawt6G/
 Global scratch directory       : /tmp/asmola/molpro.yIltJawt6G/
 Wavefunction directory         : /home/asmola/wfu/
 Main file repository           : /tmp/asmola/molpro.yIltJawt6G/

 id        : uclcc

 Nodes                        nprocs
 vincent.theory.phys.ucl.ac.uk    1
 GA implementation: MPI file
 GA implementation (serial work in mppx): MPI file

 Using customized tuning parameters: mindgm=1; mindgv=20; mindgc=4; mindgr=1; noblas=0; minvec=7
 default implementation of scratch files=df  


 Variables initialized (1015), CPU time= 0.00 sec
 ***,Methanol Ground State Energy with CCSD and aug-cc-pVTZ
 memory,500,m;
 
 geometry={angstrom
 c
 o , 1, rco
 h , 2, roh, 1, acoh
 h1, 1, rch1, 2, aoch1  3  ahh1
 h2, 1, rch2, 2, aoch2, 3, ahh2
 h3, 1, rch3, 2, aoch3, 3, ahh3
 }
 
 rco=     1.42350566
 roh=     0.95570290
 rch1=    1.09071271
 rch2=    1.09101854
 rch3=    1.09101854
 acoh=  108.79667944
 aoch1= 109.48013874
 aoch2= 112.02817953
 aoch3= 112.02817953
 ahh1=  180.00000000
 ahh2=  300.00000000
 ahh3=  420.00000000
 
 
 basis=aug-cc-pVTZ
 
 hf
 ccsd
 runccsd = {hf;ccsd}
 
 {OPTG,procedure=runccsd,savexyz=CH3OH_maxima_mp2.xyz
 active,rco,roh,rch1,rch2,rch3,acoh,aoch1,aoch2,aoch3,ahh2,ahh3;
 END}
 
 xxx = "mmm"
 tau = (ahh1 + ahh2 + ahh3)/3
 table,xxx,rco,roh,rch1,rch2,rch3,acoh,aoch1,aoch2,aoch3,ahh1,ahh2,ahh3,tau
 DIGITS, 0, 8, 8, 8, 8, 8, 8, 8, 8, 8,  8,  8,  8, 8
 
 
 Commands initialized (818), CPU time= 0.01 sec, 672 directives.
 Default parameters read. Elapsed time= 0.06 sec

 Checking input...
 Passed
1


                                         ***  PROGRAM SYSTEM MOLPRO  ***
                                       Copyright, TTI GmbH Stuttgart, 2015
                                    Version 2022.1 linked Mar  3 2022 23:20:00


 **********************************************************************************************************************************
 LABEL *   Methanol Ground State Energy with CCSD and aug-cc-pVTZ                        
  (14 PROC) 64 bit serial version                                                        DATE: 20-Feb-25          TIME: 12:21:14  
 **********************************************************************************************************************************

 SHA1:             31073afc4d8441e10870424e0d77336a33bc4286
 **********************************************************************************************************************************

 Memory per process:       500 MW
 Total memory per node:    500 MW

 GA preallocation disabled
 GA check disabled

 Variable memory set to 500.0 MW

 SETTING RCO            =         1.42350566                                  
 SETTING ROH            =         0.95570290                                  
 SETTING RCH1           =         1.09071271                                  
 SETTING RCH2           =         1.09101854                                  
 SETTING RCH3           =         1.09101854                                  
 SETTING ACOH           =       108.79667944                                  
 SETTING AOCH1          =       109.48013874                                  
 SETTING AOCH2          =       112.02817953                                  
 SETTING AOCH3          =       112.02817953                                  
 SETTING AHH1           =       180.00000000                                  
 SETTING AHH2           =       300.00000000                                  
 SETTING AHH3           =       420.00000000                                  
 SETTING BASIS          =    AUG-CC-PVTZ


 Recomputing integrals since basis changed


 Using spherical harmonics

 Library entry C      S aug-cc-pVTZ          selected for orbital group  1
 Library entry C      P aug-cc-pVTZ          selected for orbital group  1
 Library entry C      D aug-cc-pVTZ          selected for orbital group  1
 Library entry C      F aug-cc-pVTZ          selected for orbital group  1
 Library entry O      S aug-cc-pVTZ          selected for orbital group  2
 Library entry O      P aug-cc-pVTZ          selected for orbital group  2
 Library entry O      D aug-cc-pVTZ          selected for orbital group  2
 Library entry O      F aug-cc-pVTZ          selected for orbital group  2
 Library entry H      S aug-cc-pVTZ          selected for orbital group  3
 Library entry H      P aug-cc-pVTZ          selected for orbital group  3
 Library entry H      D aug-cc-pVTZ          selected for orbital group  3


 PROGRAM * SEWARD (Integral evaluation for generally contracted gaussian basis sets)     Author: Roland Lindh, 1990

 Geometry written to block  1 of record 700

 Orientation using atomic masses  
 Molecule type: Asymmetric top
 Symmetry elements: X
 Rotational constants:      23.7161205     24.6260242    130.2403279 GHz  (calculated with average atomic masses)

 Point group  Cs  



 ATOMIC COORDINATES

 NR  ATOM    CHARGE       X              Y              Z

   1  C       6.00    0.000000000    0.020755883   -1.376706815
   2  O       8.00    0.000000000   -0.122866121    1.309492267
   3  H       1.00    0.000000000    1.553324678    1.981861855
   4  H1      1.00    0.000000000   -1.882936940   -2.166824503
   5  H2      1.00   -1.655164374    1.016288017   -2.097859879
   6  H3      1.00    1.655164374    1.016288017   -2.097859879

 Bond lengths in Bohr (Angstrom)

 1-2  2.690035834  1-4  2.061148303  1-5  2.061726237  1-6  2.061726237  2-3  1.806016738
     ( 1.423505660)     ( 1.090712710)     ( 1.091018540)     ( 1.091018540)     ( 0.955702900)

 Bond angles

  1-2-3  108.79667944   2-1-4  109.48013874   2-1-5  112.02817953   2-1-6  112.02817953

  4-1-5  108.17327682   4-1-6  108.17327682   5-1-6  106.79762493

 NUCLEAR CHARGE:                   18
 NUMBER OF PRIMITIVE AOS:         242
 NUMBER OF SYMMETRY AOS:          216
 NUMBER OF CONTRACTIONS:          184   (  115A'  +   69A"  )
 NUMBER OF INNER CORE ORBITALS:     0   (    0A'  +    0A"  )
 NUMBER OF OUTER CORE ORBITALS:     2   (    2A'  +    0A"  )
 NUMBER OF VALENCE ORBITALS:       12   (    9A'  +    3A"  )


 NUCLEAR REPULSION ENERGY   40.26545374

 Eigenvalues of metric

         1 0.622E-04 0.716E-04 0.199E-03 0.401E-03 0.481E-03 0.757E-03 0.102E-02 0.164E-02
         2 0.896E-04 0.766E-03 0.170E-02 0.269E-02 0.491E-02 0.524E-02 0.650E-02 0.701E-02


 Contracted 2-electron integrals neglected if value below      1.0D-11
 AO integral compression algorithm  1   Integral accuracy      1.0D-11

     385.614 MB (compressed) written to integral file ( 53.4%)


 NUMBER OF SORTED TWO-ELECTRON INTEGRALS:   73489255.     BUFFER LENGTH:  32768
 NUMBER OF SEGMENTS:   5  SEGMENT LENGTH:   15997996      RECORD LENGTH: 524288

 Memory used in sort:      16.56 MW

 SORT1 READ    90126720. AND WROTE    72717302. INTEGRALS IN    210 RECORDS. CPU TIME:     0.72 SEC, REAL TIME:     1.04 SEC
 SORT2 READ    72717302. AND WROTE    73489255. INTEGRALS IN   1471 RECORDS. CPU TIME:     0.80 SEC, REAL TIME:     1.03 SEC

 FILE SIZES:   FILE 1:   416.6 MBYTE,  FILE 4:   880.8 MBYTE,   TOTAL:   1297.4 MBYTE

 OPERATOR DM      FOR CENTER  0  COORDINATES:    0.000000    0.000000    0.000000


 **********************************************************************************************************************************
 DATASETS  * FILE   NREC   LENGTH (MB)   RECORD NAMES
              1      19      336.22       500      610      700      900      950      970     1000      129      960     1100   
                                          VAR    BASINP    GEOM    SYMINP    ZMAT    AOBASIS   BASIS     P2S    ABASIS      S 
                                         1400     1410     1200     1210     1080     1600     1650     1300     1700   
                                           T        V       H0       H01     AOSYM     SMH    MOLCAS    ERIS     OPER   

 PROGRAMS   *        TOTAL       INT
 CPU TIMES  *        14.21     14.08
 REAL TIME  *         6.17 SEC
 DISK USED  *         1.21 GB
 **********************************************************************************************************************************


 Program * Restricted Hartree-Fock

 Orbital guess generated from atomic densities. Full valence occupancy:   11   3

 Initial occupancy:   7   2

 NELEC=   18   SYM=1   MS2= 0   THRE=1.0D-08   THRD=1.0D-06   THRG=1.0D-06  HFMA2=F  DIIS_START=2   DIIS_MAX=10   DIIS_INCORE=F

 Level shifts:    0.00 (CLOSED)    0.00 (OPEN)    0.30 (GAP_MIN)

 ITER           ETOT              DE          GRAD        DDIFF     DIIS  NEXP   TIME(IT)  TIME(TOT)  DIAG
   1     -115.05628162    -115.05628162     0.00D+00     0.63D-01     0     0       1.31      2.56    start
   2     -115.08416123      -0.02787961     0.65D-02     0.72D-02     1     0       1.42      3.98    diag
   3     -115.09132829      -0.00716706     0.35D-02     0.23D-02     2     0       1.34      5.32    diag
   4     -115.09185246      -0.00052417     0.70D-03     0.60D-03     3     0       1.28      6.60    diag
   5     -115.09188415      -0.00003169     0.14D-03     0.14D-03     4     0       1.28      7.88    diag
   6     -115.09188557      -0.00000142     0.25D-04     0.36D-04     5     0       1.27      9.15    diag
   7     -115.09188563      -0.00000006     0.51D-05     0.79D-05     6     0       1.28     10.43    diag
   8     -115.09188563      -0.00000000     0.13D-05     0.21D-05     7     0       1.30     11.73    fixocc
   9     -115.09188563      -0.00000000     0.42D-06     0.63D-06     8     0       1.27     13.00    diag
  10     -115.09188563      -0.00000000     0.10D-06     0.12D-06     0     0       1.46     14.46    diag/orth

 Final occupancy:   7   2

 !RHF STATE 1.1 Energy               -115.091885631858
  RHF One-electron energy            -236.758250763358
  RHF Two-electron energy              81.400911394123
  RHF Kinetic energy                  114.913858708491
  RHF Nuclear energy                   40.265453737376
  RHF Virial quotient                  -1.001549220654

 !RHF STATE 1.1 Dipole moment           0.00000000     0.59168290    -0.39582535
 Dipole moment /Debye                   0.00000000     1.50390792    -1.00608769

 Orbital energies:

           1.1          2.1          3.1          4.1          5.1          6.1          7.1          8.1          9.1
    -20.559369   -11.271984    -1.357516    -0.927436    -0.692178    -0.596096    -0.504870     0.028450     0.042733

           1.2          2.2          3.2          4.2
     -0.617721    -0.451050     0.046945     0.128440


 HOMO      2.2    -0.451050 =     -12.2737eV
 LUMO      8.1     0.028450 =       0.7742eV
 LUMO-HOMO         0.479500 =      13.0478eV

 Orbitals saved in record  2100.2


 **********************************************************************************************************************************
 DATASETS  * FILE   NREC   LENGTH (MB)   RECORD NAMES
              1      19      336.22       500      610      700      900      950      970     1000      129      960     1100   
                                          VAR    BASINP    GEOM    SYMINP    ZMAT    AOBASIS   BASIS     P2S    ABASIS      S 
                                         1400     1410     1200     1210     1080     1600     1650     1300     1700   
                                           T        V       H0       H01     AOSYM     SMH    MOLCAS    ERIS     OPER   

              2       4        0.71       700     1000      520     2100   
                                         GEOM     BASIS   MCVARS     RHF  

 PROGRAMS   *        TOTAL    HF-SCF       INT
 CPU TIMES  *        28.70     14.48     14.08
 REAL TIME  *        10.64 SEC
 DISK USED  *         1.21 GB
 **********************************************************************************************************************************


 PROGRAM * CCSD (Closed-shell coupled cluster)     Authors: C. Hampel, H.-J. Werner, 1991, M. Deegan, P.J. Knowles, 1992


 Convergence thresholds:  THRVAR = 1.00D-12  THRDEN = 1.00D-08

 Using ITF CCSD gradient implementation

 Number of core orbitals:           2 (   2   0 )
 Number of closed-shell orbitals:   7 (   5   2 )
 Number of external orbitals:     175 ( 108  67 )

 Molecular orbitals read from record     2100.2  Type=RHF/CANONICAL  

 Integral transformation finished. Total CPU:   9.92 sec, npass=  1  Memory used:   8.42 MW
  Reference energy                   -115.091885631858

  MP2 correlation energy               -0.436655725626
  MP2 total energy                   -115.528541357484

 ITER.      SQ.NORM     CORR.ENERGY   TOTAL ENERGY   ENERGY CHANGE        DEN1      VAR(S)    VAR(P)  DIIS     TIME
   1      1.12042260    -0.45313030  -115.54501593    -0.01647457    -0.00562450  1.68e-03  1.94e-03  1  1    15.60
   2      1.12841048    -0.45411496  -115.54600059    -0.00098466    -0.00935479  4.19e-05  2.69e-04  2  2    31.08
   3      1.13079121    -0.45423484  -115.54612047    -0.00011988    -0.00140687  4.46e-06  3.49e-05  3  3    46.13
   4      1.13203730    -0.45423738  -115.54612301    -0.00000254    -0.00092376  1.39e-07  3.38e-06  4  4    62.98
   5      1.13233931    -0.45421680  -115.54610244     0.00002058    -0.00019146  1.84e-08  3.19e-07  5  5    79.01
   6      1.13241848    -0.45421430  -115.54609993     0.00000251    -0.00004917  3.44e-10  1.46e-08  6  0    94.32
   7      1.13242670    -0.45421313  -115.54609876     0.00000117    -0.00000620  6.13e-11  1.06e-09  6  1   109.85
   8      1.13242692    -0.45421299  -115.54609862     0.00000014    -0.00000046  4.18e-12  1.06e-10  6  2   124.62
   9      1.13242684    -0.45421297  -115.54609860     0.00000002     0.00000001  1.68e-13  1.11e-11  6  3   140.26
  10      1.13242690    -0.45421296  -115.54609860     0.00000000    -0.00000004  2.83e-14  7.55e-13         154.58

 Norm of t1 vector:      0.05241355     S-energy:      0.00000003   T1 diagnostic:  0.00990523

 Time per iteration:                     15.46 sec

 RESULTS
 =======

  Reference energy                   -115.091885631858
  CCSD correlation energy              -0.454212964879
 !CCSD total energy                  -115.546098596736

 Starting CP-CCSD iterations.   Author: W. Gyorffy (2012)

 ITER.      NRM1           NRM2      VAR(S)+VAR(P)   DIIS    TIME
   1     0.00162223     0.38334703     5.24e-04      1  1   16.24
   2     0.00147127     0.37955728     3.78e-05      2  2   32.33
   3     0.00136733     0.37907443     4.67e-06      3  3   47.84
   4     0.00131781     0.37868537     8.82e-07      4  4   63.29
   5     0.00129046     0.37859177     9.03e-08      5  5   78.92
   6     0.00128027     0.37855874     9.10e-09      6  0   94.38
   7     0.00127755     0.37855489     1.09e-09      6  1  109.62
   8     0.00127684     0.37855364     1.42e-10      6  2  125.58
   9     0.00127670     0.37855352     1.91e-11      6  3  142.29
  10     0.00127667     0.37855346     2.50e-12      6  4  157.65
  11     0.00127668     0.37855345     2.84e-13            173.43


 Time per iteration:                     15.77 sec

 CPHF start vector      0.2 not found

 Starting Coupled-perturbed Hartree-Fock, convergence threshold= 1.0D-06

 ITER   MIC  DIIS      VAR         VARC       CPU
   1     0     1    0.46D-02    0.12D-02     1.25
   2     4     2    0.18D-03    0.52D-04     2.52
   3     4     3    0.45D-05    0.82D-06     3.74
   4     2     4    0.45D-06    0.37D-07     4.96

 CPHF convergence reached in  4 macroiterations and   10 microiterations.   Accuracy: 4.4993D-07

 CPHF solution written to record  8500.2

 Dipole moments (unrelaxed):            0.00000000     0.55528374    -0.37035928
 Orbital relaxation contribution:      -0.00000000     0.00407479    -0.00297545
 !CCSD STATE 1.1 Dipole moment          0.00000000     0.55935854    -0.37333472
 Dipole moment /Debye                   0.00000000     1.42174759    -0.94892222

 CPU-time for coupled-perturbed hartree-fock:          5.44 sec

 Number of N-1 electron functions:               7
 Number of N-2 electron functions:              28
 Number of singly external CSFs:               674
 Number of doubly external CSFs:            379551
 Total number of CSFs:                      380226

 CCSD gradient info saved on record        55555.1




 **********************************************************************************************************************************
 DATASETS  * FILE   NREC   LENGTH (MB)   RECORD NAMES
              1      21      455.33       500      610      700      900      950      970     1000      129      960     1100   
                                          VAR    BASINP    GEOM    SYMINP    ZMAT    AOBASIS   BASIS     P2S    ABASIS      S 
                                         1400     1410     1200     1210     1080     1600     1650     1300     1700     1380   
                                           T        V       H0       H01     AOSYM     SMH    MOLCAS    ERIS     OPER     JKOP   
                                        55555   
                                         CCSD   

              2       5        1.32       700     1000      520     2100     8500   
                                         GEOM     BASIS   MCVARS     RHF     CPHF   

 PROGRAMS   *        TOTAL      CCSD    HF-SCF       INT
 CPU TIMES  *       480.84    452.13     14.48     14.08
 REAL TIME  *        71.71 SEC
 DISK USED  *         1.21 GB
 **********************************************************************************************************************************


 PROGRAM * OPT (Geometry optimization)     Authors: F. Eckert and H.-J. Werner


 BFGS update of hessian

 Geometry optimization using procedure=RUNCCSD

 Running procedure: RUNCCSD


 Program * Restricted Hartree-Fock

 Molecular orbitals read from record     2100.2  Type=RHF/CANONICAL  

 NELEC=   18   SYM=1   MS2= 0   THRE=1.0D-09   THRD=1.0D-06   THRG=1.0D-06  HFMA2=F  DIIS_START=2   DIIS_MAX=10   DIIS_INCORE=F

 Level shifts:    0.00 (CLOSED)    0.00 (OPEN)    0.30 (GAP_MIN)

 ITER           ETOT              DE          GRAD        DDIFF     DIIS  NEXP   TIME(IT)  TIME(TOT)  DIAG
   1     -115.09188563    -115.09188563     0.00D+00     0.65D-01     0     0       1.36      1.37    start
   2     -115.09188563      -0.00000000     0.43D-07     0.49D-07     1     0       1.34      2.71    diag

 Final occupancy:   7   2

 !RHF STATE 1.1 Energy               -115.091885631861
  RHF One-electron energy            -236.758247388305
  RHF Two-electron energy              81.400908019068
  RHF Kinetic energy                  114.913857457397
  RHF Nuclear energy                   40.265453737376
  RHF Virial quotient                  -1.001549231558

 !RHF STATE 1.1 Dipole moment           0.00000000     0.59168247    -0.39582605
 Dipole moment /Debye                   0.00000000     1.50390684    -1.00608946

 Orbital energies:

           1.1          2.1          3.1          4.1          5.1          6.1          7.1          8.1          9.1
    -20.559369   -11.271982    -1.357516    -0.927436    -0.692177    -0.596095    -0.504869     0.028450     0.042733

           1.2          2.2          3.2          4.2
     -0.617721    -0.451050     0.046945     0.128440


 HOMO      2.2    -0.451050 =     -12.2737eV
 LUMO      8.1     0.028450 =       0.7742eV
 LUMO-HOMO         0.479499 =      13.0478eV

 Orbitals saved in record  2100.2


 **********************************************************************************************************************************
 DATASETS  * FILE   NREC   LENGTH (MB)   RECORD NAMES
              1      21      455.33       500      610      700      900      950      970     1000      129      960     1100   
                                          VAR    BASINP    GEOM    SYMINP    ZMAT    AOBASIS   BASIS     P2S    ABASIS      S 
                                         1400     1410     1200     1210     1080     1600     1650     1300     1700     1380   
                                           T        V       H0       H01     AOSYM     SMH    MOLCAS    ERIS     OPER     JKOP   
                                        55555   
                                         CCSD   

              2       6        1.47       700     1000      520     2100     8500      200   
                                         GEOM     BASIS   MCVARS     RHF     CPHF    OPTIONS    

 PROGRAMS   *        TOTAL    HF-SCF      CCSD    HF-SCF       INT
 CPU TIMES  *       483.59      2.74    452.13     14.48     14.08
 REAL TIME  *        72.60 SEC
 DISK USED  *         1.21 GB
 **********************************************************************************************************************************


 PROGRAM * CCSD (Closed-shell coupled cluster)     Authors: C. Hampel, H.-J. Werner, 1991, M. Deegan, P.J. Knowles, 1992


 Convergence thresholds:  THRVAR = 1.00D-12  THRDEN = 1.00D-08

 Using ITF CCSD gradient implementation

 Number of core orbitals:           2 (   2   0 )
 Number of closed-shell orbitals:   7 (   5   2 )
 Number of external orbitals:     175 ( 108  67 )

 Molecular orbitals read from record     2100.2  Type=RHF/CANONICAL (state 1.1)

 Integral transformation finished. Total CPU:   8.29 sec, npass=  1  Memory used:   8.42 MW
  Reference energy                   -115.091885631861

  MP2 correlation energy               -0.436655583379
  MP2 total energy                   -115.528541215240

 ITER.      SQ.NORM     CORR.ENERGY   TOTAL ENERGY   ENERGY CHANGE        DEN1      VAR(S)    VAR(P)  DIIS     TIME
   1      1.12042263    -0.45313029  -115.54501592    -0.01647471    -0.00562464  1.68e-03  1.94e-03  1  1    15.53
   2      1.12841052    -0.45411497  -115.54600060    -0.00098467    -0.00935478  4.19e-05  2.69e-04  2  2    30.57
   3      1.13079126    -0.45423485  -115.54612048    -0.00011988    -0.00140688  4.46e-06  3.49e-05  3  3    46.01
   4      1.13203735    -0.45423739  -115.54612302    -0.00000254    -0.00092376  1.39e-07  3.38e-06  4  4    63.62
   5      1.13233936    -0.45421681  -115.54610244     0.00002058    -0.00019146  1.84e-08  3.19e-07  5  5    80.57
   6      1.13241853    -0.45421430  -115.54609993     0.00000251    -0.00004917  3.44e-10  1.46e-08  6  0    97.72
   7      1.13242675    -0.45421314  -115.54609877     0.00000117    -0.00000620  6.13e-11  1.06e-09  6  1   112.93
   8      1.13242697    -0.45421299  -115.54609863     0.00000014    -0.00000046  4.18e-12  1.06e-10  6  2   127.92
   9      1.13242689    -0.45421298  -115.54609861     0.00000002     0.00000001  1.68e-13  1.11e-11  6  3   142.84
  10      1.13242695    -0.45421297  -115.54609860     0.00000000    -0.00000004  2.83e-14  7.55e-13         158.70

 Norm of t1 vector:      0.05241404     S-energy:     -0.00000000   T1 diagnostic:  0.00990532

 Time per iteration:                     15.87 sec

 RESULTS
 =======

  Reference energy                   -115.091885631861
  CCSD correlation energy              -0.454212972121
 !CCSD total energy                  -115.546098603981

 Starting CP-CCSD iterations.   Author: W. Gyorffy (2012)

 ITER.      NRM1           NRM2      VAR(S)+VAR(P)   DIIS    TIME
   1     0.00162226     0.38334705     5.24e-04      1  1   15.54
   2     0.00147129     0.37955729     3.78e-05      2  2   31.36
   3     0.00136736     0.37907444     4.67e-06      3  3   47.16
   4     0.00131784     0.37868537     8.82e-07      4  4   62.46
   5     0.00129048     0.37859177     9.03e-08      5  5   79.03
   6     0.00128030     0.37855874     9.10e-09      6  0  100.18
   7     0.00127758     0.37855490     1.09e-09      6  1  120.17
   8     0.00127686     0.37855365     1.42e-10      6  2  136.53
   9     0.00127673     0.37855352     1.91e-11      6  3  151.99
  10     0.00127670     0.37855347     2.50e-12      6  4  167.33
  11     0.00127670     0.37855346     2.84e-13            182.36


 Time per iteration:                     16.58 sec


 CPHF trial vector read from record  8500.2

 Starting Coupled-perturbed Hartree-Fock, convergence threshold= 1.0D-06

 ITER   MIC  DIIS      VAR         VARC       CPU
   1     0     1    0.34D-05    0.28D-07     1.41
   2     2     2    0.20D-06    0.22D-07     2.66

 CPHF convergence reached in  2 macroiterations and    2 microiterations.   Accuracy: 2.0431D-07

 CPHF solution written to record  8500.2

 Dipole moments (unrelaxed):            0.00000000     0.55528375    -0.37035925
 Orbital relaxation contribution:      -0.00000000     0.00407444    -0.00297622
 !CCSD STATE 1.1 Dipole moment          0.00000000     0.55935819    -0.37333547
 Dipole moment /Debye                   0.00000000     1.42174671    -0.94892411

 CPU-time for coupled-perturbed hartree-fock:          2.84 sec

 Number of N-1 electron functions:               7
 Number of N-2 electron functions:              28
 Number of singly external CSFs:               674
 Number of doubly external CSFs:            379551
 Total number of CSFs:                      380226

 CCSD gradient info saved on record        55555.1




 **********************************************************************************************************************************
 DATASETS  * FILE   NREC   LENGTH (MB)   RECORD NAMES
              1      21      455.33       500      610      700      900      950      970     1000      129      960     1100   
                                          VAR    BASINP    GEOM    SYMINP    ZMAT    AOBASIS   BASIS     P2S    ABASIS      S 
                                         1400     1410     1200     1210     1080     1600     1650     1300     1700     1380   
                                           T        V       H0       H01     AOSYM     SMH    MOLCAS    ERIS     OPER     JKOP   
                                        55555   
                                         CCSD   

              2       6        1.47       700     1000      520     2100     8500      200   
                                         GEOM     BASIS   MCVARS     RHF     CPHF    OPTIONS    

 PROGRAMS   *        TOTAL      CCSD      CCSD    HF-SCF       INT
 CPU TIMES  *       939.75    456.14    452.13     14.48     14.08
 REAL TIME  *       138.42 SEC
 DISK USED  *         1.21 GB
 **********************************************************************************************************************************

 Inactive variables:    AHH1

 Active variables:      RCO ROH ACOH RCH1 AOCH1 RCH2
                        AOCH2 AHH2 RCH3 AOCH3 AHH3

 Geometry written to block  1 of record 700

 XYZ inputs for each point on the optimization path will be saved in files ch3oh_maxima_mp2_xx.xyz

 *** Long output written to logfile /scratch/vol1/asmola/Methanol/MolPro/RunMolPro/CH3OH_MEP_AUG-PVTZ-FREEZE-AHH2-Maxima.log ***


 Making model hessian for Z-matrix coordinates

 Entering Rational Function Geometry Optimization

 ITER.   ENERGY(OLD)    ENERGY(NEW)      DE          GRADMAX     GRADNORM    GRADRMS     STEPMAX     STEPLEN     STEPRMS   CPU-time
   1  -115.54609860  -115.54647750    -0.00037890  0.01049520  0.01542475  0.00465074  0.03490659  0.05738931  0.00521721   1048.36
   2  -115.54647750  -115.54651092    -0.00003342  0.00352195  0.00464988  0.00140199  0.01128866  0.01510718  0.00137338   1635.03
   3  -115.54651092  -115.54651257    -0.00000165  0.00072185  0.00106207  0.00032023  0.00231404  0.00287697  0.00026154   2222.39
   4  -115.54651257  -115.54651269    -0.00000012  0.00021668  0.00028023  0.00008449  0.00063208  0.00092632  0.00008421   2812.39

 END OF GEOMETRY OPTIMIZATION.

 Optimized variables
 RCO=                 1.41961128 ANGSTROM
 ROH=                 0.95790147 ANGSTROM
 ACOH=              108.34507602 DEGREE
 RCH1=                1.08779663 ANGSTROM
 AOCH1=             106.80527063 DEGREE
 RCH2=                1.09308522 ANGSTROM
 AOCH2=             111.87309591 DEGREE
 AHH2=              298.62487299 DEGREE
 RCH3=                1.09308522 ANGSTROM
 AOCH3=             111.87309591 DEGREE
 AHH3=              421.37512701 DEGREE

 **********************************************************************************************************************************

 Geometry written to block  1 of record 700

 Recomputing wavefunction for reoriented structure

 Current geometry (xyz format, in Angstrom)


 Dump information in style XYZ to ch3oh_maxima_mp2.xyz                                                            

    6
 CCSD/AUG-CC-PVTZ  ENERGY=-115.54651269
 C          0.0000000000        0.0132196105       -0.7278311866
 O          0.0000000000       -0.0640538237        0.6896754329
 H          0.0000000000        0.8274064424        1.0402090430
 H          0.0000000000       -1.0094572131       -1.0985515866
 H         -0.8904110330        0.5206352854       -1.1080059105
 H          0.8904110330        0.5206352854       -1.1080059105

 **********************************************************************************************************************************


 **********************************************************************************************************************************
 DATASETS  * FILE   NREC   LENGTH (MB)   RECORD NAMES
              1      21      455.50       500      610      700      900      950      970     1000      129      960     1100   
                                          VAR    BASINP    GEOM    SYMINP    ZMAT    AOBASIS   BASIS     P2S    ABASIS      S 
                                         1400     1410     1200     1210     1080     1600     1650     1300     1700     1380   
                                           T        V       H0       H01     AOSYM     SMH    MOLCAS    ERIS     OPER     JKOP   
                                        55555   
                                         CCSD   

              2       7        1.76       700     1000      520     2100     8500      200     9001   
                                         GEOM     BASIS   MCVARS     RHF     CPHF    OPTIONS  DEN_MP2    

 PROGRAMS   *        TOTAL      OPTG      CCSD    HF-SCF       INT
 CPU TIMES  *      3734.30   3253.46    452.13     14.48     14.08
 REAL TIME  *       547.52 SEC
 DISK USED  *         1.21 GB
 **********************************************************************************************************************************
 SETTING XXX            =    "MMM"
 SETTING TAU            =       300.00000000  DEGREE                          


 XXX       RCO          ROH          RCH1         RCH2         RCH3           ACOH           AOCH1          AOCH2          AOCH3          AHH1           AHH2           AHH3           TAU
 "MMM"   1.41961128   0.95790147   1.08779663   1.09308522   1.09308522   108.34507602   106.80527063   111.87309591   111.87309591   180.00000000   298.62487299   421.37512701   300.00000000
                                                  

 CCSD/aug-cc-pVTZ//CCSD/aug-cc-pVTZ energy=   -115.546512691953

      OPTG(CCSD)            CCSD          HF-SCF
   -115.54651269   -115.54609860   -115.09188563
 **********************************************************************************************************************************
 Molpro calculation terminated
