
 Working directory              : /tmp/asmola/molpro.TTSvscVWll/
 Global scratch directory       : /tmp/asmola/molpro.TTSvscVWll/
 Wavefunction directory         : /home/asmola/wfu/
 Main file repository           : /tmp/asmola/molpro.TTSvscVWll/

 id        : uclcc

 Nodes                        nprocs
 vincent.theory.phys.ucl.ac.uk    1
 GA implementation: MPI file
 GA implementation (serial work in mppx): MPI file

 Using customized tuning parameters: mindgm=1; mindgv=20; mindgc=4; mindgr=1; noblas=0; minvec=7
 default implementation of scratch files=df  


 Variables initialized (1015), CPU time= 0.01 sec
 ***,Methanol Ground State Energy with CCSD(T) and aug-cc-pVTZ
 memory,500,m;
 
 symmetry,nosym
 geometry={angstrom
 c
 o , 1, rco
 h , 2, roh, 1, acoh
 h1, 1, rch1, 2, aoch1  3  ahh1
 h2, 1, rch2, 2, aoch2, 3, ahh2
 h3, 1, rch3, 2, aoch3, 3, ahh3
 }
 
 rco= 1.42350566
 roh= 0.95570290
 rch1= 1.09101854
 rch2= 1.09071271
 rch3= 1.09071271
 acoh= 108.79667944
 aoch1= 112.02817953
 aoch2= 109.48013874
 aoch3= 109.48013874
 ahh1=0.00
 ahh2=120.37911985
 ahh3=239.62088015
 
 
 basis=aug-cc-pVQZ
 
 hf
 ccsd
 
 {OPTG,method=qsdpath,idir=1,numhess=5,hesscentral,saveact=CH3OH_path_VTZ
 END}
 
 
 Commands initialized (818), CPU time= 0.01 sec, 672 directives.
 Default parameters read. Elapsed time= 3.85 sec

 Checking input...
 Passed
1


                                         ***  PROGRAM SYSTEM MOLPRO  ***
                                       Copyright, TTI GmbH Stuttgart, 2015
                                    Version 2022.1 linked Mar  3 2022 23:20:00


 **********************************************************************************************************************************
 LABEL *   Methanol Ground State Energy with CCSD(T) and aug-cc-pVTZ                     
  (14 PROC) 64 bit serial version                                                        DATE: 15-Feb-25          TIME: 22:04:30  
 **********************************************************************************************************************************

 SHA1:             31073afc4d8441e10870424e0d77336a33bc4286
 **********************************************************************************************************************************

 Memory per process:       500 MW
 Total memory per node:    500 MW

 GA preallocation disabled
 GA check disabled

 Variable memory set to 500.0 MW

 ZSYMEL=NOSYM

 SETTING RCO            =         1.42350566                                  
 SETTING ROH            =         0.95570290                                  
 SETTING RCH1           =         1.09101854                                  
 SETTING RCH2           =         1.09071271                                  
 SETTING RCH3           =         1.09071271                                  
 SETTING ACOH           =       108.79667944                                  
 SETTING AOCH1          =       112.02817953                                  
 SETTING AOCH2          =       109.48013874                                  
 SETTING AOCH3          =       109.48013874                                  
 SETTING AHH1           =      0.0000000D+00                                  
 SETTING AHH2           =       120.37911985                                  
 SETTING AHH3           =       239.62088015                                  
 SETTING BASIS          =    AUG-CC-PVQZ


 Recomputing integrals since basis changed


 Using spherical harmonics

 Library entry C      S aug-cc-pVQZ          selected for orbital group  1
 Library entry C      P aug-cc-pVQZ          selected for orbital group  1
 Library entry C      D aug-cc-pVQZ          selected for orbital group  1
 Library entry C      F aug-cc-pVQZ          selected for orbital group  1
 Library entry C      G aug-cc-pVQZ          selected for orbital group  1
 Library entry O      S aug-cc-pVQZ          selected for orbital group  2
 Library entry O      P aug-cc-pVQZ          selected for orbital group  2
 Library entry O      D aug-cc-pVQZ          selected for orbital group  2
 Library entry O      F aug-cc-pVQZ          selected for orbital group  2
 Library entry O      G aug-cc-pVQZ          selected for orbital group  2
 Library entry H      S aug-cc-pVQZ          selected for orbital group  3
 Library entry H      P aug-cc-pVQZ          selected for orbital group  3
 Library entry H      D aug-cc-pVQZ          selected for orbital group  3
 Library entry H      F aug-cc-pVQZ          selected for orbital group  3


 PROGRAM * SEWARD (Integral evaluation for generally contracted gaussian basis sets)     Author: Roland Lindh, 1990

 Geometry written to block  1 of record 700

 Orientation using atomic masses  
 Molecule type: Asymmetric top
 Rotational constants:      23.8354476     24.6992199    129.1134308 GHz  (calculated with average atomic masses)

 Point group  C1  



 ATOMIC COORDINATES

 NR  ATOM    CHARGE       X              Y              Z

   1  C       6.00    0.000000000    0.023001071   -1.379345850
   2  O       8.00    0.000000000   -0.123352465    1.306705794
   3  H       1.00    0.000000000    1.552153732    1.980779559
   4  H1      1.00    0.000000000    1.973460285   -2.047495481
   5  H2      1.00    1.676362271   -0.920842425   -2.119144010
   6  H3      1.00   -1.676362271   -0.920842425   -2.119144010

 Bond lengths in Bohr (Angstrom)

 1-2  2.690035834  1-4  2.061726237  1-5  2.061148303  1-6  2.061148303  2-3  1.806016738
     ( 1.423505660)     ( 1.091018540)     ( 1.090712710)     ( 1.090712710)     ( 0.955702900)

 Bond angles

  1-2-3  108.79667944   2-1-4  112.02817953   2-1-5  109.48013874   2-1-6  109.48013874

  4-1-5  108.47496138   4-1-6  108.47496138   5-1-6  108.84213046

 NUCLEAR CHARGE:                   18
 NUMBER OF PRIMITIVE AOS:         464
 NUMBER OF SYMMETRY AOS:          378
 NUMBER OF CONTRACTIONS:          344   (  344A   )
 NUMBER OF INNER CORE ORBITALS:     0   (    0A   )
 NUMBER OF OUTER CORE ORBITALS:     2   (    2A   )
 NUMBER OF VALENCE ORBITALS:       12   (   12A   )


 NUCLEAR REPULSION ENERGY   40.29661147


 Eigenvalues of metric

         1 0.151E-04 0.287E-04 0.371E-04 0.425E-04 0.742E-04 0.899E-04 0.919E-04 0.126E-03


 Contracted 2-electron integrals neglected if value below      1.0D-12
 AO integral compression algorithm  1   Integral accuracy      1.0D-12

     7668.236 MB (compressed) written to integral file ( 48.1%)


 NUMBER OF SORTED TWO-ELECTRON INTEGRALS: 1760647470.     BUFFER LENGTH:  32768
 NUMBER OF SEGMENTS:  56  SEGMENT LENGTH:   31999951      RECORD LENGTH: 524288

 Memory used in sort:      32.56 MW

 SORT1 READ  1994448109. AND WROTE  1488684319. INTEGRALS IN   4286 RECORDS. CPU TIME:    15.26 SEC, REAL TIME:    89.68 SEC
 SORT2 READ  1488684319. AND WROTE  1760647470. INTEGRALS IN  29252 RECORDS. CPU TIME:    13.02 SEC, REAL TIME:    25.74 SEC

 FILE SIZES:   FILE 1:  7702.6 MBYTE,  FILE 4: 17976.8 MBYTE,   TOTAL:  25679.4 MBYTE

 OPERATOR DM      FOR CENTER  0  COORDINATES:    0.000000    0.000000    0.000000


 **********************************************************************************************************************************
 DATASETS  * FILE   NREC   LENGTH (MB)   RECORD NAMES
              1      19     6648.22       500      610      700      900      950      970     1000      129      960     1100   
                                          VAR    BASINP    GEOM    SYMINP    ZMAT    AOBASIS   BASIS     P2S    ABASIS      S 
                                         1400     1410     1200     1210     1080     1600     1650     1300     1700   
                                           T        V       H0       H01     AOSYM     SMH    MOLCAS    ERIS     OPER   

 PROGRAMS   *        TOTAL       INT
 CPU TIMES  *       469.80    469.53
 REAL TIME  *       204.18 SEC
 DISK USED  *        23.92 GB
 **********************************************************************************************************************************


 Program * Restricted Hartree-Fock

 Orbital guess generated from atomic densities. Full valence occupancy:   14

 Initial occupancy:   9

 NELEC=   18   SYM=1   MS2= 0   THRE=1.0D-08   THRD=1.0D-06   THRG=1.0D-06  HFMA2=F  DIIS_START=2   DIIS_MAX=10   DIIS_INCORE=F

 Level shifts:    0.00 (CLOSED)    0.00 (OPEN)    0.30 (GAP_MIN)

 ITER           ETOT              DE          GRAD        DDIFF     DIIS  NEXP   TIME(IT)  TIME(TOT)  DIAG
   1     -115.06154420    -115.06154420     0.00D+00     0.25D-01     0     0     115.48    237.36    start
   2     -115.08996795      -0.02842375     0.36D-02     0.25D-02     1     0     119.53    356.89    diag
   3     -115.09756379      -0.00759584     0.20D-02     0.89D-03     2     0     117.97    474.86    diag
   4     -115.09808349      -0.00051969     0.38D-03     0.22D-03     3     0     121.62    596.48    diag
   5     -115.09811527      -0.00003179     0.75D-04     0.56D-04     4     0     116.10    712.58    diag
   6     -115.09811656      -0.00000129     0.14D-04     0.15D-04     5     0     114.59    827.17    diag
   7     -115.09811661      -0.00000005     0.26D-05     0.33D-05     6     0     122.34    949.51    diag
   8     -115.09811662      -0.00000000     0.68D-06     0.61D-06     7     0     122.83   1072.34    fixocc
   9     -115.09811662      -0.00000000     0.22D-06     0.18D-06     0     0     115.13   1187.47    diag

 Final occupancy:   9

 !RHF STATE 1.1 Energy               -115.098116617567
  RHF One-electron energy            -236.853051241064
  RHF Two-electron energy              81.458323153999
  RHF Kinetic energy                  114.974112008538
  RHF Nuclear energy                   40.296611469498
  RHF Virial quotient                  -1.001078543742

 !RHF STATE 1.1 Dipole moment           0.00000000     0.61309056    -0.39271143
 Dipole moment /Debye                   0.00000000     1.55832077    -0.99817288

 Orbital energies:

           1.1          2.1          3.1          4.1          5.1          6.1          7.1          8.1          9.1         10.1
    -20.554563   -11.270676    -1.356016    -0.926300    -0.692231    -0.619244    -0.594931    -0.504075    -0.450130     0.025027

          11.1
      0.038759


 HOMO      9.1    -0.450130 =     -12.2487eV
 LUMO     10.1     0.025027 =       0.6810eV
 LUMO-HOMO         0.475156 =      12.9297eV

 Orbitals saved in record  2100.2


 **********************************************************************************************************************************
 DATASETS  * FILE   NREC   LENGTH (MB)   RECORD NAMES
              1      19     6648.22       500      610      700      900      950      970     1000      129      960     1100   
                                          VAR    BASINP    GEOM    SYMINP    ZMAT    AOBASIS   BASIS     P2S    ABASIS      S 
                                         1400     1410     1200     1210     1080     1600     1650     1300     1700   
                                           T        V       H0       H01     AOSYM     SMH    MOLCAS    ERIS     OPER   

              2       4        2.28       700     1000      520     2100   
                                         GEOM     BASIS   MCVARS     RHF  

 PROGRAMS   *        TOTAL    HF-SCF       INT
 CPU TIMES  *      1657.41   1187.61    469.53
 REAL TIME  *       364.85 SEC
 DISK USED  *        23.92 GB
 **********************************************************************************************************************************


 PROGRAM * CCSD (Closed-shell coupled cluster)     Authors: C. Hampel, H.-J. Werner, 1991, M. Deegan, P.J. Knowles, 1992


 Convergence thresholds:  THRVAR = 1.00D-12  THRDEN = 1.00D-08

 Using ITF CCSD gradient implementation

 Number of core orbitals:           2 (   2 )
 Number of closed-shell orbitals:   7 (   7 )
 Number of external orbitals:     335 ( 335 )

 Molecular orbitals read from record     2100.2  Type=RHF/CANONICAL  

 Integral transformation finished. Total CPU: 243.52 sec, npass=  1  Memory used: 171.43 MW
  Reference energy                   -115.098116617566

  MP2 correlation energy               -0.463349364924
  MP2 total energy                   -115.561465982490

 ITER.      SQ.NORM     CORR.ENERGY   TOTAL ENERGY   ENERGY CHANGE        DEN1      VAR(S)    VAR(P)  DIIS     TIME
   1      1.12061566    -0.47537717  -115.57349379    -0.01202781    -0.00100695  1.65e-03  1.93e-03  1  1   217.79
   2      1.12854418    -0.47629888  -115.57441550    -0.00092171    -0.00965892  4.91e-05  2.64e-04  2  2   413.39
   3      1.13076076    -0.47641462  -115.57453124    -0.00011574    -0.00117804  4.52e-06  3.57e-05  3  3   599.16
   4      1.13199458    -0.47641841  -115.57453503    -0.00000379    -0.00093520  1.51e-07  3.80e-06  4  4   793.55
   5      1.13232222    -0.47639833  -115.57451495     0.00002008    -0.00020299  1.61e-08  3.70e-07  5  5   983.02
   6      1.13241468    -0.47639525  -115.57451186     0.00000309    -0.00005509  4.22e-10  1.79e-08  6  0  1176.85
   7      1.13242494    -0.47639397  -115.57451059     0.00000128    -0.00000659  8.04e-11  1.19e-09  6  1  1377.34
   8      1.13242539    -0.47639380  -115.57451042     0.00000017    -0.00000057  5.05e-12  1.23e-10  6  2  1574.79
   9      1.13242532    -0.47639378  -115.57451040     0.00000002     0.00000001  2.46e-13  1.38e-11  6  3  1768.17
  10      1.13242537    -0.47639377  -115.57451039     0.00000001    -0.00000005  3.43e-14  9.95e-13  6  4  1955.52
  11      1.13242541    -0.47639377  -115.57451039     0.00000000    -0.00000001  2.02e-15  7.47e-14        2147.17

 Norm of t1 vector:      0.05145662     S-energy:     -0.00000000   T1 diagnostic:  0.00972439

 Time per iteration:                    195.21 sec

 RESULTS
 =======

  Reference energy                   -115.098116617566
  CCSD correlation energy              -0.476393771004
 !CCSD total energy                  -115.574510388570

 Starting CP-CCSD iterations.   Author: W. Gyorffy (2012)

 ITER.      NRM1           NRM2      VAR(S)+VAR(P)   DIIS    TIME
   1     0.00157599     0.38384917     5.11e-04      1  1  204.40
   2     0.00142558     0.38034549     3.42e-05      2  2  409.68
   3     0.00132730     0.37988822     4.50e-06      3  3  618.84
   4     0.00127965     0.37951553     8.48e-07      4  4  820.78
   5     0.00125390     0.37942655     1.06e-07      5  5 1032.27
   6     0.00124286     0.37939002     1.08e-08      6  0 1242.63
   7     0.00123978     0.37938518     1.20e-09      6  1 1449.21
   8     0.00123904     0.37938379     1.59e-10      6  2 1662.35
   9     0.00123885     0.37938354     1.82e-11      6  3 1867.19
  10     0.00123881     0.37938348     2.29e-12      6  4 2067.31
  11     0.00123882     0.37938347     3.10e-13           2277.28


 Time per iteration:                    207.03 sec

 CPHF start vector      0.2 not found

 Starting Coupled-perturbed Hartree-Fock, convergence threshold= 1.0D-06

 ITER   MIC  DIIS      VAR         VARC       CPU
   1     0     1    0.45D-02    0.12D-02   119.18
   2     4     2    0.18D-03    0.52D-04   244.23
   3     4     3    0.50D-05    0.88D-06   361.83
   4     2     4    0.43D-06    0.48D-07   485.34

 CPHF convergence reached in  4 macroiterations and   10 microiterations.   Accuracy: 4.3083D-07

 CPHF solution written to record  8500.2

 Dipole moments (unrelaxed):            0.00000000     0.58035595    -0.37160393
 Orbital relaxation contribution:       0.00000000     0.00377596    -0.00258961
 !CCSD STATE 1.1 Dipole moment          0.00000000     0.58413190    -0.37419354
 Dipole moment /Debye                   0.00000000     1.48471521    -0.95110511

 CPU-time for coupled-perturbed hartree-fock:        485.83 sec

 Number of N-1 electron functions:               7
 Number of N-2 electron functions:              28
 Number of singly external CSFs:              2345
 Number of doubly external CSFs:           2750685
 Total number of CSFs:                     2753031

 CCSD gradient info saved on record        55555.1




 **********************************************************************************************************************************
 DATASETS  * FILE   NREC   LENGTH (MB)   RECORD NAMES
              1      21     7987.94       500      610      700      900      950      970     1000      129      960     1100   
                                          VAR    BASINP    GEOM    SYMINP    ZMAT    AOBASIS   BASIS     P2S    ABASIS      S 
                                         1400     1410     1200     1210     1080     1600     1650     1300     1700     1380   
                                           T        V       H0       H01     AOSYM     SMH    MOLCAS    ERIS     OPER     JKOP   
                                        55555   
                                         CCSD   

              2       5        5.44       700     1000      520     2100     8500   
                                         GEOM     BASIS   MCVARS     RHF     CPHF   

 PROGRAMS   *        TOTAL      CCSD    HF-SCF       INT
 CPU TIMES  *      9018.37   7360.96   1187.61    469.53
 REAL TIME  *      1419.32 SEC
 DISK USED  *        23.92 GB
 **********************************************************************************************************************************


 PROGRAM * OPT (Geometry optimization)     Authors: F. Eckert and H.-J. Werner


 *** Long output written to logfile /scratch/vol1/asmola/Methanol/MolPro/RunMolPro/CH3OH_ReactionPath_AUG-PVTZ.log ***


 Geometry optimization using default procedure for command CCSD

 Geometry written to block  1 of record 700

 Optimized active variables along the reaction path will be saved in file ch3oh_path_vtz.act

 Numerically approximating hessian using central gradient differences

 Task list generated. Total number of displacements:     24

    5 tasks completed, CPU=17h 46m 48s Elapsed=2h 41m 19s
   10 tasks completed, CPU=1d 11h 2m 20s Elapsed=5h 19m 36s
   15 tasks completed, CPU=2d 5h 0m 57s Elapsed=8h 4m 13s
   20 tasks completed, CPU=2d 22h 11m 13s Elapsed=10h 42m 26s

 Numerical CCSD hessian completed. CPU-time:510431.81 sec, Elapsed:104696.48 sec

 CCSD hessian saved to record  5300.2

 Combined Powell-Murtagh-Sargent Update of Hessian

 Quadratic Steepest Descent -  Reaction Path Following using exact Hessian

 Hessian eigenvalues:     0.053150  0.153947  0.167278  0.173623  0.238311  0.267702  0.315105  0.337935  0.352509  0.365873
                          0.457705  0.550069

 QSDPATH1: Starting point is not a critical point.
 Performing a regular QSD step. Stepsize =  0.082453    Curvature =  0.25990D+02

 ITER.   ENERGY(OLD)    ENERGY(NEW)      DE          GRADMAX     GRADNORM    GRADRMS     STEPMAX     STEPLEN     STEPRMS   CPU-time
   1  -115.57451039  -115.57453326    -0.00002287  0.00280357  0.00426332  0.00123071  0.00866456  1.00000000  0.08333333 518249.17

 Hessian eigenvalues:     0.053150  0.154011  0.167278  0.173831  0.238916  0.267702  0.315110  0.337935  0.352736  0.365883
                          0.459774  0.551233

 Performing a regular QSD step. Stepsize =  0.075178    Curvature =  0.25240D+04
   2  -115.57453326  -115.57453326    -0.00000000  0.00003866  0.00004726  0.00001364  0.00011959  1.00000000  0.08333333 528895.87

 Hessian eigenvalues:     0.053150  0.154039  0.167279  0.176000  0.240874  0.267703  0.315116  0.337940  0.353265  0.366093
                          0.460930  0.553066

 Performing a regular QSD step. Stepsize =  0.075006    Curvature =  0.14626D+06
   3  -115.57453326  -115.57453325     0.00000000  0.00000077  0.00000103  0.00000030  0.00000279  1.00000000  0.08333333 539762.73

 END OF GEOMETRY OPTIMIZATION.

 Optimized variables
 RCO=                 1.41898238 ANGSTROM
 ROH=                 0.95304720 ANGSTROM
 ACOH=              108.98827283 DEGREE
 RCH1=                1.08958512 ANGSTROM
 AOCH1=             112.05352465 DEGREE
 AHH1=                0.00001861 DEGREE
 RCH2=                1.08936044 ANGSTROM
 AOCH2=             109.55181269 DEGREE
 AHH2=              120.38376048 DEGREE
 RCH3=                1.08936046 ANGSTROM
 AOCH3=             109.55180932 DEGREE
 AHH3=              239.61627815 DEGREE

 **********************************************************************************************************************************

 Geometry written to block  1 of record 700

 Recomputing wavefunction for reoriented structure

 Current geometry (xyz format, in Angstrom)

    6
 CCSD/AUG-CC-PVQZ  ENERGY=-115.57453325
 C          0.0000000019        0.0122489791       -0.7275318496
 O          0.0000000040       -0.0651439828        0.6893384059
 H         -0.0000000286        0.8177888629        1.0481260158
 H          0.0000002922        1.0429231139       -1.0809530793
 H          0.8855581150       -0.4863108858       -1.1198723232
 H         -0.8855584640       -0.4863103808       -1.1198722413

 **********************************************************************************************************************************


 **********************************************************************************************************************************
 DATASETS  * FILE   NREC   LENGTH (MB)   RECORD NAMES
              1      21     8304.87       500      610      700      900      950      970     1000      129      960     1100   
                                          VAR    BASINP    GEOM    SYMINP    ZMAT    AOBASIS   BASIS     P2S    ABASIS      S 
                                         1400     1410     1200     1210     1080     1600     1650     1300     1700     1380   
                                           T        V       H0       H01     AOSYM     SMH    MOLCAS    ERIS     OPER     JKOP   
                                        55555   
                                         CCSD   

              2       8        5.91       700     1000      520     2100     8500     5300     9001     5500   
                                         GEOM     BASIS   MCVARS     RHF     CPHF     HESS    DEN_MP2   HINFO   

 PROGRAMS   *        TOTAL      OPTG      CCSD    HF-SCF       INT
 CPU TIMES  *    555619.51 546601.14   7360.96   1187.61    469.53
 REAL TIME  *    111830.12 SEC
 DISK USED  *        27.85 GB
 **********************************************************************************************************************************

 CCSD/aug-cc-pVQZ//CCSD/aug-cc-pVQZ energy=   -115.574533256430

      OPTG(CCSD)            CCSD          HF-SCF
   -115.57453326   -115.57451039   -115.09811662
 **********************************************************************************************************************************
 Molpro calculation terminated
