 "MMM"   1.42339763   0.95574417   1.09110695   1.09077122   1.09077122   108.78749259   112.03565564   109.48457893   109.48457893   0.00000000   120.37886876   239.62113124   120.00000000
 "MMM"   1.42343837   0.95577214   1.09110630   1.09042683   1.09106615   108.77584702   112.03468036   109.18265235   109.77627231   5.00000000   125.24010549   244.47148842   124.90386464
 "MMM"   1.42325726   0.95587586   1.09118289   1.08997677   1.09150669   108.75351839   112.03006265   108.88148232   110.05960101   10.00000000   130.09692512   249.30921291   129.80204601
 "MMM"   1.42298658   0.95604155   1.09129980   1.08955066   1.09191473   108.71659412   112.02062722   108.57851614   110.33436006   15.00000000   134.95133560   254.13288733   134.69474097
 "MMM"   1.42262898   0.95625888   1.09145789   1.08915547   1.09227930   108.66902815   112.01067038   108.28812024   110.58653327   20.00000000   139.80969993   258.94737827   139.58569273
 "MMM"   1.42212752   0.95650977   1.09166003   1.08881415   1.09261365   108.61700124   111.99783461   108.01137404   110.82470021   25.00000000   144.66253785   263.74771091   144.47008292
 "MMM"   1.42159521   0.95678202   1.09188754   1.08852218   1.09288428   108.55941198   111.98571360   107.75180173   111.04085266   30.00000000   149.51461380   268.53729934   149.35063771
 "MMM"   1.42108435   0.95705734   1.09212675   1.08828211   1.09307708   108.50195343   111.97556274   107.51417971   111.23307830   35.00000000   154.36648664   273.31834913   154.22827859
 "MMM"   1.42060932   0.95731891   1.09236772   1.08809731   1.09319798   108.44863439   111.96661152   107.30614484   111.40070993   40.00000000   159.21765850   278.09618423   159.10461424
 "MMM"   1.42018880   0.95755015   1.09259914   1.08796680   1.09325502   108.40227639   111.95614729   107.12875163   111.54540119   45.00000000   164.07002842   282.87525373   163.98176072
 "MMM"   1.41986165   0.95773597   1.09280960   1.08788903   1.09324054   108.36722971   111.94206046   106.98492439   111.66827414   50.00000000   168.92490995   287.66225786   168.86238927
 "MMM"   1.41963598   0.95786519   1.09299036   1.08786312   1.09316679   108.34486185   111.92083729   106.87941228   111.77182171   55.00000000   173.78727678   292.46554423   173.75094034
 "MMM"   1.41952655   0.95792827   1.09313308   1.08788930   1.09303502   108.33750150   111.88939955   106.81487926   111.85750063   60.00000000   178.66127460   297.29332389   178.65153283
 "MMM"   1.41953211   0.95792036   1.09323148   1.08796743   1.09285499   108.34577003   111.84373197   106.79462747   111.92752706   65.00000000   183.55189736   302.15507777   183.56899171
 "MMM"   1.41965962   0.95784088   1.09327956   1.08809146   1.09263466   108.36911678   111.77897491   106.82061692   111.98416160   70.00000000   188.46420246   307.06037474   188.50819240
 "MMM"   1.41989828   0.95769441   1.09327143   1.08825981   1.09238686   108.40671505   111.68934299   106.89579039   112.02939727   75.00000000   193.40261108   312.02059840   193.47440316
 "MMM"   1.42025749   0.95749111   1.09320657   1.08846866   1.09211693   108.45344530   111.57232517   107.01916466   112.06379566   80.00000000   198.37380525   317.04304360   198.47228295
 "MMM"   1.42068841   0.95723780   1.09308423   1.08869926   1.09184869   108.51144161   111.42510425   107.18936723   112.08930886   85.00000000   203.37789874   322.13233277   203.50341051
 "MMM"   1.42118945   0.95695497   1.09289651   1.08895732   1.09158897   108.57226248   111.24220331   107.40824882   112.10667450   90.00000000   208.41942116   327.29737849   208.57226655
 "MMM"   1.42172035   0.95666074   1.09264777   1.08922937   1.09136087   108.63185009   111.02581716   107.67193955   112.11457690   95.00000000   213.49851426   332.53693919   213.67848448
 "MMM"   1.42225164   0.95637742   1.09234197   1.08952191   1.09116920   108.68689107   110.77500027   107.97816804   112.11627180   100.00000000   218.61025873   337.84945976   218.81990616
 "MMM"   1.42274639   0.95612647   1.09198696   1.08983175   1.09102091   108.73364862   110.49195049   108.32017214   112.11109755   105.00000000   223.74966632   343.22749641   223.99238758
 "MMM"   1.42317873   0.95592868   1.09158982   1.09015777   1.09091828   108.76711254   110.18061017   108.68609886   112.09537073   110.00000000   228.90829795   348.65760355   229.18863383
 "MMM"   1.42333776   0.95578144   1.09119216   1.09040214   1.09100928   108.77735396   109.85425710   109.07114307   112.06752021   115.00000000   234.07213210   354.11218532   234.39477247
 "MMM"   1.42342022   0.95572895   1.09078833   1.09073804   1.09104763   108.78416397   109.51077922   109.45617987   112.03800423   120.00000000   239.23210593   359.58387082   239.60532559
 "MMM"   1.42336302   0.95575782   1.09038072   1.09106960   1.09114233   108.77470664   109.16140598   109.83423933   112.00400251   125.00000000   244.37516507   365.04610825   244.80709111
 "MMM"   1.42317311   0.95586537   1.08998008   1.09139193   1.09128539   108.74976569   108.81457048   110.19446989   111.96828194   130.00000000   249.49015870   370.47790730   249.98935533
 "MMM"   1.42286785   0.95604247   1.08959706   1.09169880   1.09146743   108.71115691   108.47810923   110.52739372   111.93374638   135.00000000   254.56892782   375.86217895   255.14370226
 "MMM"   1.42245564   0.95627344   1.08923865   1.09199197   1.09167849   108.66291239   108.15805039   110.82660026   111.90448660   140.00000000   259.60272759   381.18327465   260.26200075
 "MMM"   1.42197244   0.95654039   1.08891392   1.09226095   1.09190797   108.60807319   107.86095869   111.08783396   111.88227249   145.00000000   264.59065110   386.43479728   265.34181613
 "MMM"   1.42147306   0.95682435   1.08862441   1.09249780   1.09214055   108.55010980   107.59322917   111.30803321   111.86887240   150.00000000   269.53284118   391.61184179   270.38156099
 "MMM"   1.42099044   0.95710492   1.08837426   1.09269667   1.09236622   108.49328795   107.35942794   111.48740214   111.86375380   155.00000000   274.43466619   396.71614550   275.38360390
 "MMM"   1.42054661   0.95736277   1.08816662   1.09285359   1.09257664   108.44177094   107.16318335   111.62779474   111.86536700   160.00000000   279.30316429   401.75250664   280.35189031
 "MMM"   1.42017786   0.95758211   1.08800292   1.09297191   1.09275660   108.39847309   107.00741805   111.73147532   111.87094538   165.00000000   284.14610528   406.72619965   285.29076831
 "MMM"   1.41990168   0.95774957   1.08788443   1.09305003   1.09289957   108.36543473   106.89359821   111.80328318   111.87684630   170.00000000   288.97277753   411.64754473   290.20677409
 "MMM"   1.41973971   0.95785461   1.08781175   1.09308076   1.09300124   108.34455734   106.82476962   111.84757227   111.87857129   175.00000000   293.79516471   416.52671580   295.10729350
 "MMM"   1.41968212   0.95788961   1.08778793   1.09306438   1.09306285   108.33774145   106.80184419   111.87093210   111.87071444   180.00000000   298.62473198   421.37533357   300.00002185
 "MMM"   1.41974070   0.95785358   1.08781218   1.09300284   1.09307926   108.34492900   106.82499722   111.87879914   111.84738321   185.00000000   303.47328883   426.20495427   304.89274770
 "MMM"   1.41991216   0.95774857   1.08788434   1.09289822   1.09304981   108.36576591   106.89386127   111.87693635   111.80276939   190.00000000   308.35254882   431.02739485   309.79331455
 "MMM"   1.42018682   0.95758011   1.08800303   1.09275267   1.09297722   108.39946092   107.00705841   111.87125632   111.73139526   195.00000000   313.27348720   435.85533744   314.70960821
 "MMM"   1.42055360   0.95736049   1.08816860   1.09257631   1.09285684   108.44348195   107.16349339   111.86541012   111.62791975   200.00000000   318.24747030   440.69769263   319.64838764
 "MMM"   1.42098074   0.95710092   1.08838005   1.09237376   1.09269579   108.49595977   107.36037434   111.86416613   111.48800072   205.00000000   323.28319077   445.56565943   324.61628340
 "MMM"   1.42144949   0.95681923   1.08863382   1.09215301   1.09249663   108.55315900   107.59465763   111.87000852   111.30865093   210.00000000   328.38787748   450.46821865   329.61869871
 "MMM"   1.42193519   0.95653437   1.08892602   1.09192213   1.09226175   108.61136549   107.86259261   111.88425761   111.08799762   215.00000000   333.56578233   455.41167586   334.65915273
 "MMM"   1.42240353   0.95626665   1.08925314   1.09169247   1.09199666   108.66641461   108.15948568   111.90705599   110.82614512   220.00000000   338.81744569   460.39989552   339.73911374
 "MMM"   1.42281719   0.95603675   1.08961080   1.09148034   1.09170504   108.71396463   108.47855379   111.93549039   110.52581386   225.00000000   344.13891399   465.43340203   344.85743868
 "MMM"   1.42311954   0.95585969   1.08999459   1.09129798   1.09139744   108.75260008   108.81558574   111.96938795   110.19299551   230.00000000   349.52223176   470.51109065   350.01110747
 "MMM"   1.42330593   0.95575238   1.09039437   1.09115561   1.09107501   108.77763845   109.16248217   112.00503093   109.83357510   235.00000000   354.95354681   475.62619157   355.19324613
 "MMM"   1.42336216   0.95572390   1.09080043   1.09106202   1.09074309   108.78701584   109.51140085   112.03905400   109.45656545   240.00000000   360.41505243   480.76949989   360.39485077
 "MMM"   1.42328084   0.95577686   1.09120258   1.09102463   1.09040728   108.78007442   109.85468333   112.06863107   109.07202972   245.00000000   365.88637802   485.92951184   365.60529662
 "MMM"   1.42306754   0.95590719   1.09158983   1.09104725   1.09007286   108.75735708   110.18461140   112.09125685   108.69097421   250.00000000   371.34593681   491.09368671   370.81320784
 "MMM"   1.42274558   0.95610466   1.09194954   1.09112809   1.08974516   108.72022248   110.49234293   112.10611316   108.32529434   255.00000000   376.77274954   496.25074651   376.00783202
 "MMM"   1.42233361   0.95635301   1.09227430   1.09126550   1.08942713   108.67193993   110.77396283   112.11163946   107.98385161   260.00000000   382.14951641   501.38882088   381.17944576
 "MMM"   1.42185176   0.95663064   1.09255733   1.09145340   1.08912391   108.61748434   111.02413324   112.11046971   107.67830215   265.00000000   387.46238180   506.50028502   386.32088894
 "MMM"   1.42135112   0.95691953   1.09279359   1.09168653   1.08883396   108.55832394   111.24013583   112.09941525   107.41054265   270.00000000   392.70288375   511.57743323   391.42677233
 "MMM"   1.42087216   0.95719807   1.09297299   1.09194198   1.08856983   108.49985253   111.42104847   112.08093567   107.18893665   275.00000000   397.86764754   516.61896058   396.49553604
 "MMM"   1.42044244   0.95744658   1.09309393   1.09220274   1.08833889   108.44636274   111.56823155   112.05487540   107.01619265   280.00000000   402.95897451   521.62489238   401.52795563
 "MMM"   1.42009975   0.95765052   1.09315761   1.09246361   1.08813623   108.40021230   111.68342697   112.02026122   106.89226441   285.00000000   407.98067286   526.59643418   406.52570235
 "MMM"   1.41986754   0.95779756   1.09316331   1.09270817   1.08796976   108.36423379   111.77117208   111.97450998   106.81738586   290.00000000   412.94046638   531.53658267   411.49234968
 "MMM"   1.41973610   0.95787766   1.09311811   1.09292561   1.08784749   108.34247020   111.83529377   111.91859749   106.79117871   295.00000000   417.84689775   536.45077679   416.43255818
 "MMM"   1.41972602   0.95788748   1.09302330   1.09310340   1.08777167   108.33508782   111.88068847   111.84890285   106.81172065   300.00000000   422.70882702   541.34238475   421.35040392
 "MMM"   1.41982606   0.95782688   1.09288639   1.09323442   1.08774691   108.34321572   111.91197565   111.76399757   106.87674222   305.00000000   427.53651641   546.21690447   426.25114029
 "MMM"   1.42003526   0.95770078   1.09271317   1.09330909   1.08777546   108.36602354   111.93351596   111.66143824   106.98310723   310.00000000   432.33968170   551.07936286   431.13968152
 "MMM"   1.42034008   0.95751761   1.09251196   1.09332170   1.08785912   108.40206917   111.94911000   111.53919635   107.12753622   315.00000000   437.12717850   555.93424717   436.02047522
 "MMM"   1.42072313   0.95728896   1.09229115   1.09326724   1.08799888   108.44899866   111.96168505   111.39531127   107.30664696   320.00000000   441.90679873   560.78530504   440.89736792
 "MMM"   1.42116039   0.95703000   1.09206299   1.09314524   1.08819334   108.50351855   111.97348527   111.22906504   107.51650243   325.00000000   446.68557196   565.63555173   445.77370790
 "MMM"   1.42162725   0.95675730   1.09183655   1.09295521   1.08844125   108.56165531   111.98521928   111.03978739   107.75310738   330.00000000   451.46835372   570.48715149   450.65183507
 "MMM"   1.42208800   0.95648757   1.09162370   1.09270208   1.08874080   108.61988858   111.99694524   110.82803759   108.01221007   335.00000000   456.25904450   575.34119994   455.53341482
 "MMM"   1.42252141   0.95623893   1.09143310   1.09238984   1.08908611   108.67334443   112.00825886   110.59360858   108.28896434   340.00000000   461.05995930   580.19790968   460.41928966
 "MMM"   1.42288962   0.95602646   1.09127530   1.09202697   1.08947243   108.71895457   112.01851986   110.33912854   108.57906722   345.00000000   465.87410675   585.05702941   465.31037872
 "MMM"   1.42316415   0.95586354   1.09115806   1.09162745   1.08988844   108.75452751   112.02711038   110.06791293   108.87829924   350.00000000   470.69974415   589.91591866   470.20522094
 "MMM"   1.42334348   0.95576204   1.09108494   1.09119776   1.09032594   108.77662044   112.03309901   109.78113274   109.18154073   355.00000000   475.53552986   594.77209776   475.10254254
 "MMM"   1.42340058   0.95572709   1.09106097   1.09075452   1.09077231   108.78434808   112.03552051   109.48407888   109.48426239   360.00000000   480.38010322   599.62336254   480.00115525
