 "MMM"   1.42339479   0.95574310   1.09109758   1.09077745   1.09077745   108.78884104   112.03560253   109.48475915   109.48475992   0.00000000   120.37879857   239.62119773   120.00000000
 "MMM"   1.42333900   0.95578014   1.09112530   1.09032413   1.09122883   108.78093360   112.03315683   109.18215337   109.77875315   5.00000000   125.23265819   244.46778523   124.90014781
 "MMM"   1.42319177   0.95588368   1.09119031   1.08987767   1.09165651   108.75711285   112.02507735   108.87664556   110.06526696   10.00000000   130.08748976   249.30273351   129.79674109
 "MMM"   1.42292521   0.95604871   1.09130659   1.08945571   1.09205733   108.72124088   112.01564803   108.57707649   110.33646635   15.00000000   134.94659566   254.12883254   134.69180940
 "MMM"   1.42257547   0.95626321   1.09146007   1.08906394   1.09241725   108.67594151   112.00511910   108.28624934   110.59018213   20.00000000   139.80536099   258.94226181   139.58254093
 "MMM"   1.42238599   0.95651569   1.09157547   1.08877501   1.09261875   108.59810165   111.98221151   108.00761659   110.81401899   25.00000000   144.65727241   263.75368747   144.47031996
 "MMM"   1.42173181   0.95677789   1.09184309   1.08842835   1.09294946   108.56095767   111.98356234   107.74916139   111.03513285   30.00000000   149.51487433   268.53270351   149.34919261
 "MMM"   1.42127306   0.95705085   1.09206609   1.08818618   1.09313319   108.50080648   111.97202729   107.51266075   111.22489994   35.00000000   154.36514897   273.31512405   154.22675768
 "MMM"   1.42082965   0.95730972   1.09229421   1.08799623   1.09325578   108.44524954   111.96066409   107.30318567   111.39178498   40.00000000   159.21449967   278.09407685   159.10285884
 "MMM"   1.42044460   0.95753875   1.09251267   1.08785832   1.09331275   108.39756195   111.94803905   107.12442641   111.53584027   45.00000000   164.06506388   282.87367181   163.97957856
 "MMM"   1.42013445   0.95772250   1.09271461   1.08777601   1.09330270   108.36104453   111.93230759   106.98018944   111.65865350   50.00000000   168.91961321   287.66101393   168.86020905
 "MMM"   1.41992187   0.95784900   1.09288815   1.08774784   1.09323051   108.33797703   111.91049321   106.87395706   111.76175389   55.00000000   173.78185930   292.46402534   173.74862821
 "MMM"   1.41988392   0.95788436   1.09272760   1.08746923   1.09372377   108.31184031   112.00901542   106.95588163   111.57144282   60.00000000   180.00000000   297.99205197   179.33068399
 "MMM"   1.41983585   0.95789991   1.09311807   1.08784783   1.09292379   108.33682424   111.83284996   106.78831389   111.91730976   65.00000000   183.54738169   302.15360013   183.56699394
 "MMM"   1.41996761   0.95781950   1.09316225   1.08797022   1.09270715   108.35866921   111.76823868   106.81452141   111.97397435   70.00000000   188.46049404   307.05951489   188.50666964
 "MMM"   1.42020092   0.95767148   1.09315412   1.08813388   1.09246694   108.39413915   111.68025555   106.88988261   112.01957838   75.00000000   193.39928955   312.01828644   193.47252533
 "MMM"   1.42053865   0.95746673   1.09308740   1.08833363   1.09221310   108.44069458   111.56462661   107.01378966   112.05447338   80.00000000   198.37090099   317.03985237   198.47025112
 "MMM"   1.42096545   0.95721663   1.09296445   1.08856818   1.09194692   108.49529708   111.41756676   107.18677077   112.08041978   85.00000000   203.37659598   322.13055122   203.50238240
 "MMM"   1.42144919   0.95693774   1.09278308   1.08882930   1.09169172   108.55449842   111.23662722   107.40745934   112.09808305   90.00000000   208.41819081   327.29500812   208.57106631
 "MMM"   1.42194765   0.95665027   1.09255183   1.08911607   1.09145929   108.61592755   111.02033119   107.67253175   112.10808625   95.00000000   213.49508801   332.53416789   213.67641863
 "MMM"   1.42240729   0.95637589   1.09228361   1.08942458   1.09126918   108.67510654   110.76934548   107.97946230   112.11054845   100.00000000   218.60454358   337.84651488   218.81701949
 "MMM"   1.42279802   0.95613044   1.09196683   1.08975419   1.09113548   108.72280564   110.48931642   108.32094101   112.10365164   105.00000000   223.74369698   343.22339399   223.98903032
 "MMM"   1.42310537   0.95593073   1.09160721   1.09008771   1.09106082   108.76044305   110.18162084   108.68846646   112.09029018   110.00000000   228.90337623   348.65293525   229.18543716
 "MMM"   1.42331470   0.95579817   1.09121698   1.09042174   1.09104478   108.78311648   109.85319423   109.07059185   112.06784888   115.00000000   234.06890024   354.11301195   234.39397073
 "MMM"   1.42340384   0.95573555   1.09088542   1.09057777   1.09118749   108.78536104   109.45982339   109.55163722   111.99490799   120.00000000   239.43203874   360.00000000   239.81067958
 "MMM"   1.42334491   0.95577308   1.09039748   1.09108518   1.09118675   108.77877202   109.16085461   109.83176630   112.00324143   125.00000000   244.37502926   365.04808841   244.80770589
 "MMM"   1.42317161   0.95588311   1.08999011   1.09140407   1.09133090   108.75252499   108.81263476   110.19220272   111.96582006   130.00000000   249.49062630   370.48046065   249.99036232
 "MMM"   1.42287827   0.95606388   1.08959969   1.09170966   1.09151512   108.71325009   108.47533919   110.52531972   111.93052893   135.00000000   254.56903722   375.86404334   255.14436018
 "MMM"   1.42274414   0.95629098   1.08925126   1.09194352   1.09159725   108.64707501   108.15475791   110.81504385   111.88643364   140.00000000   259.61012493   381.18584451   260.26532315
 "MMM"   1.42207229   0.95656002   1.08890609   1.09224749   1.09192235   108.60872235   107.85844050   111.08387828   111.88057386   145.00000000   264.58878239   386.43558893   265.34145711
 "MMM"   1.42160058   0.95684379   1.08862174   1.09247823   1.09214139   108.54728041   107.59111886   111.30412196   111.86642268   150.00000000   269.53229713   391.61333459   270.38187724
 "MMM"   1.42113124   0.95712617   1.08837455   1.09267730   1.09236107   108.48841031   107.35727836   111.48357865   111.86055477   155.00000000   274.43497333   396.71768907   275.38422080
 "MMM"   1.42069588   0.95738665   1.08816814   1.09284037   1.09256604   108.43550414   107.16076069   111.62358534   111.86198158   160.00000000   279.30350256   401.75312511   280.35220922
 "MMM"   1.42033693   0.95760821   1.08800469   1.09295997   1.09274196   108.39082984   107.00440353   111.72714323   111.86743529   165.00000000   284.14583934   406.72678219   285.29087384
 "MMM"   1.42007295   0.95777764   1.08788486   1.09303461   1.09288461   108.35710661   106.89053033   111.79842042   111.87344316   170.00000000   288.97240243   411.64756294   290.20665512
 "MMM"   1.41990612   0.95788318   1.08781288   1.09306451   1.09298812   108.33616509   106.82155317   111.84321926   111.87495217   175.00000000   293.79486180   416.52691701   295.10725960
 "MMM"   1.41984949   0.95791906   1.08778882   1.09304877   1.09304877   108.32906366   106.79844146   111.86679427   111.86679532   180.00000000   298.62447181   421.37552723   299.99999968
 "MMM"   1.41990612   0.95788318   1.08781287   1.09298812   1.09306451   108.33616523   106.82155274   111.87495158   111.84321980   185.00000000   303.47308262   426.20513759   304.89274007
 "MMM"   1.42007295   0.95777764   1.08788486   1.09288461   1.09303462   108.35710676   106.89053027   111.87344238   111.79842067   190.00000000   308.35243566   431.02759633   309.79334399
 "MMM"   1.42033693   0.95760821   1.08800469   1.09274196   1.09295997   108.39082954   107.00440367   111.86743522   111.72714303   195.00000000   313.27321944   435.85416125   314.70912690
 "MMM"   1.42069588   0.95738665   1.08816814   1.09256604   1.09284037   108.43550460   107.16076065   111.86198175   111.62358519   200.00000000   318.24687548   440.69649764   319.64779104
 "MMM"   1.42113124   0.95712617   1.08837456   1.09236107   1.09267730   108.48841009   107.35727791   111.86055388   111.48357939   205.00000000   323.28230889   445.56502520   324.61577803
 "MMM"   1.42160058   0.95684379   1.08862174   1.09214139   1.09247823   108.54728104   107.59111874   111.86642294   111.30412147   210.00000000   328.38666489   450.46770400   329.61812296
 "MMM"   1.42207229   0.95656003   1.08890609   1.09192235   1.09224749   108.60872275   107.85844003   111.88057356   111.08387767   215.00000000   333.56441261   455.41121871   334.65854377
 "MMM"   1.42274414   0.95629098   1.08925126   1.09159725   1.09194352   108.64707549   108.15475819   111.88643378   110.81504381   220.00000000   338.81415473   460.38987493   339.73467655
 "MMM"   1.42287827   0.95606388   1.08959969   1.09151512   1.09170966   108.71325027   108.47533919   111.93052881   110.52531910   225.00000000   344.13595679   465.43096349   344.85564009
 "MMM"   1.42317161   0.95588311   1.08999011   1.09133090   1.09140407   108.75252574   108.81263525   111.96581956   110.19220277   230.00000000   349.51954125   470.50937370   350.00963832
 "MMM"   1.42334492   0.95577308   1.09039748   1.09118675   1.09108518   108.77877166   109.16085480   112.00324168   109.83176585   235.00000000   354.95191332   475.62497060   355.19229464
 "MMM"   1.42340385   0.95573555   1.09088542   1.09118749   1.09057777   108.78536137   109.45982335   111.99490838   109.55163694   240.00000000   360.00000001   480.56796201   360.18932067
 "MMM"   1.42331470   0.95579817   1.09121698   1.09104479   1.09042175   108.78311704   109.85319314   112.06784901   109.07059181   245.00000000   365.88698735   485.93110058   365.60602931
 "MMM"   1.42310538   0.95593073   1.09160721   1.09106082   1.09008771   108.76044339   110.18162192   112.09029072   108.68846591   250.00000000   371.34706693   491.09662526   370.81456406
 "MMM"   1.42279802   0.95613044   1.09196683   1.09113548   1.08975419   108.72280612   110.48931595   112.10365187   108.32094060   255.00000000   376.77660472   496.25630171   376.01096881
 "MMM"   1.42240730   0.95637589   1.09228361   1.09126919   1.08942458   108.67510576   110.76934499   112.11054844   107.97946234   260.00000000   382.15348616   501.39545729   381.18298115
 "MMM"   1.42194765   0.95665027   1.09255183   1.09145929   1.08911607   108.61592801   111.02033106   112.10808597   107.67253216   265.00000000   387.46583244   506.50491175   386.32358140
 "MMM"   1.42144919   0.95693774   1.09278308   1.09169172   1.08882930   108.55449841   111.23662725   112.09808356   107.40745867   270.00000000   392.70499240   511.58181038   391.42893426
 "MMM"   1.42096545   0.95721663   1.09296445   1.09194692   1.08856818   108.49529721   111.41756708   112.08041955   107.18677094   275.00000000   397.86944831   516.62340382   396.49761738
 "MMM"   1.42053865   0.95746673   1.09308740   1.09221310   1.08833363   108.44069450   111.56462692   112.05447337   107.01379024   280.00000000   402.96014659   521.62909724   401.52974795
 "MMM"   1.42020092   0.95767148   1.09315412   1.09246695   1.08813388   108.39413951   111.68025540   112.01957872   106.88988241   285.00000000   407.98171501   526.60071245   406.52747582
 "MMM"   1.41996761   0.95781951   1.09316225   1.09270715   1.08797022   108.35866936   111.76823875   111.97397480   106.81452137   290.00000000   412.94048530   531.53950555   411.49333028
 "MMM"   1.41983585   0.95789991   1.09311808   1.09292379   1.08784783   108.33682446   111.83284885   111.91731056   106.78831414   295.00000000   417.84639977   536.45261870   416.43300616
 "MMM"   1.41988392   0.95788436   1.09272759   1.09372377   1.08746923   108.31184095   112.00901515   111.57144320   106.95588148   300.00000000   422.00794702   540.00000000   420.66931567
 "MMM"   1.41992187   0.95784900   1.09288815   1.09323051   1.08774784   108.33797749   111.91049311   111.76175429   106.87395693   305.00000000   427.53597475   546.21814150   426.25137208
 "MMM"   1.42013446   0.95772250   1.09271461   1.09330271   1.08777601   108.36104458   111.93230702   111.65865364   106.98018915   310.00000000   432.33898694   551.08038698   431.13979131
 "MMM"   1.42044460   0.95753875   1.09251267   1.09331275   1.08785832   108.39756197   111.94803787   111.53584060   107.12442647   315.00000000   437.12632922   555.93493693   436.02042205
 "MMM"   1.42082965   0.95730972   1.09229420   1.09325578   1.08799623   108.44524889   111.96066463   111.39178561   107.30318569   320.00000000   441.90592223   560.78549987   440.89714070
 "MMM"   1.42127306   0.95705085   1.09206609   1.09313319   1.08818618   108.50080599   111.97202662   111.22490012   107.51266070   325.00000000   446.68487545   565.63485052   445.77324199
 "MMM"   1.42173181   0.95677789   1.09184309   1.09294946   1.08842836   108.56095750   111.98356113   111.03513258   107.74916160   330.00000000   451.46729511   570.48512505   450.65080672
 "MMM"   1.42238599   0.95651569   1.09157547   1.09261875   1.08877501   108.59810173   111.98221127   110.81401906   108.00761619   335.00000000   456.24631214   575.34272864   455.52968026
 "MMM"   1.42257547   0.95626321   1.09146007   1.09241725   1.08906394   108.67594119   112.00511929   110.59018213   108.28624973   340.00000000   461.05773719   580.19463879   460.41745866
 "MMM"   1.42292521   0.95604871   1.09130659   1.09205732   1.08945571   108.72124087   112.01564754   110.33646658   108.57707648   345.00000000   465.87116707   585.05340431   465.30819046
 "MMM"   1.42319178   0.95588368   1.09119031   1.09165651   1.08987767   108.75711236   112.02507651   110.06526676   108.87664563   350.00000000   470.69726610   589.91250951   470.20325853
 "MMM"   1.42333900   0.95578014   1.09112530   1.09122883   1.09032413   108.78093372   112.03315606   109.77875298   109.18215298   355.00000000   475.53221267   594.76733979   475.09985082
 "MMM"   1.42339479   0.95574310   1.09109758   1.09077745   1.09077745   108.78884104   112.03560253   109.48475915   109.48475992   360.00000000   480.37879857   599.62119773   480.00000000
